root@whale:/workspace/codes/sycl-bench/test-new-build-computecpp#  c
make .. -DSYCL_IMPL=ComputeCpp -DCMAKE_PREFIX_PATH=/tmp/ComputeCpp-l
atest
-- The C compiler identification is Clang 9.0.1
-- The CXX compiler identification is Clang 9.0.1
-- Detecting C compiler ABI info
-- Detecting C compiler ABI info - done
-- Check for working C compiler: /llvm-9.0.1/bin/clang - skipped
-- Detecting C compile features
-- Detecting C compile features - done
-- Detecting CXX compiler ABI info
-- Detecting CXX compiler ABI info - done
-- Check for working CXX compiler: /llvm-9.0.1/bin/clang++ - skipped
-- Detecting CXX compile features
-- Detecting CXX compile features - done
-- Looking for CL_VERSION_2_2
-- Looking for CL_VERSION_2_2 - found
-- Found OpenCL: /usr/lib/x86_64-linux-gnu/libOpenCL.so (found version "2.2")
-- platform - your system can support ComputeCpp
-- Found ComputeCpp: /tmp/ComputeCpp-latest (found version "CE 1.3.0")
-- compute++ flags - -O2;-mllvm;-inline-threshold=1000;-intelspirmetadata;-sycl-target;spir64
-- Configuring done
-- Generating done
-- Build files have been written to: /workspace/codes/sycl-bench/test-new-build-computecpp
root@whale:/workspace/codes/sycl-bench/test-new-build-computecpp# ma
ke -j3 matmul_wgp matmul_serial matmul_bkp matmul_hdp
Scanning dependencies of target matmul_wgp_matmul_wgp.cpp_0_ih
[ 50%] Building ComputeCpp integration header file /workspace/codes/sycl-bench/test-new-build-computecpp/matmul_wgp_matmul_wgp.cpp.sycl
remark: [Computecpp:CC0027]: Some memcpy/memset intrinsics added by
      the llvm optimizer were replaced by serial functions. This is
      a workaround for OpenCL drivers that do not support those
      intrinsics. This may impact performance, consider using
      -no-serial-memop. [-Rsycl-serial-memop]
[ 50%] Built target matmul_wgp_matmul_wgp.cpp_0_ih
Scanning dependencies of target matmul_wgp
[100%] Building CXX object CMakeFiles/matmul_wgp.dir/single-kernel/matmul_wgp.cpp.o
[100%] Linking CXX executable matmul_wgp
[100%] Built target matmul_wgp
Scanning dependencies of target matmul_serial_matmul_serial.cpp_0_ih
[ 50%] Building ComputeCpp integration header file /workspace/codes/sycl-bench/test-new-build-computecpp/matmul_serial_matmul_serial.cpp.sycl
[ 50%] Built target matmul_serial_matmul_serial.cpp_0_ih
Scanning dependencies of target matmul_serial
[ 50%] Building CXX object CMakeFiles/matmul_serial.dir/single-kernel/matmul_serial.cpp.o
[100%] Linking CXX executable matmul_serial
[100%] Built target matmul_serial
Scanning dependencies of target matmul_bkp_matmul_bkp.cpp_0_ih
[ 33%] Building ComputeCpp integration header file /workspace/codes/sycl-bench/test-new-build-computecpp/matmul_bkp_matmul_bkp.cpp.sycl
remark: [Computecpp:CC0027]: Some memcpy/memset intrinsics added by
      the llvm optimizer were replaced by serial functions. This is
      a workaround for OpenCL drivers that do not support those
      intrinsics. This may impact performance, consider using
      -no-serial-memop. [-Rsycl-serial-memop]
[ 33%] Built target matmul_bkp_matmul_bkp.cpp_0_ih
Scanning dependencies of target matmul_bkp
[ 66%] Building CXX object CMakeFiles/matmul_bkp.dir/single-kernel/matmul_bkp.cpp.o
[100%] Linking CXX executable matmul_bkp
[100%] Built target matmul_bkp
Scanning dependencies of target matmul_hdp_matmul_hdp.cpp_0_ih
[ 50%] Building ComputeCpp integration header file /workspace/codes/sycl-bench/test-new-build-computecpp/matmul_hdp_matmul_hdp.cpp.sycl
remark: [Computecpp:CC0027]: Some memcpy/memset intrinsics added by
      the llvm optimizer were replaced by serial functions. This is
      a workaround for OpenCL drivers that do not support those
      intrinsics. This may impact performance, consider using
      -no-serial-memop. [-Rsycl-serial-memop]
[ 50%] Built target matmul_hdp_matmul_hdp.cpp_0_ih
Scanning dependencies of target matmul_hdp
[ 50%] Building CXX object CMakeFiles/matmul_hdp.dir/single-kernel/matmul_hdp.cpp.o
[100%] Linking CXX executable matmul_hdp
[100%] Built target matmul_hdp
root@whale:/workspace/codes/sycl-bench/test-new-build-computecpp# LD_LIBRARY_PATH=/opt/intel/opencl_compilers_and_libraries_18.1.0.015/linux/compiler/lib/intel64_lin:$LD_LIBRARY_PATH ./matmul_bkp --size=1
024 --num-runs=1
********** Results for MatMul_BKP_fp32**********
problem-size: 1024
local-size: 1024
device-name: Tesla P100-PCIE-12GB
sycl-implementation: ComputeCpp
SYCL error: Error: [ComputeCpp:RT0100] Failed to build program (<Build log for program 0x42a2ca0 device 0 (size 65):
error   : Binary format for key='0', ident='' is not recognized


>


)
root@whale:/workspace/codes/sycl-bench/test-new-build-computecpp#  .
/matmul_bkp --size=1024 --num-runs=1
********** Results for MatMul_BKP_fp32**********
problem-size: 1024
local-size: 1024
device-name: Tesla P100-PCIE-12GB
sycl-implementation: ComputeCpp
SYCL error: Error: [ComputeCpp:RT0100] Failed to build program (<Build log for program 0x379f3e0 device 0 (size 65):
error   : Binary format for key='0', ident='' is not recognized


>


)
root@whale:/workspace/codes/sycl-bench/test-new-build-computecpp# ./matmul_bkp --size=1024 --num-runs=1
********** Results for MatMul_BKP_fp32**********
problem-size: 1024
local-size: 1024
device-name: Intel(R) Xeon(R) Gold 6134 CPU @ 3.20GHz
sycl-implementation: ComputeCpp
root@whale:/workspace/codes/sycl-bench/test-new-build-computecpp# ./matmul_bkp --size=1024 --num-runs=1
********** Results for MatMul_BKP_fp32**********
problem-size: 1024
local-size: 8192
device-name: Intel(R) Xeon(R) Gold 6134 CPU @ 3.20GHz
sycl-implementation: ComputeCpp
throughput-metric: N/A
kernel-time-mean: N/A
kernel-time-stddev: N/A
kernel-time-median: N/A
kernel-time-min: N/A
kernel-time-samples: N/A
kernel-time-throughput: N/A
run-time-mean: 0.026652 [s]
run-time-stddev: 0.000000 [s]
run-time-median: 0.026652 [s]
run-time-min: 0.026652 [s]
run-time-samples: "0.026652"
run-time-throughput: N/A
Verification: PASS
root@whale:/workspace/codes/sycl-bench/test-new-build-computecpp# ./matmul_bkp --size=1024 --num-runs=100
********** Results for MatMul_BKP_fp32**********
problem-size: 1024
local-size: 8192
device-name: Intel(R) Xeon(R) Gold 6134 CPU @ 3.20GHz
sycl-implementation: ComputeCpp
throughput-metric: N/A
kernel-time-mean: N/A
kernel-time-stddev: N/A
kernel-time-median: N/A
kernel-time-min: N/A
kernel-time-samples: N/A
kernel-time-throughput: N/A
run-time-mean: 0.026695 [s]
run-time-stddev: 0.001963 [s]
run-time-median: 0.026468 [s]
run-time-min: 0.026000 [s]
run-time-samples: "0.026000 0.026058 0.026168 0.026232 0.026234 0.026235 0.026253 0.026263 0.026270 0.026280 0.026289 0.026309 0.026309 0.026317 0.026321 0.026324 0.026329 0.026331 0.026341 0.026342 0.026347 0.026354 0.026356 0.026359 0.026362 0.026363 0.026390 0.026392 0.026394 0.026395 0.026396 0.026404 0.026404 0.026406 0.026422 0.026431 0.026434 0.026438 0.026441 0.026444 0.026445 0.026447 0.026449 0.026449 0.026454 0.026455 0.026456 0.026461 0.026466 0.026468 0.026468 0.026470 0.026473 0.026475 0.026477 0.026480 0.026482 0.026486 0.026490 0.026490 0.026497 0.026498 0.026504 0.026505 0.026507 0.026508 0.026519 0.026524 0.026527 0.026527 0.026531 0.026532 0.026532 0.026536 0.026536 0.026536 0.026540 0.026543 0.026544 0.026549 0.026551 0.026576 0.026579 0.026579 0.026583 0.026585 0.026599 0.026612 0.026634 0.026637 0.026656 0.026662 0.026674 0.026735 0.026761 0.026786 0.026787 0.027866 0.029991 0.045715"
run-time-throughput: N/A
Verification: PASS
root@whale:/workspace/codes/sycl-bench/test-new-build-computecpp# perf stat -B -e cache-references,cache-misses ./matmul_serial --size=1024 --local=32 --num-runs=100
********** Results for MatMul_Serial_fp32**********
problem-size: 1024
local-size: 32
device-name: Intel(R) Xeon(R) Gold 6134 CPU @ 3.20GHz
sycl-implementation: ComputeCpp
throughput-metric: N/A
kernel-time-mean: N/A
kernel-time-stddev: N/A
kernel-time-median: N/A
kernel-time-min: N/A
kernel-time-samples: N/A
kernel-time-throughput: N/A
run-time-mean: 4.646926 [s]
run-time-stddev: 0.002408 [s]
run-time-median: 4.646599 [s]
run-time-min: 4.644826 [s]
run-time-samples: "4.644826 4.644892 4.645081 4.645101 4.645168 4.645203 4.645238 4.645292 4.645346 4.645347 4.645388 4.645442 4.645488 4.645521 4.645526 4.645599 4.645739 4.645798 4.645863 4.645878 4.645922 4.645959 4.645979 4.645990 4.646032 4.646055 4.646077 4.646091 4.646093 4.646099 4.646104 4.646127 4.646143 4.646154 4.646178 4.646222 4.646260 4.646266 4.646285 4.646297 4.646327 4.646384 4.646385 4.646392 4.646392 4.646426 4.646465 4.646499 4.646505 4.646538 4.646599 4.646605 4.646609 4.646637 4.646637 4.646644 4.646652 4.646689 4.646724 4.646774 4.646809 4.646822 4.646830 4.646839 4.646840 4.646846 4.646850 4.646857 4.646890 4.646961 4.646983 4.647010 4.647055 4.647064 4.647065 4.647139 4.647223 4.647275 4.647287 4.647322 4.647325 4.647330 4.647462 4.647478 4.647488 4.647573 4.647606 4.647714 4.648241 4.648622 4.648687 4.648910 4.649048 4.649278 4.649318 4.650240 4.650322 4.650536 4.650924 4.667562"
run-time-throughput: N/A
Verification: PASS

 Performance counter stats for './matmul_serial --size=1024 --local=32 --num-runs=100':

      107638575172      cache-references
          20914716      cache-misses              #    0.019 % of all cache refs

     465.373591267 seconds time elapsed

root@whale:/workspace/codes/sycl-bench/test-new-build-computecpp# perf stat -B -e cache-references,cache-misses ./matmul_bkp --size=1024 --local=32 --num-runs=100                                                                                                                                                                                                                                                              
********** Results for MatMul_BKP_fp32**********
problem-size: 1024
local-size: 32
device-name: Intel(R) Xeon(R) Gold 6134 CPU @ 3.20GHz
sycl-implementation: ComputeCpp
throughput-metric: N/A
kernel-time-mean: N/A
kernel-time-stddev: N/A
kernel-time-median: N/A
kernel-time-min: N/A
kernel-time-samples: N/A
kernel-time-throughput: N/A
run-time-mean: 0.026692 [s]
run-time-stddev: 0.001206 [s]
run-time-median: 0.026536 [s]
run-time-min: 0.025898 [s]
run-time-samples: "0.025898 0.026131 0.026236 0.026247 0.026248 0.026249 0.026285 0.026317 0.026319 0.026331 0.026336 0.026337 0.026345 0.026353 0.026376 0.026386 0.026400 0.026409 0.026410 0.026413 0.026414 0.026420 0.026422 0.026430 0.026430 0.026435 0.026439 0.026445 0.026448 0.026454 0.026457 0.026465 0.026468 0.026470 0.026474 0.026474 0.026478 0.026478 0.026478 0.026479 0.026487 0.026491 0.026491 0.026501 0.026511 0.026516 0.026517 0.026525 0.026530 0.026535 0.026536 0.026536 0.026539 0.026539 0.026541 0.026542 0.026549 0.026553 0.026554 0.026557 0.026559 0.026562 0.026573 0.026577 0.026582 0.026591 0.026591 0.026596 0.026596 0.026600 0.026602 0.026605 0.026614 0.026621 0.026627 0.026633 0.026638 0.026639 0.026647 0.026652 0.026655 0.026661 0.026663 0.026665 0.026665 0.026666 0.026680 0.026686 0.026715 0.026717 0.026731 0.026734 0.026734 0.026800 0.026850 0.026874 0.026969 0.027989 0.031684 0.037282"
run-time-throughput: N/A
Verification: PASS

 Performance counter stats for './matmul_bkp --size=1024 --local=32 --num-runs=100':

        4543235808      cache-references
          61518583      cache-misses              #    1.354 % of all cache refs

       4.683018168 seconds time elapsed

root@whale:/workspace/codes/sycl-bench/test-new-build-computecpp# perf stat -B -e cache-references,cache-misses ./matmul_bkp --size=1024 --num-runs=100                                                                                                                                                                                                                                                                         
********** Results for MatMul_BKP_fp32**********
problem-size: 1024
local-size: 8192
device-name: Intel(R) Xeon(R) Gold 6134 CPU @ 3.20GHz
sycl-implementation: ComputeCpp
throughput-metric: N/A
kernel-time-mean: N/A
kernel-time-stddev: N/A
kernel-time-median: N/A
kernel-time-min: N/A
kernel-time-samples: N/A
kernel-time-throughput: N/A
run-time-mean: 0.027157 [s]
run-time-stddev: 0.002648 [s]
run-time-median: 0.026626 [s]
run-time-min: 0.025731 [s]
run-time-samples: "0.025731 0.026218 0.026298 0.026350 0.026360 0.026369 0.026423 0.026432 0.026435 0.026436 0.026437 0.026447 0.026453 0.026456 0.026462 0.026474 0.026485 0.026489 0.026497 0.026507 0.026512 0.026521 0.026521 0.026524 0.026526 0.026526 0.026526 0.026529 0.026533 0.026536 0.026536 0.026542 0.026546 0.026560 0.026561 0.026564 0.026565 0.026565 0.026567 0.026567 0.026578 0.026588 0.026597 0.026600 0.026606 0.026611 0.026615 0.026616 0.026618 0.026622 0.026626 0.026640 0.026641 0.026641 0.026647 0.026649 0.026653 0.026665 0.026670 0.026687 0.026689 0.026691 0.026696 0.026710 0.026712 0.026717 0.026724 0.026729 0.026732 0.026737 0.026739 0.026745 0.026747 0.026750 0.026765 0.026780 0.026783 0.026785 0.026786 0.026787 0.026791 0.026794 0.026825 0.026831 0.026832 0.026835 0.026836 0.026846 0.026866 0.026870 0.026871 0.026876 0.026882 0.026890 0.026956 0.029870 0.035684 0.035978 0.039350 0.046062"
run-time-throughput: N/A
Verification: PASS

 Performance counter stats for './matmul_bkp --size=1024 --num-runs=100':

        4541243582      cache-references
          49253682      cache-misses              #    1.085 % of all cache refs

       4.352776080 seconds time elapsed

root@whale:/workspace/codes/sycl-bench/test-new-build-computecpp# perf stat -B -e cache-references,cache-misses ./matmul_bkp --size=1024 --num-runs=100
********** Results for MatMul_BKP_fp32**********
problem-size: 1024
local-size: 8192
device-name: Intel(R) Xeon(R) Gold 6134 CPU @ 3.20GHz
sycl-implementation: ComputeCpp
throughput-metric: N/A
kernel-time-mean: N/A
kernel-time-stddev: N/A
kernel-time-median: N/A
kernel-time-min: N/A
kernel-time-samples: N/A
kernel-time-throughput: N/A
run-time-mean: 0.027176 [s]
run-time-stddev: 0.002786 [s]
run-time-median: 0.026623 [s]
run-time-min: 0.026149 [s]
run-time-samples: "0.026149 0.026223 0.026305 0.026356 0.026394 0.026395 0.026397 0.026409 0.026415 0.026417 0.026421 0.026430 0.026432 0.026432 0.026434 0.026452 0.026456 0.026461 0.026465 0.026480 0.026480 0.026484 0.026489 0.026491 0.026492 0.026494 0.026511 0.026511 0.026513 0.026524 0.026527 0.026527 0.026529 0.026530 0.026531 0.026539 0.026539 0.026539 0.026553 0.026554 0.026557 0.026565 0.026572 0.026581 0.026592 0.026597 0.026598 0.026609 0.026612 0.026616 0.026623 0.026633 0.026637 0.026644 0.026650 0.026650 0.026651 0.026656 0.026658 0.026675 0.026685 0.026686 0.026686 0.026690 0.026693 0.026695 0.026707 0.026720 0.026731 0.026735 0.026739 0.026756 0.026757 0.026761 0.026770 0.026795 0.026810 0.026829 0.026832 0.026835 0.026840 0.026847 0.026866 0.026886 0.026897 0.026958 0.026960 0.026965 0.026990 0.027006 0.027047 0.027067 0.027104 0.027120 0.027186 0.027329 0.033993 0.037456 0.043260 0.045224"
run-time-throughput: N/A
Verification: PASS

 Performance counter stats for './matmul_bkp --size=1024 --num-runs=100':

        4487084120      cache-references
          51468823      cache-misses              #    1.147 % of all cache refs

       4.428007528 seconds time elapsed

root@whale:/workspace/codes/sycl-bench/test-new-build-computecpp# perf stat -B -e cache-references,cache-misses ./matmul_bkp --size=1024 --num-runs=100
********** Results for MatMul_BKP_fp32**********
problem-size: 1024
local-size: 8192
device-name: Intel(R) Xeon(R) Gold 6134 CPU @ 3.20GHz
sycl-implementation: ComputeCpp
throughput-metric: N/A
kernel-time-mean: N/A
kernel-time-stddev: N/A
kernel-time-median: N/A
kernel-time-min: N/A
kernel-time-samples: N/A
kernel-time-throughput: N/A
run-time-mean: 0.027092 [s]
run-time-stddev: 0.002404 [s]
run-time-median: 0.026596 [s]
run-time-min: 0.025678 [s]
run-time-samples: "0.025678 0.025781 0.025919 0.026109 0.026320 0.026355 0.026374 0.026380 0.026386 0.026394 0.026401 0.026422 0.026435 0.026450 0.026452 0.026462 0.026467 0.026475 0.026480 0.026482 0.026486 0.026495 0.026496 0.026497 0.026498 0.026509 0.026530 0.026531 0.026532 0.026541 0.026544 0.026545 0.026545 0.026546 0.026548 0.026554 0.026555 0.026558 0.026558 0.026558 0.026560 0.026563 0.026565 0.026568 0.026570 0.026580 0.026581 0.026586 0.026592 0.026594 0.026596 0.026599 0.026600 0.026616 0.026618 0.026629 0.026636 0.026638 0.026658 0.026662 0.026668 0.026668 0.026676 0.026680 0.026689 0.026690 0.026697 0.026703 0.026706 0.026706 0.026720 0.026733 0.026734 0.026753 0.026766 0.026767 0.026770 0.026777 0.026778 0.026802 0.026817 0.026834 0.026857 0.026862 0.026897 0.026923 0.026924 0.026936 0.026977 0.026993 0.026999 0.027046 0.027145 0.027145 0.027245 0.032399 0.032487 0.034394 0.036025 0.045908"
run-time-throughput: N/A
Verification: PASS

 Performance counter stats for './matmul_bkp --size=1024 --num-runs=100':

        4522465743      cache-references
          50303585      cache-misses              #    1.112 % of all cache refs

       4.367504360 seconds time elapsed

root@whale:/workspace/codes/sycl-bench/test-new-build-computecpp# perf stat -B -e cache-references,cache-misses ./matmul_hdp --size=1024 --local=1 --num-runs=100                                                                                                                                                                                                                                                               
********** Results for MatMul_HDP_fp32**********
problem-size: 1024
local-size: 1
device-name: Intel(R) Xeon(R) Gold 6134 CPU @ 3.20GHz
sycl-implementation: ComputeCpp
throughput-metric: N/A
kernel-time-mean: N/A
kernel-time-stddev: N/A
kernel-time-median: N/A
kernel-time-min: N/A
kernel-time-samples: N/A
kernel-time-throughput: N/A
run-time-mean: 0.256504 [s]
run-time-stddev: 0.003287 [s]
run-time-median: 0.255704 [s]
run-time-min: 0.254057 [s]
run-time-samples: "0.254057 0.254160 0.254281 0.254287 0.254449 0.254474 0.254597 0.254695 0.254715 0.254774 0.254856 0.254931 0.254964 0.255077 0.255080 0.255090 0.255112 0.255134 0.255137 0.255146 0.255146 0.255171 0.255192 0.255209 0.255222 0.255234 0.255248 0.255263 0.255281 0.255303 0.255392 0.255397 0.255414 0.255420 0.255422 0.255459 0.255474 0.255475 0.255503 0.255514 0.255518 0.255535 0.255546 0.255583 0.255629 0.255641 0.255675 0.255677 0.255684 0.255702 0.255704 0.255736 0.255737 0.255745 0.255770 0.255802 0.255824 0.255853 0.255862 0.255874 0.255892 0.255938 0.255962 0.255963 0.255972 0.256000 0.256066 0.256073 0.256085 0.256121 0.256156 0.256166 0.256197 0.256211 0.256245 0.256265 0.256352 0.256447 0.256467 0.256468 0.256523 0.256549 0.256657 0.256746 0.256802 0.256815 0.256843 0.256851 0.257069 0.257655 0.257985 0.258245 0.258616 0.258999 0.259977 0.265265 0.268116 0.270016 0.272508 0.273279"
run-time-throughput: N/A
Verification: PASS

 Performance counter stats for './matmul_hdp --size=1024 --local=1 --num-runs=100':

      104800044001      cache-references
         104985178      cache-misses              #    0.100 % of all cache refs

      27.411181840 seconds time elapsed

root@whale:/workspace/codes/sycl-bench/test-new-build-computecpp# perf stat -B -e cache-references,cache-misses ./matmul_hdp --size=1024 --local=2 --num-runs=100                                                                                                                                                                                                                                                               
********** Results for MatMul_HDP_fp32**********
problem-size: 1024
local-size: 2
device-name: Intel(R) Xeon(R) Gold 6134 CPU @ 3.20GHz
sycl-implementation: ComputeCpp
throughput-metric: N/A
kernel-time-mean: N/A
kernel-time-stddev: N/A
kernel-time-median: N/A
kernel-time-min: N/A
kernel-time-samples: N/A
kernel-time-throughput: N/A
run-time-mean: 0.254543 [s]
run-time-stddev: 0.003070 [s]
run-time-median: 0.253814 [s]
run-time-min: 0.252116 [s]
run-time-samples: "0.252116 0.252444 0.252667 0.252720 0.252857 0.252928 0.252971 0.253031 0.253101 0.253117 0.253168 0.253179 0.253187 0.253230 0.253286 0.253300 0.253402 0.253430 0.253492 0.253494 0.253501 0.253511 0.253516 0.253525 0.253548 0.253561 0.253567 0.253578 0.253578 0.253592 0.253600 0.253622 0.253632 0.253640 0.253646 0.253649 0.253650 0.253657 0.253667 0.253676 0.253683 0.253684 0.253685 0.253690 0.253707 0.253721 0.253766 0.253768 0.253772 0.253796 0.253814 0.253824 0.253838 0.253846 0.253860 0.253878 0.253882 0.253892 0.253894 0.253944 0.253956 0.253965 0.253972 0.253991 0.254009 0.254079 0.254097 0.254109 0.254119 0.254123 0.254139 0.254140 0.254151 0.254195 0.254229 0.254234 0.254416 0.254428 0.254442 0.254472 0.254514 0.254515 0.254533 0.254551 0.254688 0.254698 0.254717 0.254806 0.254815 0.254847 0.255008 0.255480 0.256895 0.257290 0.259084 0.260356 0.260999 0.266662 0.271343 0.272268"
run-time-throughput: N/A
Verification: PASS

 Performance counter stats for './matmul_hdp --size=1024 --local=2 --num-runs=100':

      104877929245      cache-references
          99816235      cache-misses              #    0.095 % of all cache refs

      27.164150858 seconds time elapsed

root@whale:/workspace/codes/sycl-bench/test-new-build-computecpp# perf stat -B -e cache-references,cache-misses ./matmul_hdp --size=1024 --local=4 --num-runs=100                                                                                                                                                                                                                                                               
********** Results for MatMul_HDP_fp32**********
problem-size: 1024
local-size: 4
device-name: Intel(R) Xeon(R) Gold 6134 CPU @ 3.20GHz
sycl-implementation: ComputeCpp
throughput-metric: N/A
kernel-time-mean: N/A
kernel-time-stddev: N/A
kernel-time-median: N/A
kernel-time-min: N/A
kernel-time-samples: N/A
kernel-time-throughput: N/A
run-time-mean: 0.254214 [s]
run-time-stddev: 0.003186 [s]
run-time-median: 0.253488 [s]
run-time-min: 0.251525 [s]
run-time-samples: "0.251525 0.252049 0.252133 0.252302 0.252318 0.252436 0.252448 0.252451 0.252455 0.252648 0.252678 0.252679 0.252702 0.252709 0.252715 0.252761 0.252808 0.252854 0.252880 0.252922 0.252937 0.252943 0.252984 0.252992 0.253034 0.253096 0.253168 0.253178 0.253199 0.253202 0.253206 0.253216 0.253251 0.253263 0.253290 0.253293 0.253308 0.253317 0.253318 0.253344 0.253345 0.253346 0.253361 0.253369 0.253402 0.253405 0.253408 0.253432 0.253438 0.253455 0.253488 0.253498 0.253533 0.253554 0.253565 0.253566 0.253595 0.253598 0.253598 0.253602 0.253610 0.253624 0.253627 0.253644 0.253649 0.253660 0.253664 0.253673 0.253693 0.253703 0.253717 0.253719 0.253722 0.253741 0.253758 0.253859 0.253903 0.253913 0.253933 0.254047 0.254085 0.254092 0.254262 0.254331 0.254411 0.254433 0.254497 0.254710 0.254737 0.254806 0.255164 0.255467 0.255469 0.258559 0.259608 0.263543 0.264260 0.266141 0.267780 0.272664"
run-time-throughput: N/A
Verification: PASS

 Performance counter stats for './matmul_hdp --size=1024 --local=4 --num-runs=100':

      104735390301      cache-references
         101959362      cache-misses              #    0.097 % of all cache refs

      27.168273518 seconds time elapsed

root@whale:/workspace/codes/sycl-bench/test-new-build-computecpp# perf stat -B -e cache-references,cache-misses ./matmul_hdp --size=1024 --local=8 --num-runs=100                                                                                                                                                                                                                                                               
********** Results for MatMul_HDP_fp32**********
problem-size: 1024
local-size: 8
device-name: Intel(R) Xeon(R) Gold 6134 CPU @ 3.20GHz
sycl-implementation: ComputeCpp
throughput-metric: N/A
kernel-time-mean: N/A
kernel-time-stddev: N/A
kernel-time-median: N/A
kernel-time-min: N/A
kernel-time-samples: N/A
kernel-time-throughput: N/A
run-time-mean: 0.254570 [s]
run-time-stddev: 0.003725 [s]
run-time-median: 0.253700 [s]
run-time-min: 0.252066 [s]
run-time-samples: "0.252066 0.252120 0.252143 0.252261 0.252479 0.252521 0.252534 0.252640 0.252722 0.252747 0.252826 0.252846 0.252881 0.252932 0.252941 0.252966 0.252983 0.252987 0.253023 0.253027 0.253039 0.253079 0.253086 0.253133 0.253136 0.253150 0.253183 0.253188 0.253195 0.253266 0.253288 0.253302 0.253329 0.253335 0.253355 0.253373 0.253383 0.253412 0.253459 0.253523 0.253546 0.253546 0.253553 0.253563 0.253579 0.253595 0.253630 0.253632 0.253657 0.253691 0.253700 0.253717 0.253724 0.253725 0.253775 0.253797 0.253802 0.253833 0.253900 0.253907 0.253921 0.253931 0.253941 0.253967 0.253978 0.254005 0.254016 0.254024 0.254035 0.254079 0.254082 0.254105 0.254110 0.254126 0.254134 0.254157 0.254163 0.254195 0.254237 0.254248 0.254347 0.254361 0.254400 0.254422 0.254445 0.254465 0.254536 0.254552 0.254619 0.254721 0.254890 0.255461 0.256197 0.262912 0.263279 0.264301 0.266312 0.270790 0.271467 0.272318"
run-time-throughput: N/A
Verification: PASS

 Performance counter stats for './matmul_hdp --size=1024 --local=8 --num-runs=100':

      104732236962      cache-references
         107638713      cache-misses              #    0.103 % of all cache refs

      27.183769295 seconds time elapsed

root@whale:/workspace/codes/sycl-bench/test-new-build-computecpp# perf stat -B -e cache-references,cache-misses ./matmul_hdp --size=1024 --local=16 --num-runs=100                                                                                                                                                                                                                                                              
********** Results for MatMul_HDP_fp32**********
problem-size: 1024
local-size: 16
device-name: Intel(R) Xeon(R) Gold 6134 CPU @ 3.20GHz
sycl-implementation: ComputeCpp
throughput-metric: N/A
kernel-time-mean: N/A
kernel-time-stddev: N/A
kernel-time-median: N/A
kernel-time-min: N/A
kernel-time-samples: N/A
kernel-time-throughput: N/A
run-time-mean: 0.024942 [s]
run-time-stddev: 0.002622 [s]
run-time-median: 0.024368 [s]
run-time-min: 0.024137 [s]
run-time-samples: "0.024137 0.024223 0.024230 0.024232 0.024233 0.024240 0.024249 0.024251 0.024253 0.024264 0.024269 0.024272 0.024275 0.024280 0.024284 0.024287 0.024287 0.024288 0.024288 0.024289 0.024295 0.024295 0.024297 0.024297 0.024307 0.024310 0.024311 0.024318 0.024319 0.024321 0.024321 0.024322 0.024322 0.024332 0.024333 0.024340 0.024341 0.024341 0.024342 0.024345 0.024347 0.024351 0.024356 0.024359 0.024360 0.024364 0.024366 0.024366 0.024366 0.024367 0.024368 0.024372 0.024380 0.024385 0.024385 0.024385 0.024386 0.024387 0.024390 0.024401 0.024413 0.024427 0.024428 0.024436 0.024440 0.024442 0.024446 0.024448 0.024451 0.024452 0.024452 0.024457 0.024463 0.024476 0.024483 0.024484 0.024486 0.024511 0.024513 0.024513 0.024515 0.024517 0.024544 0.024545 0.024547 0.024556 0.024558 0.024563 0.024566 0.024581 0.024608 0.024614 0.024673 0.024685 0.024688 0.030208 0.033386 0.034623 0.035541 0.043521"
run-time-throughput: N/A
Verification: PASS

 Performance counter stats for './matmul_hdp --size=1024 --local=16 --num-runs=100':

        6734133983      cache-references
          68989093      cache-misses              #    1.024 % of all cache refs

       4.249297000 seconds time elapsed

root@whale:/workspace/codes/sycl-bench/test-new-build-computecpp# perf stat -B -e cache-references,cache-misses ./matmul_hdp --size=1024 --local=32 --num-runs=100                                                                                                                                                                                                                                                              
********** Results for MatMul_HDP_fp32**********
problem-size: 1024
local-size: 32
device-name: Intel(R) Xeon(R) Gold 6134 CPU @ 3.20GHz
sycl-implementation: ComputeCpp
throughput-metric: N/A
kernel-time-mean: N/A
kernel-time-stddev: N/A
kernel-time-median: N/A
kernel-time-min: N/A
kernel-time-samples: N/A
kernel-time-throughput: N/A
run-time-mean: 0.025103 [s]
run-time-stddev: 0.002413 [s]
run-time-median: 0.024707 [s]
run-time-min: 0.024357 [s]
run-time-samples: "0.024357 0.024391 0.024420 0.024453 0.024466 0.024474 0.024488 0.024505 0.024538 0.024546 0.024556 0.024567 0.024570 0.024573 0.024579 0.024589 0.024592 0.024592 0.024599 0.024604 0.024605 0.024611 0.024616 0.024617 0.024621 0.024622 0.024624 0.024629 0.024638 0.024649 0.024651 0.024654 0.024655 0.024656 0.024656 0.024658 0.024659 0.024663 0.024664 0.024665 0.024666 0.024673 0.024675 0.024681 0.024687 0.024696 0.024697 0.024700 0.024706 0.024707 0.024707 0.024708 0.024712 0.024714 0.024721 0.024722 0.024731 0.024734 0.024735 0.024738 0.024749 0.024753 0.024770 0.024775 0.024776 0.024777 0.024783 0.024796 0.024796 0.024799 0.024807 0.024816 0.024819 0.024830 0.024834 0.024840 0.024861 0.024866 0.024871 0.024886 0.024905 0.024918 0.024927 0.024933 0.024940 0.024940 0.024945 0.024969 0.024975 0.025043 0.025045 0.025099 0.025107 0.025181 0.025224 0.025230 0.026066 0.026720 0.041544 0.042021"
run-time-throughput: N/A
Verification: PASS

 Performance counter stats for './matmul_hdp --size=1024 --local=32 --num-runs=100':

        6695203094      cache-references
          70109423      cache-misses              #    1.047 % of all cache refs

       4.245393823 seconds time elapsed

root@whale:/workspace/codes/sycl-bench/test-new-build-computecpp# perf stat -B -e cache-references,cache-misses ./matmul_hdp --size=1024 --local=64 --num-runs=100                                                                                                                                                                                                                                                              
********** Results for MatMul_HDP_fp32**********
problem-size: 1024
local-size: 64
device-name: Intel(R) Xeon(R) Gold 6134 CPU @ 3.20GHz
sycl-implementation: ComputeCpp
throughput-metric: N/A
kernel-time-mean: N/A
kernel-time-stddev: N/A
kernel-time-median: N/A
kernel-time-min: N/A
kernel-time-samples: N/A
kernel-time-throughput: N/A
run-time-mean: 0.026378 [s]
run-time-stddev: 0.001559 [s]
run-time-median: 0.026046 [s]
run-time-min: 0.025403 [s]
run-time-samples: "0.025403 0.025451 0.025472 0.025480 0.025577 0.025577 0.025601 0.025602 0.025605 0.025611 0.025615 0.025641 0.025641 0.025657 0.025661 0.025661 0.025664 0.025673 0.025686 0.025689 0.025690 0.025704 0.025712 0.025715 0.025717 0.025720 0.025725 0.025730 0.025739 0.025742 0.025751 0.025767 0.025771 0.025780 0.025810 0.025816 0.025872 0.025884 0.025884 0.025899 0.025916 0.025918 0.025935 0.025961 0.025969 0.025996 0.026002 0.026017 0.026019 0.026029 0.026046 0.026053 0.026061 0.026081 0.026090 0.026101 0.026107 0.026108 0.026149 0.026151 0.026167 0.026194 0.026220 0.026265 0.026325 0.026359 0.026376 0.026384 0.026388 0.026425 0.026434 0.026446 0.026476 0.026499 0.026516 0.026519 0.026530 0.026531 0.026535 0.026545 0.026548 0.026557 0.026586 0.026631 0.026718 0.026722 0.026785 0.027094 0.027119 0.027350 0.027468 0.027484 0.027543 0.027545 0.027681 0.027689 0.027698 0.027737 0.034575 0.038054"
run-time-throughput: N/A
Verification: PASS

 Performance counter stats for './matmul_hdp --size=1024 --local=64 --num-runs=100':

        6700791347      cache-references
          68969024      cache-misses              #    1.029 % of all cache refs

       4.432765562 seconds time elapsed

root@whale:/workspace/codes/sycl-bench/test-new-build-computecpp# perf stat -B -e cache-references,cache-misses ./matmul_hdp --size=1024 --local=128 --num-runs=100                                                                                                                                                                                                                                                             
********** Results for MatMul_HDP_fp32**********
problem-size: 1024
local-size: 128
device-name: Intel(R) Xeon(R) Gold 6134 CPU @ 3.20GHz
sycl-implementation: ComputeCpp
VERIFICATION FAILED for element 0,0: 0.000000 != 1.000000
throughput-metric: N/A
kernel-time-mean: N/A
kernel-time-stddev: N/A
kernel-time-median: N/A
kernel-time-min: N/A
kernel-time-samples: N/A
kernel-time-throughput: N/A
run-time-mean: 0.000807 [s]
run-time-stddev: 0.000000 [s]
run-time-median: 0.000807 [s]
run-time-min: 0.000807 [s]
run-time-samples: "0.000807"
run-time-throughput: N/A
Verification: FAIL

 Performance counter stats for './matmul_hdp --size=1024 --local=128 --num-runs=100':

           6453008      cache-references
           2172361      cache-misses              #   33.664 % of all cache refs

       0.185288911 seconds time elapsed

root@whale:/workspace/codes/sycl-bench/test-new-build-computecpp# perf stat -B -e cache-references,cache-misses ./matmul_hdp --size=1024 --local=256 --num-runs=100                                                                                                                                                                                                                                                             
********** Results for MatMul_HDP_fp32**********
problem-size: 1024
local-size: 256
device-name: Intel(R) Xeon(R) Gold 6134 CPU @ 3.20GHz
sycl-implementation: ComputeCpp
VERIFICATION FAILED for element 0,0: 0.000000 != 1.000000
throughput-metric: N/A
kernel-time-mean: N/A
kernel-time-stddev: N/A
kernel-time-median: N/A
kernel-time-min: N/A
kernel-time-samples: N/A
kernel-time-throughput: N/A
run-time-mean: 0.000454 [s]
run-time-stddev: 0.000000 [s]
run-time-median: 0.000454 [s]
run-time-min: 0.000454 [s]
run-time-samples: "0.000454"
run-time-throughput: N/A
Verification: FAIL

 Performance counter stats for './matmul_hdp --size=1024 --local=256 --num-runs=100':

           8654671      cache-references
           3066678      cache-misses              #   35.434 % of all cache refs

       0.219219866 seconds time elapsed

root@whale:/workspace/codes/sycl-bench/test-new-build-computecpp# perf stat -B -e cache-references,cache-misses ./matmul_hdp --size=1024 --local=512 --num-runs=100                                                                                                                                                                                                                                                             
********** Results for MatMul_HDP_fp32**********
problem-size: 1024
local-size: 512
device-name: Intel(R) Xeon(R) Gold 6134 CPU @ 3.20GHz
sycl-implementation: ComputeCpp
VERIFICATION FAILED for element 0,0: 0.000000 != 1.000000
throughput-metric: N/A
kernel-time-mean: N/A
kernel-time-stddev: N/A
kernel-time-median: N/A
kernel-time-min: N/A
kernel-time-samples: N/A
kernel-time-throughput: N/A
run-time-mean: 0.000468 [s]
run-time-stddev: 0.000000 [s]
run-time-median: 0.000468 [s]
run-time-min: 0.000468 [s]
run-time-samples: "0.000468"
run-time-throughput: N/A
Verification: FAIL

 Performance counter stats for './matmul_hdp --size=1024 --local=512 --num-runs=100':

           6814328      cache-references
           2325071      cache-misses              #   34.120 % of all cache refs

       0.193438163 seconds time elapsed

root@whale:/workspace/codes/sycl-bench/test-new-build-computecpp# perf stat -B -e cache-references,cache-misses ./matmul_hdp --size=1024 --local=1024 --num-runs=100                                                                                                                                                                                                                                                            
********** Results for MatMul_HDP_fp32**********
problem-size: 1024
local-size: 1024
device-name: Intel(R) Xeon(R) Gold 6134 CPU @ 3.20GHz
sycl-implementation: ComputeCpp
VERIFICATION FAILED for element 0,0: 0.000000 != 1.000000
throughput-metric: N/A
kernel-time-mean: N/A
kernel-time-stddev: N/A
kernel-time-median: N/A
kernel-time-min: N/A
kernel-time-samples: N/A
kernel-time-throughput: N/A
run-time-mean: 0.000350 [s]
run-time-stddev: 0.000000 [s]
run-time-median: 0.000350 [s]
run-time-min: 0.000350 [s]
run-time-samples: "0.000350"
run-time-throughput: N/A
Verification: FAIL

 Performance counter stats for './matmul_hdp --size=1024 --local=1024 --num-runs=100':

          10963903      cache-references
           3853405      cache-misses              #   35.146 % of all cache refs

       0.268630560 seconds time elapsed

root@whale:/workspace/codes/sycl-bench/test-new-build-computecpp# perf stat -B -e cache-references,cache-misses ./matmul_wgp --size=1024 --local=1 --num-runs=100                                                                                                                                                                                                                                                               
********** Results for MatMul_WGP_fp32**********
problem-size: 1024
local-size: 1
device-name: Intel(R) Xeon(R) Gold 6134 CPU @ 3.20GHz
sycl-implementation: ComputeCpp
throughput-metric: N/A
kernel-time-mean: N/A
kernel-time-stddev: N/A
kernel-time-median: N/A
kernel-time-min: N/A
kernel-time-samples: N/A
kernel-time-throughput: N/A
run-time-mean: 0.257084 [s]
run-time-stddev: 0.004472 [s]
run-time-median: 0.255746 [s]
run-time-min: 0.253655 [s]
run-time-samples: "0.253655 0.254108 0.254233 0.254540 0.254601 0.254885 0.254922 0.254999 0.255031 0.255052 0.255086 0.255104 0.255113 0.255117 0.255126 0.255143 0.255151 0.255181 0.255189 0.255230 0.255235 0.255252 0.255303 0.255317 0.255325 0.255374 0.255385 0.255395 0.255431 0.255473 0.255496 0.255499 0.255547 0.255567 0.255591 0.255592 0.255600 0.255608 0.255630 0.255632 0.255637 0.255647 0.255649 0.255684 0.255693 0.255698 0.255714 0.255717 0.255733 0.255741 0.255746 0.255768 0.255771 0.255781 0.255845 0.255879 0.255893 0.255904 0.255961 0.255962 0.255982 0.256011 0.256052 0.256088 0.256140 0.256239 0.256270 0.256278 0.256357 0.256367 0.256370 0.256395 0.256422 0.256454 0.256483 0.256519 0.256548 0.256609 0.256921 0.256937 0.256949 0.257010 0.257231 0.257334 0.257539 0.257624 0.257738 0.257748 0.258070 0.258246 0.259355 0.259373 0.260801 0.260911 0.267956 0.271793 0.274673 0.274891 0.275895 0.277635"
run-time-throughput: N/A
Verification: PASS

 Performance counter stats for './matmul_wgp --size=1024 --local=1 --num-runs=100':

      105274170477      cache-references
         103388960      cache-misses              #    0.098 % of all cache refs

      27.459897008 seconds time elapsed

root@whale:/workspace/codes/sycl-bench/test-new-build-computecpp# perf stat -B -e cache-references,cache-misses ./matmul_wgp --size=1024 --local=2 --num-runs=100
********** Results for MatMul_WGP_fp32**********
problem-size: 1024
local-size: 2
device-name: Intel(R) Xeon(R) Gold 6134 CPU @ 3.20GHz
sycl-implementation: ComputeCpp
throughput-metric: N/A
kernel-time-mean: N/A
kernel-time-stddev: N/A
kernel-time-median: N/A
kernel-time-min: N/A
kernel-time-samples: N/A
kernel-time-throughput: N/A
run-time-mean: 0.025369 [s]
run-time-stddev: 0.003189 [s]
run-time-median: 0.024664 [s]
run-time-min: 0.024349 [s]
run-time-samples: "0.024349 0.024385 0.024449 0.024475 0.024479 0.024491 0.024494 0.024507 0.024511 0.024518 0.024518 0.024524 0.024527 0.024535 0.024538 0.024544 0.024545 0.024550 0.024551 0.024555 0.024557 0.024558 0.024558 0.024562 0.024565 0.024568 0.024573 0.024576 0.024578 0.024590 0.024592 0.024601 0.024608 0.024613 0.024615 0.024618 0.024628 0.024631 0.024637 0.024640 0.024641 0.024641 0.024642 0.024643 0.024645 0.024653 0.024656 0.024656 0.024658 0.024660 0.024664 0.024666 0.024666 0.024666 0.024668 0.024674 0.024681 0.024686 0.024689 0.024690 0.024694 0.024695 0.024696 0.024699 0.024702 0.024705 0.024713 0.024734 0.024740 0.024742 0.024745 0.024747 0.024753 0.024769 0.024773 0.024773 0.024774 0.024775 0.024785 0.024790 0.024791 0.024792 0.024793 0.024813 0.024823 0.024846 0.024877 0.024886 0.024900 0.024925 0.024935 0.024963 0.025021 0.025041 0.025268 0.034305 0.035899 0.036361 0.042324 0.044329"
run-time-throughput: N/A
Verification: PASS

 Performance counter stats for './matmul_wgp --size=1024 --local=2 --num-runs=100':

        6335341363      cache-references
          65144104      cache-misses              #    1.028 % of all cache refs

       4.303271240 seconds time elapsed

root@whale:/workspace/codes/sycl-bench/test-new-build-computecpp# perf stat -B -e cache-references,cache-misses ./matmul_wgp --size=1024 --local=4 --num-runs=100
********** Results for MatMul_WGP_fp32**********
problem-size: 1024
local-size: 4
device-name: Intel(R) Xeon(R) Gold 6134 CPU @ 3.20GHz
sycl-implementation: ComputeCpp
throughput-metric: N/A
kernel-time-mean: N/A
kernel-time-stddev: N/A
kernel-time-median: N/A
kernel-time-min: N/A
kernel-time-samples: N/A
kernel-time-throughput: N/A
run-time-mean: 0.025034 [s]
run-time-stddev: 0.002807 [s]
run-time-median: 0.024495 [s]
run-time-min: 0.024208 [s]
run-time-samples: "0.024208 0.024287 0.024299 0.024301 0.024306 0.024311 0.024317 0.024324 0.024336 0.024339 0.024341 0.024344 0.024347 0.024351 0.024356 0.024360 0.024362 0.024366 0.024371 0.024379 0.024383 0.024391 0.024392 0.024392 0.024392 0.024395 0.024398 0.024404 0.024416 0.024424 0.024426 0.024430 0.024431 0.024437 0.024447 0.024447 0.024452 0.024454 0.024454 0.024458 0.024460 0.024462 0.024462 0.024469 0.024472 0.024473 0.024480 0.024481 0.024482 0.024493 0.024495 0.024496 0.024499 0.024504 0.024504 0.024506 0.024507 0.024512 0.024515 0.024515 0.024516 0.024518 0.024519 0.024523 0.024525 0.024528 0.024532 0.024533 0.024534 0.024539 0.024546 0.024550 0.024561 0.024563 0.024568 0.024569 0.024576 0.024578 0.024586 0.024604 0.024610 0.024611 0.024612 0.024613 0.024615 0.024629 0.024646 0.024668 0.024676 0.024697 0.024754 0.024800 0.024999 0.025084 0.025388 0.025746 0.029439 0.036542 0.040417 0.044035"
run-time-throughput: N/A
Verification: PASS

 Performance counter stats for './matmul_wgp --size=1024 --local=4 --num-runs=100':

        6580331068      cache-references
          65215915      cache-misses              #    0.991 % of all cache refs

       4.240709719 seconds time elapsed

root@whale:/workspace/codes/sycl-bench/test-new-build-computecpp# 0.024495^C
root@whale:/workspace/codes/sycl-bench/test-new-build-computecpp# perf stat -B -e cache-references,cache-misses ./matmul_wgp --size=1024 --local=4 --num-runs=1000
********** Results for MatMul_WGP_fp32**********
problem-size: 1024
local-size: 4
device-name: Intel(R) Xeon(R) Gold 6134 CPU @ 3.20GHz
sycl-implementation: ComputeCpp
throughput-metric: N/A
kernel-time-mean: N/A
kernel-time-stddev: N/A
kernel-time-median: N/A
kernel-time-min: N/A
kernel-time-samples: N/A
kernel-time-throughput: N/A
run-time-mean: 0.024724 [s]
run-time-stddev: 0.001630 [s]
run-time-median: 0.024484 [s]
run-time-min: 0.024072 [s]
run-time-samples: "0.024072 0.024145 0.024185 0.024187 0.024202 0.024204 0.024214 0.024215 0.024216 0.024229 0.024234 0.024235 0.024235 0.024239 0.024241 0.024243 0.024243 0.024244 0.024244 0.024247 0.024248 0.024251 0.024260 0.024261 0.024262 0.024267 0.024267 0.024267 0.024268 0.024269 0.024269 0.024269 0.024270 0.024270 0.024270 0.024270 0.024272 0.024274 0.024274 0.024275 0.024276 0.024276 0.024279 0.024281 0.024282 0.024283 0.024284 0.024285 0.024288 0.024288 0.024290 0.024291 0.024292 0.024292 0.024293 0.024293 0.024295 0.024297 0.024298 0.024298 0.024302 0.024302 0.024305 0.024306 0.024306 0.024307 0.024308 0.024308 0.024309 0.024309 0.024309 0.024310 0.024310 0.024311 0.024312 0.024313 0.024313 0.024314 0.024314 0.024315 0.024318 0.024318 0.024321 0.024321 0.024322 0.024323 0.024324 0.024324 0.024326 0.024327 0.024328 0.024329 0.024330 0.024331 0.024332 0.024332 0.024332 0.024333 0.024333 0.024334 0.024334 0.024335 0.024335 0.024335 0.024336 0.024336 0.024337 0.024337 0.024337 0.024338 0.024339 0.024339 0.024339 0.024339 0.024340 0.024340 0.024340 0.024341 0.024341 0.024342 0.024342 0.024344 0.024345 0.024346 0.024348 0.024348 0.024348 0.024349 0.024349 0.024349 0.024349 0.024349 0.024349 0.024350 0.024350 0.024350 0.024351 0.024352 0.024352 0.024353 0.024353 0.024354 0.024354 0.024354 0.024355 0.024355 0.024355 0.024356 0.024356 0.024356 0.024357 0.024357 0.024358 0.024358 0.024358 0.024358 0.024359 0.024359 0.024360 0.024360 0.024360 0.024361 0.024362 0.024362 0.024362 0.024363 0.024364 0.024364 0.024365 0.024365 0.024366 0.024366 0.024367 0.024369 0.024369 0.024371 0.024371 0.024372 0.024372 0.024373 0.024373 0.024373 0.024373 0.024373 0.024374 0.024374 0.024374 0.024375 0.024375 0.024376 0.024376 0.024376 0.024376 0.024376 0.024377 0.024377 0.024377 0.024378 0.024378 0.024378 0.024378 0.024379 0.024379 0.024380 0.024380 0.024380 0.024380 0.024381 0.024381 0.024381 0.024382 0.024385 0.024385 0.024385 0.024386 0.024386 0.024386 0.024386 0.024386 0.024386 0.024387 0.024387 0.024387 0.024388 0.024388 0.024388 0.024388 0.024389 0.024389 0.024390 0.024390 0.024390 0.024391 0.024391 0.024391 0.024392 0.024393 0.024393 0.024393 0.024393 0.024394 0.024394 0.024394 0.024394 0.024394 0.024395 0.024396 0.024397 0.024397 0.024398 0.024398 0.024398 0.024399 0.024399 0.024399 0.024399 0.024400 0.024400 0.024400 0.024400 0.024400 0.024401 0.024401 0.024402 0.024402 0.024402 0.024403 0.024403 0.024403 0.024404 0.024404 0.024404 0.024405 0.024405 0.024405 0.024405 0.024406 0.024407 0.024407 0.024408 0.024408 0.024408 0.024409 0.024410 0.024410 0.024410 0.024410 0.024410 0.024411 0.024411 0.024412 0.024413 0.024413 0.024414 0.024414 0.024414 0.024414 0.024414 0.024415 0.024416 0.024416 0.024416 0.024417 0.024417 0.024417 0.024417 0.024417 0.024419 0.024420 0.024421 0.024421 0.024422 0.024422 0.024422 0.024422 0.024423 0.024423 0.024423 0.024423 0.024423 0.024424 0.024424 0.024424 0.024424 0.024424 0.024424 0.024424 0.024425 0.024425 0.024425 0.024426 0.024426 0.024427 0.024427 0.024428 0.024428 0.024428 0.024428 0.024429 0.024429 0.024429 0.024430 0.024430 0.024430 0.024430 0.024430 0.024430 0.024431 0.024431 0.024431 0.024431 0.024432 0.024433 0.024433 0.024433 0.024433 0.024433 0.024434 0.024435 0.024435 0.024435 0.024436 0.024436 0.024436 0.024436 0.024436 0.024436 0.024436 0.024437 0.024437 0.024438 0.024438 0.024439 0.024439 0.024439 0.024439 0.024439 0.024440 0.024440 0.024441 0.024442 0.024442 0.024442 0.024442 0.024443 0.024443 0.024444 0.024444 0.024444 0.024444 0.024444 0.024444 0.024445 0.024445 0.024445 0.024445 0.024446 0.024447 0.024447 0.024447 0.024447 0.024447 0.024448 0.024448 0.024448 0.024449 0.024449 0.024449 0.024449 0.024449 0.024450 0.024450 0.024451 0.024451 0.024451 0.024452 0.024452 0.024452 0.024453 0.024453 0.024454 0.024454 0.024454 0.024455 0.024455 0.024456 0.024456 0.024456 0.024456 0.024456 0.024457 0.024457 0.024457 0.024458 0.024458 0.024458 0.024459 0.024460 0.024460 0.024460 0.024460 0.024460 0.024461 0.024461 0.024461 0.024461 0.024463 0.024464 0.024464 0.024464 0.024464 0.024464 0.024464 0.024464 0.024464 0.024465 0.024465 0.024465 0.024466 0.024466 0.024467 0.024468 0.024468 0.024468 0.024468 0.024468 0.024469 0.024469 0.024469 0.024469 0.024470 0.024470 0.024471 0.024471 0.024471 0.024472 0.024472 0.024473 0.024473 0.024473 0.024473 0.024474 0.024474 0.024475 0.024476 0.024476 0.024478 0.024478 0.024479 0.024479 0.024480 0.024480 0.024481 0.024481 0.024481 0.024481 0.024481 0.024482 0.024483 0.024483 0.024484 0.024484 0.024484 0.024484 0.024484 0.024485 0.024485 0.024485 0.024485 0.024485 0.024485 0.024486 0.024486 0.024486 0.024486 0.024486 0.024487 0.024487 0.024487 0.024488 0.024488 0.024489 0.024489 0.024489 0.024491 0.024491 0.024491 0.024492 0.024492 0.024493 0.024493 0.024493 0.024494 0.024494 0.024494 0.024495 0.024495 0.024496 0.024496 0.024496 0.024497 0.024497 0.024497 0.024498 0.024498 0.024498 0.024499 0.024499 0.024499 0.024500 0.024500 0.024500 0.024501 0.024501 0.024501 0.024501 0.024501 0.024501 0.024502 0.024502 0.024502 0.024502 0.024503 0.024503 0.024503 0.024504 0.024504 0.024504 0.024505 0.024506 0.024506 0.024506 0.024507 0.024507 0.024507 0.024507 0.024508 0.024508 0.024509 0.024509 0.024509 0.024509 0.024511 0.024511 0.024511 0.024512 0.024513 0.024514 0.024514 0.024514 0.024514 0.024514 0.024515 0.024515 0.024515 0.024516 0.024516 0.024516 0.024516 0.024517 0.024517 0.024517 0.024517 0.024518 0.024518 0.024518 0.024518 0.024518 0.024518 0.024518 0.024519 0.024519 0.024519 0.024519 0.024520 0.024520 0.024520 0.024520 0.024520 0.024521 0.024521 0.024522 0.024522 0.024522 0.024522 0.024522 0.024523 0.024524 0.024525 0.024525 0.024525 0.024525 0.024526 0.024526 0.024526 0.024527 0.024527 0.024527 0.024527 0.024528 0.024528 0.024528 0.024529 0.024529 0.024529 0.024529 0.024530 0.024530 0.024531 0.024531 0.024532 0.024533 0.024533 0.024533 0.024533 0.024534 0.024534 0.024534 0.024535 0.024535 0.024535 0.024535 0.024535 0.024536 0.024536 0.024536 0.024536 0.024537 0.024537 0.024538 0.024538 0.024538 0.024538 0.024539 0.024539 0.024540 0.024541 0.024541 0.024541 0.024541 0.024542 0.024543 0.024545 0.024545 0.024545 0.024545 0.024546 0.024547 0.024548 0.024548 0.024549 0.024550 0.024550 0.024551 0.024552 0.024552 0.024552 0.024553 0.024553 0.024554 0.024554 0.024554 0.024555 0.024555 0.024556 0.024556 0.024556 0.024557 0.024558 0.024558 0.024558 0.024558 0.024558 0.024560 0.024560 0.024561 0.024561 0.024561 0.024561 0.024561 0.024562 0.024562 0.024562 0.024563 0.024563 0.024563 0.024563 0.024564 0.024564 0.024564 0.024564 0.024565 0.024565 0.024566 0.024566 0.024566 0.024567 0.024567 0.024567 0.024567 0.024568 0.024568 0.024569 0.024570 0.024570 0.024570 0.024570 0.024570 0.024571 0.024572 0.024572 0.024572 0.024573 0.024573 0.024573 0.024573 0.024574 0.024576 0.024576 0.024577 0.024577 0.024577 0.024577 0.024578 0.024578 0.024578 0.024579 0.024579 0.024580 0.024581 0.024581 0.024583 0.024584 0.024585 0.024586 0.024586 0.024588 0.024588 0.024589 0.024589 0.024590 0.024590 0.024591 0.024591 0.024591 0.024593 0.024594 0.024595 0.024596 0.024597 0.024597 0.024597 0.024598 0.024598 0.024599 0.024599 0.024600 0.024600 0.024600 0.024600 0.024603 0.024604 0.024605 0.024606 0.024606 0.024606 0.024610 0.024610 0.024611 0.024611 0.024612 0.024613 0.024614 0.024615 0.024615 0.024615 0.024616 0.024616 0.024617 0.024618 0.024618 0.024618 0.024619 0.024619 0.024620 0.024621 0.024621 0.024622 0.024623 0.024624 0.024624 0.024624 0.024624 0.024624 0.024625 0.024625 0.024625 0.024625 0.024626 0.024630 0.024630 0.024631 0.024632 0.024632 0.024633 0.024633 0.024634 0.024635 0.024637 0.024637 0.024638 0.024639 0.024639 0.024639 0.024640 0.024640 0.024641 0.024642 0.024642 0.024642 0.024643 0.024645 0.024646 0.024649 0.024650 0.024657 0.024657 0.024658 0.024658 0.024658 0.024659 0.024660 0.024660 0.024660 0.024661 0.024662 0.024663 0.024663 0.024664 0.024665 0.024666 0.024666 0.024672 0.024673 0.024675 0.024675 0.024676 0.024676 0.024677 0.024678 0.024680 0.024681 0.024682 0.024682 0.024683 0.024685 0.024685 0.024687 0.024687 0.024689 0.024689 0.024690 0.024690 0.024692 0.024693 0.024694 0.024695 0.024695 0.024699 0.024701 0.024703 0.024704 0.024708 0.024709 0.024709 0.024712 0.024712 0.024715 0.024718 0.024720 0.024720 0.024720 0.024721 0.024723 0.024723 0.024723 0.024724 0.024726 0.024727 0.024729 0.024735 0.024735 0.024737 0.024739 0.024739 0.024739 0.024746 0.024749 0.024750 0.024751 0.024757 0.024758 0.024770 0.024771 0.024775 0.024775 0.024786 0.024788 0.024788 0.024789 0.024789 0.024797 0.024799 0.024800 0.024800 0.024807 0.024809 0.024815 0.024824 0.024835 0.024864 0.024870 0.024871 0.024871 0.024907 0.024944 0.024959 0.024961 0.024971 0.025054 0.025103 0.025201 0.025629 0.025943 0.026618 0.027161 0.027590 0.027598 0.027737 0.028216 0.029000 0.029571 0.030872 0.030903 0.031395 0.032376 0.033185 0.034261 0.035025 0.035384 0.035446 0.036009 0.036180 0.036225 0.036785 0.036914 0.039504 0.041572 0.042229 0.042641"
run-time-throughput: N/A
Verification: PASS

 Performance counter stats for './matmul_wgp --size=1024 --local=4 --num-runs=1000':

       65731925961      cache-references
         614073146      cache-misses              #    0.934 % of all cache refs

      40.392607735 seconds time elapsed

root@whale:/workspace/codes/sycl-bench/test-new-build-computecpp# perf stat -B -e cache-references,cache-misses ./matmul_wgp --size=1024 --local=8 --num-runs=100
********** Results for MatMul_WGP_fp32**********
problem-size: 1024
local-size: 8
device-name: Intel(R) Xeon(R) Gold 6134 CPU @ 3.20GHz
sycl-implementation: ComputeCpp
throughput-metric: N/A
kernel-time-mean: N/A
kernel-time-stddev: N/A
kernel-time-median: N/A
kernel-time-min: N/A
kernel-time-samples: N/A
kernel-time-throughput: N/A
run-time-mean: 0.024725 [s]
run-time-stddev: 0.002251 [s]
run-time-median: 0.024342 [s]
run-time-min: 0.024102 [s]
run-time-samples: "0.024102 0.024161 0.024172 0.024212 0.024215 0.024221 0.024222 0.024237 0.024239 0.024244 0.024247 0.024254 0.024260 0.024267 0.024268 0.024268 0.024269 0.024269 0.024270 0.024271 0.024274 0.024276 0.024276 0.024277 0.024280 0.024284 0.024284 0.024291 0.024292 0.024298 0.024299 0.024299 0.024300 0.024301 0.024304 0.024305 0.024309 0.024312 0.024313 0.024314 0.024318 0.024318 0.024320 0.024323 0.024323 0.024325 0.024326 0.024327 0.024337 0.024337 0.024342 0.024344 0.024350 0.024351 0.024353 0.024363 0.024368 0.024370 0.024377 0.024379 0.024381 0.024383 0.024383 0.024386 0.024392 0.024393 0.024396 0.024397 0.024402 0.024407 0.024409 0.024414 0.024415 0.024416 0.024417 0.024420 0.024426 0.024428 0.024440 0.024449 0.024451 0.024454 0.024458 0.024489 0.024489 0.024496 0.024506 0.024506 0.024520 0.024526 0.024532 0.024547 0.024556 0.024572 0.024585 0.024624 0.024799 0.032732 0.034012 0.043088"
run-time-throughput: N/A
Verification: PASS

 Performance counter stats for './matmul_wgp --size=1024 --local=8 --num-runs=100':

        6655180776      cache-references
          73497580      cache-misses              #    1.104 % of all cache refs

       4.343341375 seconds time elapsed

root@whale:/workspace/codes/sycl-bench/test-new-build-computecpp# perf stat -B -e cache-references,cache-misses ./matmul_wgp --size=1024 --local=16 --num-runs=100
********** Results for MatMul_WGP_fp32**********
problem-size: 1024
local-size: 16
device-name: Intel(R) Xeon(R) Gold 6134 CPU @ 3.20GHz
sycl-implementation: ComputeCpp
throughput-metric: N/A
kernel-time-mean: N/A
kernel-time-stddev: N/A
kernel-time-median: N/A
kernel-time-min: N/A
kernel-time-samples: N/A
kernel-time-throughput: N/A
run-time-mean: 0.024443 [s]
run-time-stddev: 0.000609 [s]
run-time-median: 0.024356 [s]
run-time-min: 0.024041 [s]
run-time-samples: "0.024041 0.024076 0.024088 0.024104 0.024134 0.024166 0.024179 0.024192 0.024212 0.024217 0.024221 0.024225 0.024225 0.024229 0.024248 0.024249 0.024256 0.024265 0.024265 0.024266 0.024268 0.024274 0.024275 0.024280 0.024284 0.024285 0.024285 0.024286 0.024291 0.024295 0.024296 0.024301 0.024304 0.024305 0.024309 0.024315 0.024316 0.024320 0.024323 0.024324 0.024333 0.024337 0.024338 0.024340 0.024343 0.024351 0.024352 0.024354 0.024355 0.024355 0.024356 0.024358 0.024363 0.024365 0.024366 0.024367 0.024373 0.024380 0.024381 0.024383 0.024385 0.024386 0.024386 0.024388 0.024391 0.024395 0.024395 0.024397 0.024401 0.024404 0.024407 0.024409 0.024410 0.024412 0.024414 0.024418 0.024420 0.024426 0.024433 0.024439 0.024450 0.024456 0.024478 0.024478 0.024480 0.024483 0.024487 0.024493 0.024520 0.024530 0.024586 0.024597 0.024608 0.024618 0.024627 0.024629 0.024716 0.025075 0.027607 0.029349"
run-time-throughput: N/A
Verification: PASS

 Performance counter stats for './matmul_wgp --size=1024 --local=16 --num-runs=100':

        6748735175      cache-references
          75532453      cache-misses              #    1.119 % of all cache refs

       4.271633028 seconds time elapsed

root@whale:/workspace/codes/sycl-bench/test-new-build-computecpp# perf stat -B -e cache-references,cache-misses ./matmul_wgp --size=1024 --local=32 --num-runs=100
********** Results for MatMul_WGP_fp32**********
problem-size: 1024
local-size: 32
device-name: Intel(R) Xeon(R) Gold 6134 CPU @ 3.20GHz
sycl-implementation: ComputeCpp
throughput-metric: N/A
kernel-time-mean: N/A
kernel-time-stddev: N/A
kernel-time-median: N/A
kernel-time-min: N/A
kernel-time-samples: N/A
kernel-time-throughput: N/A
run-time-mean: 0.025094 [s]
run-time-stddev: 0.002373 [s]
run-time-median: 0.024675 [s]
run-time-min: 0.024300 [s]
run-time-samples: "0.024300 0.024307 0.024317 0.024329 0.024347 0.024364 0.024368 0.024403 0.024440 0.024459 0.024462 0.024464 0.024465 0.024479 0.024501 0.024521 0.024541 0.024546 0.024548 0.024549 0.024554 0.024562 0.024571 0.024571 0.024572 0.024574 0.024585 0.024587 0.024597 0.024598 0.024606 0.024607 0.024611 0.024613 0.024617 0.024619 0.024623 0.024623 0.024630 0.024632 0.024632 0.024632 0.024634 0.024636 0.024637 0.024638 0.024646 0.024648 0.024654 0.024668 0.024675 0.024685 0.024686 0.024701 0.024705 0.024712 0.024713 0.024713 0.024714 0.024717 0.024726 0.024727 0.024736 0.024736 0.024737 0.024740 0.024746 0.024747 0.024784 0.024796 0.024824 0.024828 0.024833 0.024841 0.024843 0.024846 0.024846 0.024851 0.024856 0.024878 0.024880 0.024937 0.024952 0.024959 0.024960 0.024968 0.024973 0.025012 0.025036 0.025042 0.025046 0.025051 0.025063 0.025071 0.025225 0.025227 0.025400 0.034204 0.035789 0.043546"
run-time-throughput: N/A
Verification: PASS

 Performance counter stats for './matmul_wgp --size=1024 --local=32 --num-runs=100':

        6687007824      cache-references
          70233058      cache-misses              #    1.050 % of all cache refs

       4.251224867 seconds time elapsed

root@whale:/workspace/codes/sycl-bench/test-new-build-computecpp# perf stat -B -e cache-references,cache-misses ./matmul_wgp --size=1024 --local=64 --num-runs=100
********** Results for MatMul_WGP_fp32**********
problem-size: 1024
local-size: 64
device-name: Intel(R) Xeon(R) Gold 6134 CPU @ 3.20GHz
sycl-implementation: ComputeCpp
throughput-metric: N/A
kernel-time-mean: N/A
kernel-time-stddev: N/A
kernel-time-median: N/A
kernel-time-min: N/A
kernel-time-samples: N/A
kernel-time-throughput: N/A
run-time-mean: 0.026524 [s]
run-time-stddev: 0.002216 [s]
run-time-median: 0.026086 [s]
run-time-min: 0.025473 [s]
run-time-samples: "0.025473 0.025528 0.025584 0.025589 0.025591 0.025623 0.025633 0.025635 0.025653 0.025663 0.025671 0.025695 0.025699 0.025704 0.025716 0.025725 0.025733 0.025741 0.025743 0.025750 0.025758 0.025762 0.025789 0.025790 0.025791 0.025793 0.025801 0.025833 0.025835 0.025838 0.025869 0.025901 0.025901 0.025917 0.025929 0.025935 0.025952 0.025971 0.025974 0.025982 0.026006 0.026032 0.026035 0.026036 0.026046 0.026048 0.026062 0.026069 0.026075 0.026078 0.026086 0.026092 0.026099 0.026125 0.026127 0.026167 0.026171 0.026185 0.026196 0.026216 0.026219 0.026234 0.026247 0.026276 0.026292 0.026317 0.026353 0.026365 0.026375 0.026386 0.026400 0.026430 0.026491 0.026503 0.026520 0.026522 0.026537 0.026593 0.026657 0.026675 0.026692 0.026728 0.026733 0.026746 0.026824 0.027037 0.027045 0.027322 0.027382 0.027402 0.027446 0.027503 0.027531 0.027541 0.027550 0.027572 0.027615 0.027718 0.035545 0.045631"
run-time-throughput: N/A
Verification: PASS

 Performance counter stats for './matmul_wgp --size=1024 --local=64 --num-runs=100':

        6665478530      cache-references
          68922869      cache-misses              #    1.034 % of all cache refs

       4.397591804 seconds time elapsed

root@whale:/workspace/codes/sycl-bench/test-new-build-computecpp# perf stat -B -e cache-references,cache-misses ./matmul_wgp --size=1024 --local=128 --num-runs=100
********** Results for MatMul_WGP_fp32**********
problem-size: 1024
local-size: 128
device-name: Intel(R) Xeon(R) Gold 6134 CPU @ 3.20GHz
sycl-implementation: ComputeCpp
VERIFICATION FAILED for element 0,0: 0.000000 != 1.000000
throughput-metric: N/A
kernel-time-mean: N/A
kernel-time-stddev: N/A
kernel-time-median: N/A
kernel-time-min: N/A
kernel-time-samples: N/A
kernel-time-throughput: N/A
run-time-mean: 0.000372 [s]
run-time-stddev: 0.000000 [s]
run-time-median: 0.000372 [s]
run-time-min: 0.000372 [s]
run-time-samples: "0.000372"
run-time-throughput: N/A
Verification: FAIL

 Performance counter stats for './matmul_wgp --size=1024 --local=128 --num-runs=100':

           6867159      cache-references
           2474669      cache-misses              #   36.036 % of all cache refs

       0.194257804 seconds time elapsed

root@whale:/workspace/codes/sycl-bench/test-new-build-computecpp# perf stat -B -e cache-references,cache-misses ./matmul_wgp --size=1024 --local=256 --num-runs=100
********** Results for MatMul_WGP_fp32**********
problem-size: 1024
local-size: 256
device-name: Intel(R) Xeon(R) Gold 6134 CPU @ 3.20GHz
sycl-implementation: ComputeCpp
VERIFICATION FAILED for element 0,0: 0.000000 != 1.000000
throughput-metric: N/A
kernel-time-mean: N/A
kernel-time-stddev: N/A
kernel-time-median: N/A
kernel-time-min: N/A
kernel-time-samples: N/A
kernel-time-throughput: N/A
run-time-mean: 0.000495 [s]
run-time-stddev: 0.000000 [s]
run-time-median: 0.000495 [s]
run-time-min: 0.000495 [s]
run-time-samples: "0.000495"
run-time-throughput: N/A
Verification: FAIL

 Performance counter stats for './matmul_wgp --size=1024 --local=256 --num-runs=100':

           7335924      cache-references
           2704921      cache-misses              #   36.872 % of all cache refs

       0.186094414 seconds time elapsed

root@whale:/workspace/codes/sycl-bench/test-new-build-computecpp# perf stat -B -e cache-references,cache-misses ./matmul_wgp --size=1024 --local=512 --num-runs=100
********** Results for MatMul_WGP_fp32**********
problem-size: 1024
local-size: 512
device-name: Intel(R) Xeon(R) Gold 6134 CPU @ 3.20GHz
sycl-implementation: ComputeCpp
VERIFICATION FAILED for element 0,0: 0.000000 != 1.000000
throughput-metric: N/A
kernel-time-mean: N/A
kernel-time-stddev: N/A
kernel-time-median: N/A
kernel-time-min: N/A
kernel-time-samples: N/A
kernel-time-throughput: N/A
run-time-mean: 0.000291 [s]
run-time-stddev: 0.000000 [s]
run-time-median: 0.000291 [s]
run-time-min: 0.000291 [s]
run-time-samples: "0.000291"
run-time-throughput: N/A
Verification: FAIL

 Performance counter stats for './matmul_wgp --size=1024 --local=512 --num-runs=100':

           8122773      cache-references
           2946008      cache-misses              #   36.269 % of all cache refs

       0.205433455 seconds time elapsed

root@whale:/workspace/codes/sycl-bench/test-new-build-computecpp# perf stat -B -e cache-references,cache-misses ./matmul_wgp --size=1024 --local=1024 --num-runs=100
********** Results for MatMul_WGP_fp32**********
problem-size: 1024
local-size: 1024
device-name: Intel(R) Xeon(R) Gold 6134 CPU @ 3.20GHz
sycl-implementation: ComputeCpp
VERIFICATION FAILED for element 0,0: 0.000000 != 1.000000
throughput-metric: N/A
kernel-time-mean: N/A
kernel-time-stddev: N/A
kernel-time-median: N/A
kernel-time-min: N/A
kernel-time-samples: N/A
kernel-time-throughput: N/A
run-time-mean: 0.000498 [s]
run-time-stddev: 0.000000 [s]
run-time-median: 0.000498 [s]
run-time-min: 0.000498 [s]
run-time-samples: "0.000498"
run-time-throughput: N/A
Verification: FAIL

 Performance counter stats for './matmul_wgp --size=1024 --local=1024 --num-runs=100':

           6052637      cache-references
           2218149      cache-misses              #   36.648 % of all cache refs

       0.170949283 seconds time elapsed


