root@whale:/workspace/codes/sycl-bench/new-build-dpc++-cuda# make matmul_serial matmul_wgp matmul_bkp
Scanning dependencies of target matmul_serial
[ 50%] Building CXX object CMakeFiles/matmul_serial.dir/single-kernel/matmul_serial.cpp.o
[100%] Linking CXX executable matmul_serial
[100%] Built target matmul_serial
Scanning dependencies of target matmul_wgp
[ 50%] Building CXX object CMakeFiles/matmul_wgp.dir/single-kernel/matmul_wgp.cpp.o
[100%] Linking CXX executable matmul_wgp
[100%] Built target matmul_wgp
Scanning dependencies of target matmul_bkp
[ 50%] Building CXX object CMakeFiles/matmul_bkp.dir/single-kernel/matmul_bkp.cpp.o
[100%] Linking CXX executable matmul_bkp
[100%] Built target matmul_bkp
root@whale:/workspace/codes/sycl-bench/new-build-dpc++-cuda#  --device=gpu --size=1 --num-runs=1 --local=1
bash: --device=gpu: command not found
root@whale:/workspace/codes/sycl-bench/new-build-dpc++-cuda# perf stat -B -e cache-references,cache-misses ./matmul_serial --size=1024 --num-runs=1
Error while parsing command lines: Only the 'gpu' device is supported on LLVM CUDA
./matmul_serial: Segmentation fault

 Performance counter stats for './matmul_serial --size=1024 --num-runs=1':

           5356333      cache-references
           2025831      cache-misses              #   37.821 % of all cache refs

       0.360409719 seconds time elapsed

root@whale:/workspace/codes/sycl-bench/new-build-dpc++-cuda# perf stat -B -e cache-references,cache-misses ./matmul_serial --size=1024 --num-runs=1 --device=gpu
********** Results for MatMul_Serial_fp32**********
problem-size: 1024
local-size: 1024
device-name: Tesla P100-PCIE-12GB
sycl-implementation: LLVM CUDA (Codeplay)
throughput-metric: N/A
kernel-time-mean: N/A
kernel-time-stddev: N/A
kernel-time-median: N/A
kernel-time-min: N/A
kernel-time-samples: N/A
kernel-time-throughput: N/A
run-time-mean: 4.065676 [s]
run-time-stddev: 0.000000 [s]
run-time-median: 4.065676 [s]
run-time-min: 4.065676 [s]
run-time-samples: "4.065676"
run-time-throughput: N/A
Verification: PASS

 Performance counter stats for './matmul_serial --size=1024 --num-runs=1 --device=gpu':

        1085855764      cache-references
           3346575      cache-misses              #    0.308 % of all cache refs

       4.516818474 seconds time elapsed

root@whale:/workspace/codes/sycl-bench/new-build-dpc++-cuda# LD_LIBRARY_PATH=$LD_LIBRARY_PATH:/tmp/llvm-sycl-cuda/build/install/lib perf stat -B -e cache-references,cache-misses ./matmul_serial --size=1024 --num-ru
ns=1 --device=gpu
********** Results for MatMul_Serial_fp32**********
problem-size: 1024
local-size: 1024
device-name: Tesla P100-PCIE-12GB
sycl-implementation: LLVM CUDA (Codeplay)
throughput-metric: N/A
kernel-time-mean: N/A
kernel-time-stddev: N/A
kernel-time-median: N/A
kernel-time-min: N/A
kernel-time-samples: N/A
kernel-time-throughput: N/A
run-time-mean: 4.064168 [s]
run-time-stddev: 0.000000 [s]
run-time-median: 4.064168 [s]
run-time-min: 4.064168 [s]
run-time-samples: "4.064168"
run-time-throughput: N/A
Verification: PASS

 Performance counter stats for './matmul_serial --size=1024 --num-runs=1 --device=gpu':

        1085926130      cache-references
           3425680      cache-misses              #    0.315 % of all cache refs

       4.509960859 seconds time elapsed

root@whale:/workspace/codes/sycl-bench/new-build-dpc++-cuda# LD_LIBRARY_PATH=$LD_LIBRARY_PATH:/tmp/llvm-sycl-cuda/build/install/lib perf stat -B -e cache-references,cache-misses ./matmul_bkp --size=1024 --num-runs=
1 --device=gpu
********** Results for MatMul_BKP_fp32**********
problem-size: 1024
local-size: 1024
device-name: Tesla P100-PCIE-12GB
sycl-implementation: LLVM CUDA (Codeplay)
throughput-metric: N/A
kernel-time-mean: N/A
kernel-time-stddev: N/A
kernel-time-median: N/A
kernel-time-min: N/A
kernel-time-samples: N/A
kernel-time-throughput: N/A
run-time-mean: 0.005009 [s]
run-time-stddev: 0.000000 [s]
run-time-median: 0.005009 [s]
run-time-min: 0.005009 [s]
run-time-samples: "0.005009"
run-time-throughput: N/A
Verification: PASS

 Performance counter stats for './matmul_bkp --size=1024 --num-runs=1 --device=gpu':

           9775062      cache-references
           3445444      cache-misses              #   35.247 % of all cache refs

       0.493733395 seconds time elapsed

root@whale:/workspace/codes/sycl-bench/new-build-dpc++-cuda# LD_LIBRARY_PATH=$LD_LIBRARY_PATH:/tmp/llvm-sycl-cuda/build/install/lib perf stat -B -e cache-references,cache-misses ./matmul_bkp --size=1024 --num-runs=
100 --device=gpu
********** Results for MatMul_BKP_fp32**********
problem-size: 1024
local-size: 1024
device-name: Tesla P100-PCIE-12GB
sycl-implementation: LLVM CUDA (Codeplay)
throughput-metric: N/A
kernel-time-mean: N/A
kernel-time-stddev: N/A
kernel-time-median: N/A
kernel-time-min: N/A
kernel-time-samples: N/A
kernel-time-throughput: N/A
run-time-mean: 0.004730 [s]
run-time-stddev: 0.000098 [s]
run-time-median: 0.004694 [s]
run-time-min: 0.004689 [s]
run-time-samples: "0.004689 0.004690 0.004690 0.004691 0.004691 0.004691 0.004691 0.004691 0.004691 0.004691 0.004691 0.004692 0.004692 0.004692 0.004692 0.004692 0.004692 0.004692 0.004692 0.004692 0.004692 0.004692 0.004692 0.004692 0.004692 0.004693 0.004693 0.004693 0.004693 0.004693 0.004693 0.004693 0.004693 0.004693 0.004693 0.004693 0.004693 0.004693 0.004693 0.004693 0.004693 0.004693 0.004693 0.004694 0.004694 0.004694 0.004694 0.004694 0.004694 0.004694 0.004694 0.004694 0.004694 0.004694 0.004694 0.004694 0.004694 0.004694 0.004694 0.004694 0.004695 0.004695 0.004695 0.004695 0.004695 0.004695 0.004695 0.004695 0.004695 0.004695 0.004695 0.004695 0.004695 0.004695 0.004696 0.004696 0.004696 0.004696 0.004696 0.004696 0.004696 0.004699 0.004699 0.004700 0.004701 0.004701 0.004701 0.004702 0.004947 0.004993 0.004993 0.004993 0.004993 0.004996 0.004996 0.004996 0.004998 0.004999 0.004999 0.005005"
run-time-throughput: N/A
Verification: PASS

 Performance counter stats for './matmul_bkp --size=1024 --num-runs=100 --device=gpu':

          64413589      cache-references
          17124151      cache-misses              #   26.585 % of all cache refs

       1.865999956 seconds time elapsed

root@whale:/workspace/codes/sycl-bench/new-build-dpc++-cuda# LD_LIBRARY_PATH=$LD_LIBRARY_PATH:/tmp/llvm-sycl-cuda/build/install/lib perf stat -B -e cache-references,cache-misses ./matmul_hdp --size=1024 --local=1 --num-runs=100 --device=gpu
Workload failed: No such file or directory
root@whale:/workspace/codes/sycl-bench/new-build-dpc++-cuda# make matmul_serial matmul_wgp matmul_bkp matmul_hdp
[100%] Built target matmul_serial
[100%] Built target matmul_wgp
[100%] Built target matmul_bkp
Scanning dependencies of target matmul_hdp
[ 50%] Building CXX object CMakeFiles/matmul_hdp.dir/single-kernel/matmul_hdp.cpp.o
[100%] Linking CXX executable matmul_hdp
[100%] Built target matmul_hdp
root@whale:/workspace/codes/sycl-bench/new-build-dpc++-cuda# LD_LIBRARY_PATH=$LD_LIBRARY_PATH:/tmp/llvm-sycl-cuda/build/install/lib perf stat -B -e cache-references,cache-misses ./matmul_hdp --size=1024 --local=1 --num-runs=100 --device=gpu
********** Results for MatMul_HDP_fp32**********
problem-size: 1024
local-size: 1
device-name: Tesla P100-PCIE-12GB
sycl-implementation: LLVM CUDA (Codeplay)
throughput-metric: N/A
kernel-time-mean: N/A
kernel-time-stddev: N/A
kernel-time-median: N/A
kernel-time-min: N/A
kernel-time-samples: N/A
kernel-time-throughput: N/A
run-time-mean: 0.282328 [s]
run-time-stddev: 0.003555 [s]
run-time-median: 0.282136 [s]
run-time-min: 0.275108 [s]
run-time-samples: "0.275108 0.275280 0.275714 0.276336 0.276458 0.277232 0.277407 0.277474 0.277673 0.277846 0.277854 0.277870 0.277988 0.278535 0.278582 0.278585 0.278868 0.278878 0.278946 0.279380 0.279457 0.279643 0.279695 0.279936 0.280061 0.280274 0.280369 0.280404 0.280481 0.280584 0.280632 0.280653 0.280840 0.280952 0.280960 0.280986 0.281036 0.281038 0.281081 0.281121 0.281170 0.281309 0.281442 0.281471 0.281475 0.281571 0.281608 0.281837 0.281853 0.282016 0.282136 0.282149 0.282164 0.282358 0.282378 0.282431 0.282541 0.282608 0.282729 0.282763 0.282883 0.282965 0.283032 0.283045 0.283442 0.283544 0.283704 0.283723 0.283767 0.283812 0.283950 0.284029 0.284084 0.284253 0.284628 0.284667 0.284721 0.284729 0.284763 0.284978 0.285090 0.285366 0.285415 0.285672 0.285909 0.286043 0.286171 0.286308 0.286898 0.286957 0.287260 0.287479 0.287863 0.288120 0.288586 0.288776 0.289340 0.291207 0.291524 0.291858"
run-time-throughput: N/A
Verification: PASS

 Performance counter stats for './matmul_hdp --size=1024 --local=1 --num-runs=100 --device=gpu':

          67008406      cache-references
          17330207      cache-misses              #   25.863 % of all cache refs

      29.720419101 seconds time elapsed

root@whale:/workspace/codes/sycl-bench/new-build-dpc++-cuda# 29.720419101^C
root@whale:/workspace/codes/sycl-bench/new-build-dpc++-cuda# LD_LIBRARY_PATH=$LD_LIBRARY_PATH:/tmp/llvm-sycl-cuda/build/install/lib perf stat -B -e cache-references,cache-misses ./matmul_hdp --size=1024 --local=2 --num-runs=100 --device=gpu
********** Results for MatMul_HDP_fp32**********
problem-size: 1024
local-size: 2
device-name: Tesla P100-PCIE-12GB
sycl-implementation: LLVM CUDA (Codeplay)
throughput-metric: N/A
kernel-time-mean: N/A
kernel-time-stddev: N/A
kernel-time-median: N/A
kernel-time-min: N/A
kernel-time-samples: N/A
kernel-time-throughput: N/A
run-time-mean: 0.074487 [s]
run-time-stddev: 0.000402 [s]
run-time-median: 0.074431 [s]
run-time-min: 0.074385 [s]
run-time-samples: "0.074385 0.074386 0.074390 0.074392 0.074392 0.074398 0.074401 0.074401 0.074401 0.074404 0.074406 0.074406 0.074410 0.074411 0.074412 0.074412 0.074414 0.074414 0.074414 0.074415 0.074415 0.074417 0.074417 0.074417 0.074418 0.074418 0.074418 0.074419 0.074419 0.074420 0.074421 0.074423 0.074423 0.074424 0.074424 0.074424 0.074424 0.074424 0.074425 0.074426 0.074426 0.074427 0.074428 0.074428 0.074430 0.074430 0.074430 0.074430 0.074430 0.074431 0.074431 0.074431 0.074432 0.074433 0.074433 0.074433 0.074434 0.074434 0.074435 0.074436 0.074436 0.074437 0.074437 0.074437 0.074437 0.074439 0.074439 0.074439 0.074439 0.074439 0.074439 0.074442 0.074444 0.074445 0.074445 0.074449 0.074450 0.074451 0.074452 0.074454 0.074459 0.074460 0.074461 0.074461 0.074461 0.074462 0.074463 0.074464 0.074466 0.074469 0.074469 0.074470 0.074470 0.074470 0.074473 0.074477 0.074484 0.074566 0.076174 0.078065"
run-time-throughput: N/A
Verification: PASS

 Performance counter stats for './matmul_hdp --size=1024 --local=2 --num-runs=100 --device=gpu':

          64745642      cache-references
          17023958      cache-misses              #   26.294 % of all cache refs

       8.846284353 seconds time elapsed

root@whale:/workspace/codes/sycl-bench/new-build-dpc++-cuda# LD_LIBRARY_PATH=$LD_LIBRARY_PATH:/tmp/llvm-sycl-cuda/build/install/lib ./matmul_hdp --size=1024 --local=2 --num-runs=100 --device=gpu
********** Results for MatMul_HDP_fp32**********
problem-size: 1024
local-size: 2
device-name: Tesla P100-PCIE-12GB
sycl-implementation: LLVM CUDA (Codeplay)
throughput-metric: N/A
kernel-time-mean: N/A
kernel-time-stddev: N/A
kernel-time-median: N/A
kernel-time-min: N/A
kernel-time-samples: N/A
kernel-time-throughput: N/A
run-time-mean: 0.074509 [s]
run-time-stddev: 0.000519 [s]
run-time-median: 0.074428 [s]
run-time-min: 0.074378 [s]
run-time-samples: "0.074378 0.074379 0.074385 0.074392 0.074393 0.074393 0.074395 0.074395 0.074398 0.074398 0.074401 0.074401 0.074401 0.074402 0.074403 0.074404 0.074404 0.074404 0.074404 0.074405 0.074407 0.074410 0.074410 0.074410 0.074411 0.074414 0.074415 0.074416 0.074416 0.074416 0.074418 0.074418 0.074419 0.074420 0.074421 0.074421 0.074421 0.074421 0.074421 0.074422 0.074422 0.074425 0.074425 0.074426 0.074427 0.074427 0.074427 0.074428 0.074428 0.074428 0.074428 0.074430 0.074431 0.074432 0.074433 0.074433 0.074434 0.074434 0.074434 0.074435 0.074435 0.074435 0.074435 0.074437 0.074437 0.074437 0.074439 0.074439 0.074440 0.074441 0.074441 0.074443 0.074443 0.074444 0.074447 0.074447 0.074448 0.074448 0.074448 0.074449 0.074449 0.074452 0.074452 0.074453 0.074453 0.074454 0.074456 0.074456 0.074456 0.074458 0.074458 0.074460 0.074463 0.074475 0.074490 0.074508 0.074546 0.075147 0.078077 0.078093"
run-time-throughput: N/A
Verification: PASS
root@whale:/workspace/codes/sycl-bench/new-build-dpc++-cuda# LD_LIBRARY_PATH=$LD_LIBRARY_PATH:/tmp/llvm-sycl-cuda/build/install/lib perf stat -B -e cache-references,cache-misses ./matmul_hdp --size=1024 --local=4 --num-runs=100 --device=gpu
********** Results for MatMul_HDP_fp32**********
problem-size: 1024
local-size: 4
device-name: Tesla P100-PCIE-12GB
sycl-implementation: LLVM CUDA (Codeplay)
throughput-metric: N/A
kernel-time-mean: N/A
kernel-time-stddev: N/A
kernel-time-median: N/A
kernel-time-min: N/A
kernel-time-samples: N/A
kernel-time-throughput: N/A
run-time-mean: 0.018810 [s]
run-time-stddev: 0.000253 [s]
run-time-median: 0.018735 [s]
run-time-min: 0.018707 [s]
run-time-samples: "0.018707 0.018712 0.018714 0.018715 0.018715 0.018716 0.018717 0.018718 0.018719 0.018720 0.018720 0.018720 0.018721 0.018721 0.018723 0.018724 0.018724 0.018724 0.018725 0.018725 0.018726 0.018726 0.018727 0.018727 0.018727 0.018728 0.018729 0.018729 0.018729 0.018729 0.018730 0.018730 0.018730 0.018731 0.018732 0.018732 0.018732 0.018732 0.018732 0.018732 0.018732 0.018733 0.018733 0.018733 0.018733 0.018734 0.018734 0.018734 0.018734 0.018734 0.018735 0.018735 0.018735 0.018735 0.018735 0.018735 0.018736 0.018736 0.018736 0.018736 0.018737 0.018737 0.018737 0.018737 0.018737 0.018737 0.018737 0.018738 0.018740 0.018740 0.018740 0.018741 0.018741 0.018741 0.018741 0.018742 0.018743 0.018743 0.018747 0.018747 0.018750 0.018751 0.018752 0.018754 0.018755 0.018758 0.018760 0.018769 0.018769 0.018785 0.018796 0.018798 0.019652 0.019657 0.019660 0.019662 0.019666 0.019669 0.019670 0.019672"
run-time-throughput: N/A
Verification: PASS

 Performance counter stats for './matmul_hdp --size=1024 --local=4 --num-runs=100 --device=gpu':

          64584781      cache-references
          16955653      cache-misses              #   26.253 % of all cache refs

       3.263615603 seconds time elapsed

root@whale:/workspace/codes/sycl-bench/new-build-dpc++-cuda# LD_LIBRARY_PATH=$LD_LIBRARY_PATH:/tmp/llvm-sycl-cuda/build/install/lib perf stat -B -e cache-references,cache-misses ./matmul_hdp --size=1024 --local=8 --num-runs=100 --device=gpu
********** Results for MatMul_HDP_fp32**********
problem-size: 1024
local-size: 8
device-name: Tesla P100-PCIE-12GB
sycl-implementation: LLVM CUDA (Codeplay)
throughput-metric: N/A
kernel-time-mean: N/A
kernel-time-stddev: N/A
kernel-time-median: N/A
kernel-time-min: N/A
kernel-time-samples: N/A
kernel-time-throughput: N/A
run-time-mean: 0.008126 [s]
run-time-stddev: 0.000171 [s]
run-time-median: 0.008066 [s]
run-time-min: 0.008032 [s]
run-time-samples: "0.008032 0.008039 0.008039 0.008041 0.008042 0.008043 0.008045 0.008045 0.008045 0.008046 0.008047 0.008050 0.008050 0.008050 0.008051 0.008052 0.008052 0.008052 0.008053 0.008053 0.008054 0.008054 0.008055 0.008055 0.008055 0.008055 0.008055 0.008055 0.008057 0.008057 0.008058 0.008058 0.008058 0.008059 0.008059 0.008060 0.008060 0.008060 0.008060 0.008061 0.008062 0.008062 0.008062 0.008062 0.008062 0.008062 0.008063 0.008064 0.008065 0.008066 0.008066 0.008066 0.008066 0.008066 0.008067 0.008068 0.008068 0.008068 0.008068 0.008068 0.008069 0.008069 0.008069 0.008069 0.008069 0.008070 0.008072 0.008073 0.008073 0.008074 0.008074 0.008075 0.008076 0.008076 0.008076 0.008079 0.008080 0.008081 0.008082 0.008082 0.008082 0.008083 0.008083 0.008086 0.008091 0.008092 0.008093 0.008096 0.008555 0.008563 0.008573 0.008576 0.008583 0.008584 0.008587 0.008587 0.008590 0.008594 0.008605 0.008610"
run-time-throughput: N/A
Verification: PASS

 Performance counter stats for './matmul_hdp --size=1024 --local=8 --num-runs=100 --device=gpu':

          64559895      cache-references
          11472079      cache-misses              #   17.770 % of all cache refs

       2.199225580 seconds time elapsed

root@whale:/workspace/codes/sycl-bench/new-build-dpc++-cuda# LD_LIBRARY_PATH=$LD_LIBRARY_PATH:/tmp/llvm-sycl-cuda/build/install/lib perf stat -B -e cache-references,cache-misses ./matmul_hdp --size=1024 --local=16 --num-runs=100 --device=gpu
********** Results for MatMul_HDP_fp32**********
problem-size: 1024
local-size: 16
device-name: Tesla P100-PCIE-12GB
sycl-implementation: LLVM CUDA (Codeplay)
throughput-metric: N/A
kernel-time-mean: N/A
kernel-time-stddev: N/A
kernel-time-median: N/A
kernel-time-min: N/A
kernel-time-samples: N/A
kernel-time-throughput: N/A
run-time-mean: 0.007644 [s]
run-time-stddev: 0.000083 [s]
run-time-median: 0.007623 [s]
run-time-min: 0.007582 [s]
run-time-samples: "0.007582 0.007586 0.007587 0.007592 0.007592 0.007593 0.007595 0.007595 0.007596 0.007598 0.007599 0.007600 0.007600 0.007600 0.007601 0.007601 0.007602 0.007602 0.007603 0.007604 0.007604 0.007605 0.007606 0.007607 0.007607 0.007607 0.007608 0.007608 0.007609 0.007609 0.007610 0.007610 0.007610 0.007612 0.007612 0.007616 0.007616 0.007616 0.007617 0.007617 0.007617 0.007617 0.007618 0.007618 0.007619 0.007620 0.007621 0.007621 0.007622 0.007622 0.007623 0.007623 0.007624 0.007624 0.007624 0.007624 0.007625 0.007626 0.007626 0.007626 0.007626 0.007627 0.007630 0.007631 0.007631 0.007631 0.007632 0.007633 0.007634 0.007634 0.007634 0.007635 0.007636 0.007637 0.007638 0.007638 0.007641 0.007644 0.007644 0.007644 0.007644 0.007646 0.007647 0.007651 0.007652 0.007652 0.007653 0.007654 0.007655 0.007656 0.007657 0.007666 0.007751 0.007900 0.007902 0.007910 0.007925 0.007946 0.007950 0.007980"
run-time-throughput: N/A
Verification: PASS

 Performance counter stats for './matmul_hdp --size=1024 --local=16 --num-runs=100 --device=gpu':

          64351337      cache-references
          11449707      cache-misses              #   17.792 % of all cache refs

       2.160568438 seconds time elapsed

root@whale:/workspace/codes/sycl-bench/new-build-dpc++-cuda# LD_LIBRARY_PATH=$LD_LIBRARY_PATH:/tmp/llvm-sycl-cuda/build/install/lib perf stat -B -e cache-references,cache-misses ./matmul_hdp --size=1024 --local=32 --num-runs=100 --device=gpu
********** Results for MatMul_HDP_fp32**********
problem-size: 1024
local-size: 32
device-name: Tesla P100-PCIE-12GB
sycl-implementation: LLVM CUDA (Codeplay)
throughput-metric: N/A
kernel-time-mean: N/A
kernel-time-stddev: N/A
kernel-time-median: N/A
kernel-time-min: N/A
kernel-time-samples: N/A
kernel-time-throughput: N/A
run-time-mean: 0.009384 [s]
run-time-stddev: 0.000206 [s]
run-time-median: 0.009301 [s]
run-time-min: 0.009191 [s]
run-time-samples: "0.009191 0.009193 0.009201 0.009207 0.009217 0.009220 0.009222 0.009226 0.009230 0.009231 0.009233 0.009240 0.009242 0.009244 0.009246 0.009247 0.009248 0.009251 0.009252 0.009254 0.009255 0.009258 0.009259 0.009261 0.009262 0.009262 0.009262 0.009264 0.009269 0.009269 0.009270 0.009270 0.009274 0.009274 0.009275 0.009277 0.009277 0.009278 0.009279 0.009281 0.009287 0.009293 0.009294 0.009294 0.009295 0.009296 0.009297 0.009298 0.009299 0.009300 0.009301 0.009302 0.009314 0.009318 0.009319 0.009320 0.009321 0.009322 0.009324 0.009325 0.009329 0.009345 0.009349 0.009352 0.009359 0.009363 0.009363 0.009364 0.009365 0.009382 0.009387 0.009403 0.009403 0.009408 0.009411 0.009412 0.009414 0.009415 0.009429 0.009436 0.009450 0.009450 0.009451 0.009462 0.009499 0.009501 0.009548 0.009623 0.009627 0.009654 0.009847 0.009863 0.009898 0.009904 0.009923 0.009953 0.009962 0.009963 0.009965 0.010051"
run-time-throughput: N/A
Verification: PASS

 Performance counter stats for './matmul_hdp --size=1024 --local=32 --num-runs=100 --device=gpu':

          64545604      cache-references
          17069664      cache-misses              #   26.446 % of all cache refs

       2.333771733 seconds time elapsed

root@whale:/workspace/codes/sycl-bench/new-build-dpc++-cuda# LD_LIBRARY_PATH=$LD_LIBRARY_PATH:/tmp/llvm-sycl-cuda/build/install/lib perf stat -B -e cache-references,cache-misses ./matmul_hdp --size=1024 --local=64 --num-runs=100 --device=gpu
********** Results for MatMul_HDP_fp32**********
problem-size: 1024
local-size: 64
device-name: Tesla P100-PCIE-12GB
sycl-implementation: LLVM CUDA (Codeplay)
SYCL error: Non-uniform work-groups are not supported by the target device -54 (CL_INVALID_WORK_GROUP_SIZE)

 Performance counter stats for './matmul_hdp --size=1024 --local=64 --num-runs=100 --device=gpu':

           9270570      cache-references
           3176997      cache-misses              #   34.270 % of all cache refs

       0.437406802 seconds time elapsed

root@whale:/workspace/codes/sycl-bench/new-build-dpc++-cuda# LD_LIBRARY_PATH=$LD_LIBRARY_PATH:/tmp/llvm-sycl-cuda/build/install/lib perf stat -B -e cache-references,cache-misses ./matmul_hdp --size=1024 --local=128 --num-runs=100 --device=gpu
********** Results for MatMul_HDP_fp32**********
problem-size: 1024
local-size: 128
device-name: Tesla P100-PCIE-12GB
sycl-implementation: LLVM CUDA (Codeplay)
SYCL error: Non-uniform work-groups are not supported by the target device -54 (CL_INVALID_WORK_GROUP_SIZE)

 Performance counter stats for './matmul_hdp --size=1024 --local=128 --num-runs=100 --device=gpu':

           9298815      cache-references
           3223727      cache-misses              #   34.668 % of all cache refs

       0.442664729 seconds time elapsed

root@whale:/workspace/codes/sycl-bench/new-build-dpc++-cuda# LD_LIBRARY_PATH=$LD_LIBRARY_PATH:/tmp/llvm-sycl-cuda/build/install/lib perf stat -B -e cache-references,cache-misses ./matmul_hdp --size=1024 --local=256 --num-runs=100 --device=gpu
********** Results for MatMul_HDP_fp32**********
problem-size: 1024
local-size: 256
device-name: Tesla P100-PCIE-12GB
sycl-implementation: LLVM CUDA (Codeplay)
SYCL error: Non-uniform work-groups are not supported by the target device -54 (CL_INVALID_WORK_GROUP_SIZE)

 Performance counter stats for './matmul_hdp --size=1024 --local=256 --num-runs=100 --device=gpu':

           9384027      cache-references
           3219365      cache-misses              #   34.307 % of all cache refs

       0.443583529 seconds time elapsed

root@whale:/workspace/codes/sycl-bench/new-build-dpc++-cuda# LD_LIBRARY_PATH=$LD_LIBRARY_PATH:/tmp/llvm-sycl-cuda/build/install/lib perf stat -B -e cache-references,cache-misses ./matmul_hdp --size=1024 --local=512 --num-runs=100 --device=gpu
********** Results for MatMul_HDP_fp32**********
problem-size: 1024
local-size: 512
device-name: Tesla P100-PCIE-12GB
sycl-implementation: LLVM CUDA (Codeplay)
SYCL error: Non-uniform work-groups are not supported by the target device -54 (CL_INVALID_WORK_GROUP_SIZE)

 Performance counter stats for './matmul_hdp --size=1024 --local=512 --num-runs=100 --device=gpu':

           9302678      cache-references
           3214660      cache-misses              #   34.556 % of all cache refs

       0.443843922 seconds time elapsed

root@whale:/workspace/codes/sycl-bench/new-build-dpc++-cuda# LD_LIBRARY_PATH=$LD_LIBRARY_PATH:/tmp/llvm-sycl-cuda/build/install/lib perf stat -B -e cache-references,cache-misses ./matmul_hdp --size=1024 --local=1024 --num-runs=100 --device=gpu
********** Results for MatMul_HDP_fp32**********
problem-size: 1024
local-size: 1024
device-name: Tesla P100-PCIE-12GB
sycl-implementation: LLVM CUDA (Codeplay)
SYCL error: Non-uniform work-groups are not supported by the target device -54 (CL_INVALID_WORK_GROUP_SIZE)

 Performance counter stats for './matmul_hdp --size=1024 --local=1024 --num-runs=100 --device=gpu':

           9267487      cache-references
           3189092      cache-misses              #   34.412 % of all cache refs

       0.440783785 seconds time elapsed

root@whale:/workspace/codes/sycl-bench/new-build-dpc++-cuda# LD_LIBRARY_PATH=$LD_LIBRARY_PATH:/tmp/llvm-sycl-cuda/build/install/lib perf stat -B -e cache-references,cache-misses ./matmul_wgp --size=1024 --local=1 --num-runs=100 --device=gpu
********** Results for MatMul_WGP_fp32**********
problem-size: 1024
local-size: 1
device-name: Tesla P100-PCIE-12GB
sycl-implementation: LLVM CUDA (Codeplay)
throughput-metric: N/A
kernel-time-mean: N/A
kernel-time-stddev: N/A
kernel-time-median: N/A
kernel-time-min: N/A
kernel-time-samples: N/A
kernel-time-throughput: N/A
run-time-mean: 0.166030 [s]
run-time-stddev: 0.000814 [s]
run-time-median: 0.165953 [s]
run-time-min: 0.165838 [s]
run-time-samples: "0.165838 0.165883 0.165887 0.165891 0.165895 0.165896 0.165896 0.165898 0.165899 0.165900 0.165903 0.165904 0.165906 0.165906 0.165906 0.165910 0.165910 0.165911 0.165912 0.165913 0.165916 0.165918 0.165919 0.165920 0.165920 0.165921 0.165923 0.165924 0.165927 0.165931 0.165932 0.165932 0.165932 0.165933 0.165934 0.165936 0.165936 0.165936 0.165937 0.165937 0.165938 0.165939 0.165939 0.165940 0.165941 0.165946 0.165947 0.165948 0.165949 0.165951 0.165953 0.165954 0.165955 0.165956 0.165957 0.165957 0.165957 0.165957 0.165958 0.165959 0.165959 0.165961 0.165961 0.165963 0.165963 0.165963 0.165964 0.165965 0.165965 0.165965 0.165966 0.165967 0.165967 0.165969 0.165970 0.165970 0.165970 0.165970 0.165971 0.165971 0.165973 0.165976 0.165976 0.165976 0.165977 0.165977 0.165978 0.165978 0.165979 0.165985 0.165986 0.165990 0.165993 0.165999 0.166003 0.166006 0.166009 0.166060 0.166257 0.174076"
run-time-throughput: N/A
Verification: PASS

 Performance counter stats for './matmul_wgp --size=1024 --local=1 --num-runs=100 --device=gpu':

          65746000      cache-references
          17277691      cache-misses              #   26.279 % of all cache refs

      18.029144899 seconds time elapsed

root@whale:/workspace/codes/sycl-bench/new-build-dpc++-cuda# LD_LIBRARY_PATH=$LD_LIBRARY_PATH:/tmp/llvm-sycl-cuda/build/install/lib perf stat -B -e cache-references,cache-misses ./matmul_wgp --size=1024 --local=2 --num-runs=100 --device=gpu
********** Results for MatMul_WGP_fp32**********
problem-size: 1024
local-size: 2
device-name: Tesla P100-PCIE-12GB
sycl-implementation: LLVM CUDA (Codeplay)
throughput-metric: N/A
kernel-time-mean: N/A
kernel-time-stddev: N/A
kernel-time-median: N/A
kernel-time-min: N/A
kernel-time-samples: N/A
kernel-time-throughput: N/A
run-time-mean: 0.042294 [s]
run-time-stddev: 0.000461 [s]
run-time-median: 0.042210 [s]
run-time-min: 0.042125 [s]
run-time-samples: "0.042125 0.042132 0.042141 0.042144 0.042146 0.042151 0.042152 0.042153 0.042153 0.042154 0.042155 0.042157 0.042158 0.042164 0.042165 0.042165 0.042166 0.042170 0.042170 0.042172 0.042173 0.042174 0.042176 0.042179 0.042184 0.042185 0.042189 0.042190 0.042191 0.042192 0.042193 0.042193 0.042194 0.042195 0.042195 0.042195 0.042196 0.042197 0.042198 0.042200 0.042201 0.042202 0.042203 0.042203 0.042204 0.042205 0.042206 0.042206 0.042206 0.042209 0.042210 0.042210 0.042212 0.042212 0.042212 0.042214 0.042214 0.042216 0.042216 0.042217 0.042217 0.042218 0.042224 0.042225 0.042226 0.042228 0.042228 0.042229 0.042230 0.042232 0.042232 0.042233 0.042234 0.042236 0.042237 0.042237 0.042239 0.042239 0.042245 0.042245 0.042246 0.042247 0.042249 0.042251 0.042259 0.042259 0.042260 0.042263 0.042264 0.042267 0.042270 0.042275 0.042276 0.042285 0.042339 0.042435 0.042645 0.044833 0.044835 0.044963"
run-time-throughput: N/A
Verification: PASS

 Performance counter stats for './matmul_wgp --size=1024 --local=2 --num-runs=100 --device=gpu':

          64781967      cache-references
          17143400      cache-misses              #   26.463 % of all cache refs

       5.614559757 seconds time elapsed

root@whale:/workspace/codes/sycl-bench/new-build-dpc++-cuda# LD_LIBRARY_PATH=$LD_LIBRARY_PATH:/tmp/llvm-sycl-cuda/build/install/lib perf stat -B -e cache-references,cache-misses ./matmul_wgp --size=1024 --local=4 --num-runs=100 --device=gpu
********** Results for MatMul_WGP_fp32**********
problem-size: 1024
local-size: 4
device-name: Tesla P100-PCIE-12GB
sycl-implementation: LLVM CUDA (Codeplay)
throughput-metric: N/A
kernel-time-mean: N/A
kernel-time-stddev: N/A
kernel-time-median: N/A
kernel-time-min: N/A
kernel-time-samples: N/A
kernel-time-throughput: N/A
run-time-mean: 0.010175 [s]
run-time-stddev: 0.000169 [s]
run-time-median: 0.010119 [s]
run-time-min: 0.010114 [s]
run-time-samples: "0.010114 0.010115 0.010116 0.010116 0.010116 0.010116 0.010116 0.010116 0.010116 0.010116 0.010116 0.010116 0.010117 0.010117 0.010117 0.010117 0.010117 0.010117 0.010117 0.010117 0.010117 0.010118 0.010118 0.010118 0.010118 0.010118 0.010118 0.010118 0.010118 0.010118 0.010118 0.010118 0.010118 0.010118 0.010118 0.010118 0.010118 0.010118 0.010119 0.010119 0.010119 0.010119 0.010119 0.010119 0.010119 0.010119 0.010119 0.010119 0.010119 0.010119 0.010119 0.010119 0.010119 0.010119 0.010119 0.010120 0.010120 0.010120 0.010120 0.010120 0.010120 0.010120 0.010120 0.010120 0.010120 0.010120 0.010120 0.010120 0.010120 0.010120 0.010120 0.010121 0.010121 0.010122 0.010122 0.010122 0.010122 0.010122 0.010123 0.010125 0.010127 0.010136 0.010137 0.010137 0.010138 0.010140 0.010161 0.010161 0.010162 0.010163 0.010163 0.010705 0.010707 0.010708 0.010708 0.010709 0.010709 0.010710 0.010712 0.010720"
run-time-throughput: N/A
Verification: PASS

 Performance counter stats for './matmul_wgp --size=1024 --local=4 --num-runs=100 --device=gpu':

          64643901      cache-references
          17044801      cache-misses              #   26.367 % of all cache refs

       2.407012636 seconds time elapsed

root@whale:/workspace/codes/sycl-bench/new-build-dpc++-cuda# LD_LIBRARY_PATH=$LD_LIBRARY_PATH:/tmp/llvm-sycl-cuda/build/install/lib perf stat -B -e cache-references,cache-misses ./matmul_wgp --size=1024 --local=8 --num-runs=100 --device=gpu
********** Results for MatMul_WGP_fp32**********
problem-size: 1024
local-size: 8
device-name: Tesla P100-PCIE-12GB
sycl-implementation: LLVM CUDA (Codeplay)
throughput-metric: N/A
kernel-time-mean: N/A
kernel-time-stddev: N/A
kernel-time-median: N/A
kernel-time-min: N/A
kernel-time-samples: N/A
kernel-time-throughput: N/A
run-time-mean: 0.006871 [s]
run-time-stddev: 0.000139 [s]
run-time-median: 0.006822 [s]
run-time-min: 0.006797 [s]
run-time-samples: "0.006797 0.006798 0.006800 0.006803 0.006804 0.006805 0.006805 0.006806 0.006806 0.006807 0.006807 0.006807 0.006808 0.006809 0.006809 0.006809 0.006810 0.006810 0.006810 0.006811 0.006811 0.006811 0.006811 0.006811 0.006811 0.006812 0.006812 0.006812 0.006813 0.006813 0.006813 0.006813 0.006814 0.006814 0.006815 0.006815 0.006815 0.006815 0.006815 0.006816 0.006816 0.006816 0.006816 0.006818 0.006818 0.006819 0.006819 0.006820 0.006820 0.006822 0.006822 0.006822 0.006822 0.006822 0.006823 0.006823 0.006823 0.006823 0.006824 0.006824 0.006824 0.006824 0.006826 0.006826 0.006826 0.006826 0.006826 0.006827 0.006827 0.006827 0.006827 0.006828 0.006828 0.006829 0.006830 0.006830 0.006830 0.006832 0.006834 0.006835 0.006836 0.006854 0.006854 0.006855 0.006858 0.006861 0.006862 0.006866 0.007055 0.007244 0.007245 0.007250 0.007254 0.007256 0.007256 0.007260 0.007261 0.007262 0.007263 0.007267"
run-time-throughput: N/A
Verification: PASS

 Performance counter stats for './matmul_wgp --size=1024 --local=8 --num-runs=100 --device=gpu':

          64552926      cache-references
          11637449      cache-misses              #   18.028 % of all cache refs

       2.079325201 seconds time elapsed

root@whale:/workspace/codes/sycl-bench/new-build-dpc++-cuda# 18.028^C
root@whale:/workspace/codes/sycl-bench/new-build-dpc++-cuda# LD_LIBRARY_PATH=$LD_LIBRARY_PATH:/tmp/llvm-sycl-cuda/build/install/lib perf stat -B -e cache-references,cache-misses ./matmul_wgp --size=1024 --local=16 --num-runs=100 --device=gpu
********** Results for MatMul_WGP_fp32**********
problem-size: 1024
local-size: 16
device-name: Tesla P100-PCIE-12GB
sycl-implementation: LLVM CUDA (Codeplay)
throughput-metric: N/A
kernel-time-mean: N/A
kernel-time-stddev: N/A
kernel-time-median: N/A
kernel-time-min: N/A
kernel-time-samples: N/A
kernel-time-throughput: N/A
run-time-mean: 0.004777 [s]
run-time-stddev: 0.000103 [s]
run-time-median: 0.004744 [s]
run-time-min: 0.004655 [s]
run-time-samples: "0.004655 0.004662 0.004668 0.004671 0.004691 0.004691 0.004695 0.004698 0.004699 0.004705 0.004710 0.004711 0.004712 0.004712 0.004714 0.004715 0.004718 0.004718 0.004719 0.004719 0.004719 0.004719 0.004720 0.004720 0.004720 0.004721 0.004721 0.004723 0.004724 0.004724 0.004725 0.004725 0.004725 0.004726 0.004728 0.004728 0.004729 0.004729 0.004731 0.004733 0.004734 0.004735 0.004735 0.004736 0.004736 0.004737 0.004738 0.004741 0.004741 0.004741 0.004744 0.004744 0.004744 0.004745 0.004749 0.004749 0.004749 0.004751 0.004751 0.004752 0.004752 0.004754 0.004756 0.004757 0.004758 0.004759 0.004763 0.004766 0.004767 0.004768 0.004769 0.004772 0.004773 0.004774 0.004776 0.004778 0.004778 0.004783 0.004783 0.004791 0.004793 0.004796 0.004809 0.004811 0.004813 0.004817 0.004825 0.004900 0.004941 0.005001 0.005010 0.005015 0.005025 0.005029 0.005032 0.005040 0.005044 0.005049 0.005090 0.005139"
run-time-throughput: N/A
Verification: PASS

 Performance counter stats for './matmul_wgp --size=1024 --local=16 --num-runs=100 --device=gpu':

          64551243      cache-references
          17035317      cache-misses              #   26.390 % of all cache refs

       1.867229393 seconds time elapsed

root@whale:/workspace/codes/sycl-bench/new-build-dpc++-cuda# LD_LIBRARY_PATH=$LD_LIBRARY_PATH:/tmp/llvm-sycl-cuda/build/install/lib perf stat -B -e cache-references,cache-misses ./matmul_wgp --size=1024 --local=32 --num-runs=100 --device=gpu
********** Results for MatMul_WGP_fp32**********
problem-size: 1024
local-size: 32
device-name: Tesla P100-PCIE-12GB
sycl-implementation: LLVM CUDA (Codeplay)
throughput-metric: N/A
kernel-time-mean: N/A
kernel-time-stddev: N/A
kernel-time-median: N/A
kernel-time-min: N/A
kernel-time-samples: N/A
kernel-time-throughput: N/A
run-time-mean: 0.004395 [s]
run-time-stddev: 0.000124 [s]
run-time-median: 0.004352 [s]
run-time-min: 0.004338 [s]
run-time-samples: "0.004338 0.004338 0.004339 0.004339 0.004339 0.004340 0.004340 0.004341 0.004341 0.004341 0.004341 0.004341 0.004342 0.004342 0.004342 0.004343 0.004344 0.004344 0.004344 0.004344 0.004344 0.004345 0.004345 0.004345 0.004346 0.004346 0.004346 0.004346 0.004347 0.004347 0.004348 0.004348 0.004348 0.004349 0.004349 0.004349 0.004349 0.004349 0.004349 0.004350 0.004350 0.004350 0.004350 0.004350 0.004351 0.004351 0.004351 0.004351 0.004351 0.004351 0.004352 0.004352 0.004352 0.004353 0.004353 0.004354 0.004355 0.004356 0.004356 0.004356 0.004356 0.004356 0.004356 0.004357 0.004357 0.004357 0.004357 0.004359 0.004359 0.004360 0.004360 0.004360 0.004360 0.004361 0.004361 0.004361 0.004362 0.004362 0.004363 0.004364 0.004364 0.004366 0.004366 0.004366 0.004366 0.004367 0.004367 0.004367 0.004375 0.004727 0.004729 0.004732 0.004734 0.004737 0.004739 0.004744 0.004744 0.004745 0.004772 0.004776"
run-time-throughput: N/A
Verification: PASS

 Performance counter stats for './matmul_wgp --size=1024 --local=32 --num-runs=100 --device=gpu':

          64559897      cache-references
          11409829      cache-misses              #   17.673 % of all cache refs

       1.828140869 seconds time elapsed

root@whale:/workspace/codes/sycl-bench/new-build-dpc++-cuda# LD_LIBRARY_PATH=$LD_LIBRARY_PATH:/tmp/llvm-sycl-cuda/build/install/lib perf stat -B -e cache-references,cache-misses ./matmul_wgp --size=1024 --local=64 --num-runs=100 --device=gpu
********** Results for MatMul_WGP_fp32**********
problem-size: 1024
local-size: 64
device-name: Tesla P100-PCIE-12GB
sycl-implementation: LLVM CUDA (Codeplay)
SYCL error: Non-uniform work-groups are not supported by the target device -54 (CL_INVALID_WORK_GROUP_SIZE)

 Performance counter stats for './matmul_wgp --size=1024 --local=64 --num-runs=100 --device=gpu':

           9258354      cache-references
           3205202      cache-misses              #   34.620 % of all cache refs

       0.444723830 seconds time elapsed

root@whale:/workspace/codes/sycl-bench/new-build-dpc++-cuda# LD_LIBRARY_PATH=$LD_LIBRARY_PATH:/tmp/llvm-sycl-cuda/build/install/lib perf stat -B -e cache-references,cache-misses ./matmul_wgp --size=1024 --local=128 --num-runs=100 --device=gpu
********** Results for MatMul_WGP_fp32**********
problem-size: 1024
local-size: 128
device-name: Tesla P100-PCIE-12GB
sycl-implementation: LLVM CUDA (Codeplay)
SYCL error: Non-uniform work-groups are not supported by the target device -54 (CL_INVALID_WORK_GROUP_SIZE)

 Performance counter stats for './matmul_wgp --size=1024 --local=128 --num-runs=100 --device=gpu':

           9260250      cache-references
           3211108      cache-misses              #   34.676 % of all cache refs

       0.440565266 seconds time elapsed

root@whale:/workspace/codes/sycl-bench/new-build-dpc++-cuda# LD_LIBRARY_PATH=$LD_LIBRARY_PATH:/tmp/llvm-sycl-cuda/build/install/lib perf stat -B -e cache-references,cache-misses ./matmul_wgp --size=1024 --local=256 --num-runs=100 --device=gpu
********** Results for MatMul_WGP_fp32**********
problem-size: 1024
local-size: 256
device-name: Tesla P100-PCIE-12GB
sycl-implementation: LLVM CUDA (Codeplay)
SYCL error: Non-uniform work-groups are not supported by the target device -54 (CL_INVALID_WORK_GROUP_SIZE)

 Performance counter stats for './matmul_wgp --size=1024 --local=256 --num-runs=100 --device=gpu':

           9353196      cache-references
           3235392      cache-misses              #   34.591 % of all cache refs

       0.446578263 seconds time elapsed

root@whale:/workspace/codes/sycl-bench/new-build-dpc++-cuda# LD_LIBRARY_PATH=$LD_LIBRARY_PATH:/tmp/llvm-sycl-cuda/build/install/lib perf stat -B -e cache-references,cache-misses ./matmul_wgp --size=1024 --local=512 --num-runs=100 --device=gpu
********** Results for MatMul_WGP_fp32**********
problem-size: 1024
local-size: 512
device-name: Tesla P100-PCIE-12GB
sycl-implementation: LLVM CUDA (Codeplay)
SYCL error: Non-uniform work-groups are not supported by the target device -54 (CL_INVALID_WORK_GROUP_SIZE)

 Performance counter stats for './matmul_wgp --size=1024 --local=512 --num-runs=100 --device=gpu':

           9242435      cache-references
           3199379      cache-misses              #   34.616 % of all cache refs

       0.441555601 seconds time elapsed

root@whale:/workspace/codes/sycl-bench/new-build-dpc++-cuda# LD_LIBRARY_PATH=$LD_LIBRARY_PATH:/tmp/llvm-sycl-cuda/build/install/lib perf stat -B -e cache-references,cache-misses ./matmul_wgp --size=1024 --local=1024 --num-runs=100 --device=gpu
********** Results for MatMul_WGP_fp32**********
problem-size: 1024
local-size: 1024
device-name: Tesla P100-PCIE-12GB
sycl-implementation: LLVM CUDA (Codeplay)
SYCL error: Non-uniform work-groups are not supported by the target device -54 (CL_INVALID_WORK_GROUP_SIZE)

 Performance counter stats for './matmul_wgp --size=1024 --local=1024 --num-runs=100 --device=gpu':

           9252306      cache-references
           3219786      cache-misses              #   34.800 % of all cache refs

       0.444781077 seconds time elapsed

