root@whale:/workspace/codes/sycl-bench/new-build-hipsycl-cpu# LD_LIBRARY_PATH=$LD_LIBRARY_PATH:/opt/hipSYCL/llvm/lib perf stat -B -e cache-references,cache-misses ./matmul_bkp --size=1024 --num-runs=100
********** Results for MatMul_BKP_fp32**********
problem-size: 1024
local-size: 32
device-name: hipCPU OpenMP host device
sycl-implementation: hipSYCL
throughput-metric: N/A
kernel-time-mean: N/A
kernel-time-stddev: N/A
kernel-time-median: N/A
kernel-time-min: N/A
kernel-time-samples: N/A
kernel-time-throughput: N/A
run-time-mean: 0.350018 [s]
run-time-stddev: 0.042741 [s]
run-time-median: 0.341470 [s]
run-time-min: 0.270442 [s]
run-time-samples: "0.270442 0.279732 0.282493 0.283276 0.286163 0.286652 0.295874 0.295939 0.297426 0.297581 0.299178 0.300864 0.306219 0.306915 0.309682 0.310631 0.310790 0.313102 0.314723 0.316030 0.316430 0.316646 0.320026 0.320145 0.322975 0.323035 0.323179 0.323724 0.324226 0.324530 0.324989 0.325665 0.327199 0.327393 0.327681 0.328170 0.328772 0.328931 0.329397 0.329619 0.330472 0.331026 0.331068 0.334641 0.334642 0.335469 0.339026 0.339546 0.340313 0.340420 0.341470 0.343040 0.345245 0.346513 0.347004 0.347237 0.347639 0.349634 0.350240 0.353067 0.353374 0.355230 0.355811 0.355966 0.356845 0.358135 0.359654 0.359928 0.362099 0.362319 0.362938 0.366074 0.370288 0.372177 0.373173 0.384886 0.385550 0.386799 0.388264 0.389790 0.389961 0.390062 0.398951 0.399588 0.404458 0.405806 0.408756 0.408846 0.412913 0.413494 0.414354 0.419704 0.420878 0.421262 0.427503 0.433043 0.442893 0.447192 0.448393 0.450330"
run-time-throughput: N/A
Verification: PASS

 Performance counter stats for './matmul_bkp --size=1024 --num-runs=100':

       72572602051      cache-references
          33942845      cache-misses              #    0.047 % of all cache refs

      35.527584845 seconds time elapsed

root@whale:/workspace/codes/sycl-bench/new-build-hipsycl-cpu# LD_LIBRARY_PATH=$LD_LIBRARY_PATH:/opt/hipSYCL/llvm/lib perf stat -B -e cache-references,cache-misses ./matmul_bkp --size=1024 --num-runs=100
********** Results for MatMul_BKP_fp32**********
problem-size: 1024
local-size: 32
device-name: hipCPU OpenMP host device
sycl-implementation: hipSYCL
throughput-metric: N/A
kernel-time-mean: N/A
kernel-time-stddev: N/A
kernel-time-median: N/A
kernel-time-min: N/A
kernel-time-samples: N/A
kernel-time-throughput: N/A
run-time-mean: 0.345390 [s]
run-time-stddev: 0.036490 [s]
run-time-median: 0.342036 [s]
run-time-min: 0.276754 [s]
run-time-samples: "0.276754 0.279044 0.282267 0.283744 0.288925 0.291604 0.294001 0.296118 0.297994 0.298386 0.298504 0.300035 0.302758 0.304427 0.304476 0.304616 0.307304 0.310020 0.311095 0.313418 0.313605 0.314286 0.314288 0.314981 0.315182 0.317112 0.317631 0.320001 0.321357 0.321379 0.324777 0.325199 0.325270 0.328041 0.328099 0.329277 0.329855 0.330254 0.330805 0.330874 0.334327 0.334924 0.335304 0.335351 0.335593 0.335732 0.338599 0.338840 0.339218 0.341930 0.342036 0.344781 0.346783 0.347235 0.347391 0.349485 0.353133 0.353155 0.354155 0.357559 0.357601 0.358490 0.359509 0.360758 0.361653 0.362168 0.363542 0.363599 0.364091 0.365282 0.365925 0.366340 0.366568 0.367862 0.368720 0.369835 0.371709 0.372045 0.375493 0.377531 0.377784 0.379184 0.381070 0.381122 0.383723 0.383761 0.383906 0.384140 0.384693 0.391680 0.393412 0.394814 0.397070 0.400252 0.405451 0.411947 0.424169 0.429530 0.434049 0.435203"
run-time-throughput: N/A
Verification: PASS

 Performance counter stats for './matmul_bkp --size=1024 --num-runs=100':

       71035671223      cache-references
          34788777      cache-misses              #    0.049 % of all cache refs

      35.080854470 seconds time elapsed

root@whale:/workspace/codes/sycl-bench/new-build-hipsycl-cpu# LD_LIBRARY_PATH=$LD_LIBRARY_PATH:/opt/hipSYCL/llvm/lib perf stat -B -e cache-references,cache-misses ./matmul_bkp --size=1024 --num-runs=100
********** Results for MatMul_BKP_fp32**********
problem-size: 1024
local-size: 32
device-name: hipCPU OpenMP host device
sycl-implementation: hipSYCL
throughput-metric: N/A
kernel-time-mean: N/A
kernel-time-stddev: N/A
kernel-time-median: N/A
kernel-time-min: N/A
kernel-time-samples: N/A
kernel-time-throughput: N/A
run-time-mean: 0.358078 [s]
run-time-stddev: 0.043991 [s]
run-time-median: 0.356479 [s]
run-time-min: 0.268189 [s]
run-time-samples: "0.268189 0.277116 0.279151 0.281888 0.282659 0.283995 0.287859 0.288835 0.293605 0.301316 0.305204 0.306565 0.306895 0.307470 0.307752 0.315221 0.317107 0.320200 0.320545 0.320893 0.321574 0.324834 0.326895 0.327096 0.328216 0.328660 0.329357 0.329647 0.329836 0.330760 0.330927 0.331160 0.331449 0.333273 0.335998 0.337363 0.339213 0.340968 0.341282 0.344664 0.346969 0.347490 0.348996 0.349292 0.349410 0.349967 0.350149 0.352725 0.354685 0.356230 0.356479 0.358945 0.361255 0.362559 0.363092 0.364074 0.365191 0.367151 0.368047 0.368448 0.368806 0.368859 0.373129 0.373333 0.373565 0.375749 0.376516 0.376722 0.378535 0.378950 0.380001 0.381802 0.382589 0.383719 0.384071 0.384511 0.385044 0.385768 0.390473 0.391605 0.395445 0.399675 0.401306 0.401944 0.403407 0.405506 0.406145 0.409687 0.417573 0.420480 0.429599 0.430637 0.435827 0.438802 0.441916 0.442008 0.443004 0.443898 0.444801 0.445632"
run-time-throughput: N/A
Verification: PASS

 Performance counter stats for './matmul_bkp --size=1024 --num-runs=100':

       67817163729      cache-references
          30485656      cache-misses              #    0.045 % of all cache refs

      36.407547510 seconds time elapsed

root@whale:/workspace/codes/sycl-bench/new-build-hipsycl-cpu# LD_LIBRARY_PATH=$LD_LIBRARY_PATH:/opt/hipSYCL/llvm/lib perf stat -B -e cache-references,cache-misses ./matmul_serial --size=1024 --num-runs=100
********** Results for MatMul_Serial_fp32**********
problem-size: 1024
local-size: 32
device-name: hipCPU OpenMP host device
sycl-implementation: hipSYCL
throughput-metric: N/A
kernel-time-mean: N/A
kernel-time-stddev: N/A
kernel-time-median: N/A
kernel-time-min: N/A
kernel-time-samples: N/A
kernel-time-throughput: N/A
run-time-mean: 4.647844 [s]
run-time-stddev: 0.000946 [s]
run-time-median: 4.647662 [s]
run-time-min: 4.645459 [s]
run-time-samples: "4.645459 4.645638 4.646228 4.646532 4.646670 4.646763 4.647054 4.647188 4.647312 4.647448 4.647458 4.647479 4.647479 4.647482 4.647484 4.647490 4.647507 4.647508 4.647513 4.647513 4.647519 4.647522 4.647525 4.647532 4.647536 4.647548 4.647565 4.647566 4.647568 4.647568 4.647574 4.647577 4.647578 4.647583 4.647586 4.647590 4.647590 4.647591 4.647611 4.647615 4.647620 4.647626 4.647631 4.647632 4.647633 4.647636 4.647637 4.647640 4.647646 4.647649 4.647662 4.647664 4.647665 4.647673 4.647677 4.647682 4.647684 4.647685 4.647688 4.647688 4.647696 4.647697 4.647699 4.647706 4.647711 4.647711 4.647712 4.647723 4.647724 4.647729 4.647743 4.647745 4.647748 4.647748 4.647753 4.647755 4.647756 4.647772 4.647791 4.647795 4.647816 4.647835 4.647840 4.647878 4.647995 4.648023 4.648090 4.648093 4.648634 4.649048 4.649116 4.649628 4.649784 4.649831 4.650253 4.650370 4.650410 4.650723 4.651067 4.651548"
run-time-throughput: N/A
Verification: PASS

 Performance counter stats for './matmul_serial --size=1024 --num-runs=100':

      107636182785      cache-references
           2387602      cache-misses              #    0.002 % of all cache refs

     465.295673375 seconds time elapsed

root@whale:/workspace/codes/sycl-bench/new-build-hipsycl-cpu# LD_LIBRARY_PATH=$LD_LIBRARY_PATH:/opt/hipSYCL/llvm/lib perf stat -B -e cache-references,cache-misses ./matmul_hdp --size=1024 --local=1 --num-runs
=100
********** Results for MatMul_HDP_fp32**********
problem-size: 1024
local-size: 1
device-name: hipCPU OpenMP host device
sycl-implementation: hipSYCL
Problem size=1024x1024 # Work Groups=1024x1024(1048576) of 1x1 big
Problem size=1024x1024 # Work Groups=1024x1024(1048576) of 1x1 big
Problem size=1024x1024 # Work Groups=1024x1024(1048576) of 1x1 big
Problem size=1024x1024 # Work Groups=1024x1024(1048576) of 1x1 big
Problem size=1024x1024 # Work Groups=1024x1024(1048576) of 1x1 big
Problem size=1024x1024 # Work Groups=1024x1024(1048576) of 1x1 big
Problem size=1024x1024 # Work Groups=1024x1024(1048576) of 1x1 big
Problem size=1024x1024 # Work Groups=1024x1024(1048576) of 1x1 big
Problem size=1024x1024 # Work Groups=1024x1024(1048576) of 1x1 big
Problem size=1024x1024 # Work Groups=1024x1024(1048576) of 1x1 big
Problem size=1024x1024 # Work Groups=1024x1024(1048576) of 1x1 big
Problem size=1024x1024 # Work Groups=1024x1024(1048576) of 1x1 big
Problem size=1024x1024 # Work Groups=1024x1024(1048576) of 1x1 big
Problem size=1024x1024 # Work Groups=1024x1024(1048576) of 1x1 big
Problem size=1024x1024 # Work Groups=1024x1024(1048576) of 1x1 big
Problem size=1024x1024 # Work Groups=1024x1024(1048576) of 1x1 big
Problem size=1024x1024 # Work Groups=1024x1024(1048576) of 1x1 big
Problem size=1024x1024 # Work Groups=1024x1024(1048576) of 1x1 big
Problem size=1024x1024 # Work Groups=1024x1024(1048576) of 1x1 big
Problem size=1024x1024 # Work Groups=1024x1024(1048576) of 1x1 big
Problem size=1024x1024 # Work Groups=1024x1024(1048576) of 1x1 big
Problem size=1024x1024 # Work Groups=1024x1024(1048576) of 1x1 big
Problem size=1024x1024 # Work Groups=1024x1024(1048576) of 1x1 big
Problem size=1024x1024 # Work Groups=1024x1024(1048576) of 1x1 big
Problem size=1024x1024 # Work Groups=1024x1024(1048576) of 1x1 big
Problem size=1024x1024 # Work Groups=1024x1024(1048576) of 1x1 big
Problem size=1024x1024 # Work Groups=1024x1024(1048576) of 1x1 big
Problem size=1024x1024 # Work Groups=1024x1024(1048576) of 1x1 big
Problem size=1024x1024 # Work Groups=1024x1024(1048576) of 1x1 big
Problem size=1024x1024 # Work Groups=1024x1024(1048576) of 1x1 big
Problem size=1024x1024 # Work Groups=1024x1024(1048576) of 1x1 big
Problem size=1024x1024 # Work Groups=1024x1024(1048576) of 1x1 big
Problem size=1024x1024 # Work Groups=1024x1024(1048576) of 1x1 big
Problem size=1024x1024 # Work Groups=1024x1024(1048576) of 1x1 big
Problem size=1024x1024 # Work Groups=1024x1024(1048576) of 1x1 big
Problem size=1024x1024 # Work Groups=1024x1024(1048576) of 1x1 big
Problem size=1024x1024 # Work Groups=1024x1024(1048576) of 1x1 big
Problem size=1024x1024 # Work Groups=1024x1024(1048576) of 1x1 big
Problem size=1024x1024 # Work Groups=1024x1024(1048576) of 1x1 big
Problem size=1024x1024 # Work Groups=1024x1024(1048576) of 1x1 big
Problem size=1024x1024 # Work Groups=1024x1024(1048576) of 1x1 big
Problem size=1024x1024 # Work Groups=1024x1024(1048576) of 1x1 big
Problem size=1024x1024 # Work Groups=1024x1024(1048576) of 1x1 big
Problem size=1024x1024 # Work Groups=1024x1024(1048576) of 1x1 big
Problem size=1024x1024 # Work Groups=1024x1024(1048576) of 1x1 big
Problem size=1024x1024 # Work Groups=1024x1024(1048576) of 1x1 big
Problem size=1024x1024 # Work Groups=1024x1024(1048576) of 1x1 big
Problem size=1024x1024 # Work Groups=1024x1024(1048576) of 1x1 big
Problem size=1024x1024 # Work Groups=1024x1024(1048576) of 1x1 big
Problem size=1024x1024 # Work Groups=1024x1024(1048576) of 1x1 big
Problem size=1024x1024 # Work Groups=1024x1024(1048576) of 1x1 big
Problem size=1024x1024 # Work Groups=1024x1024(1048576) of 1x1 big
Problem size=1024x1024 # Work Groups=1024x1024(1048576) of 1x1 big
Problem size=1024x1024 # Work Groups=1024x1024(1048576) of 1x1 big
Problem size=1024x1024 # Work Groups=1024x1024(1048576) of 1x1 big
Problem size=1024x1024 # Work Groups=1024x1024(1048576) of 1x1 big
Problem size=1024x1024 # Work Groups=1024x1024(1048576) of 1x1 big
Problem size=1024x1024 # Work Groups=1024x1024(1048576) of 1x1 big
Problem size=1024x1024 # Work Groups=1024x1024(1048576) of 1x1 big
Problem size=1024x1024 # Work Groups=1024x1024(1048576) of 1x1 big
Problem size=1024x1024 # Work Groups=1024x1024(1048576) of 1x1 big
Problem size=1024x1024 # Work Groups=1024x1024(1048576) of 1x1 big
Problem size=1024x1024 # Work Groups=1024x1024(1048576) of 1x1 big
Problem size=1024x1024 # Work Groups=1024x1024(1048576) of 1x1 big
Problem size=1024x1024 # Work Groups=1024x1024(1048576) of 1x1 big
Problem size=1024x1024 # Work Groups=1024x1024(1048576) of 1x1 big
Problem size=1024x1024 # Work Groups=1024x1024(1048576) of 1x1 big
Problem size=1024x1024 # Work Groups=1024x1024(1048576) of 1x1 big
Problem size=1024x1024 # Work Groups=1024x1024(1048576) of 1x1 big
Problem size=1024x1024 # Work Groups=1024x1024(1048576) of 1x1 big
Problem size=1024x1024 # Work Groups=1024x1024(1048576) of 1x1 big
Problem size=1024x1024 # Work Groups=1024x1024(1048576) of 1x1 big
Problem size=1024x1024 # Work Groups=1024x1024(1048576) of 1x1 big
Problem size=1024x1024 # Work Groups=1024x1024(1048576) of 1x1 big
Problem size=1024x1024 # Work Groups=1024x1024(1048576) of 1x1 big
Problem size=1024x1024 # Work Groups=1024x1024(1048576) of 1x1 big
Problem size=1024x1024 # Work Groups=1024x1024(1048576) of 1x1 big
Problem size=1024x1024 # Work Groups=1024x1024(1048576) of 1x1 big
Problem size=1024x1024 # Work Groups=1024x1024(1048576) of 1x1 big
Problem size=1024x1024 # Work Groups=1024x1024(1048576) of 1x1 big
Problem size=1024x1024 # Work Groups=1024x1024(1048576) of 1x1 big
Problem size=1024x1024 # Work Groups=1024x1024(1048576) of 1x1 big
Problem size=1024x1024 # Work Groups=1024x1024(1048576) of 1x1 big
Problem size=1024x1024 # Work Groups=1024x1024(1048576) of 1x1 big
Problem size=1024x1024 # Work Groups=1024x1024(1048576) of 1x1 big
Problem size=1024x1024 # Work Groups=1024x1024(1048576) of 1x1 big
Problem size=1024x1024 # Work Groups=1024x1024(1048576) of 1x1 big
Problem size=1024x1024 # Work Groups=1024x1024(1048576) of 1x1 big
Problem size=1024x1024 # Work Groups=1024x1024(1048576) of 1x1 big
Problem size=1024x1024 # Work Groups=1024x1024(1048576) of 1x1 big
Problem size=1024x1024 # Work Groups=1024x1024(1048576) of 1x1 big
Problem size=1024x1024 # Work Groups=1024x1024(1048576) of 1x1 big
Problem size=1024x1024 # Work Groups=1024x1024(1048576) of 1x1 big
Problem size=1024x1024 # Work Groups=1024x1024(1048576) of 1x1 big
Problem size=1024x1024 # Work Groups=1024x1024(1048576) of 1x1 big
Problem size=1024x1024 # Work Groups=1024x1024(1048576) of 1x1 big
Problem size=1024x1024 # Work Groups=1024x1024(1048576) of 1x1 big
Problem size=1024x1024 # Work Groups=1024x1024(1048576) of 1x1 big
Problem size=1024x1024 # Work Groups=1024x1024(1048576) of 1x1 big
Problem size=1024x1024 # Work Groups=1024x1024(1048576) of 1x1 big
throughput-metric: N/A
kernel-time-mean: N/A
kernel-time-stddev: N/A
kernel-time-median: N/A
kernel-time-min: N/A
kernel-time-samples: N/A
kernel-time-throughput: N/A
run-time-mean: 0.360468 [s]
run-time-stddev: 0.044200 [s]
run-time-median: 0.368982 [s]
run-time-min: 0.274718 [s]
run-time-samples: "0.274718 0.280864 0.290047 0.290048 0.292470 0.296836 0.298189 0.298911 0.300249 0.300306 0.300361 0.300866 0.303156 0.306101 0.306143 0.307075 0.307984 0.308739 0.311154 0.311570 0.311981 0.313584 0.314085 0.314472 0.316162 0.319312 0.321193 0.322014 0.324074 0.325134 0.328892 0.329419 0.331904 0.333254 0.333452 0.336061 0.338969 0.340418 0.342480 0.347017 0.347572 0.348049 0.352248 0.352313 0.353575 0.360354 0.364469 0.364788 0.367993 0.368182 0.368982 0.369188 0.369785 0.371289 0.372699 0.372946 0.373546 0.374794 0.375560 0.375950 0.376027 0.377963 0.381210 0.383473 0.386402 0.386958 0.390075 0.392244 0.393059 0.393240 0.395395 0.395419 0.396081 0.396825 0.397714 0.398981 0.400013 0.400226 0.401748 0.402049 0.404190 0.405589 0.406502 0.408798 0.410007 0.410538 0.415449 0.416108 0.416957 0.419117 0.419427 0.420113 0.421478 0.421580 0.422840 0.423249 0.423473 0.424213 0.431317 0.446755"
run-time-throughput: N/A
Verification: PASS

 Performance counter stats for './matmul_hdp --size=1024 --local=1 --num-runs=100':

       69356255132      cache-references
          31997082      cache-misses              #    0.046 % of all cache refs

      36.653781186 seconds time elapsed

root@whale:/workspace/codes/sycl-bench/new-build-hipsycl-cpu# make matmul_serial matmul_wgp matmul_bkp matmul_hdp
[100%] Built target matmul_serial
[100%] Built target matmul_wgp
[100%] Built target matmul_bkp
[ 50%] Building SYCL object CMakeFiles/matmul_hdp.dir/single-kernel/matmul_hdp.cpp.o
warning: loop not vectorized: the optimizer was unable to perform the requested transformation; the transformation might be disabled or specified as part of an unsupported transformation ordering [-Wpass-failed=transform-warning]
1 warning generated.
[100%] Linking SYCL executable matmul_hdp
[100%] Built target matmul_hdp
root@whale:/workspace/codes/sycl-bench/new-build-hipsycl-cpu# LD_LIBRARY_PATH=$LD_LIBRARY_PATH:/opt/hipSYCL/llvm/lib perf stat -B -e cache-references,cache-misses ./matmul_hdp --size=1024 --local=1 --num-runs=100
********** Results for MatMul_HDP_fp32**********
problem-size: 1024
local-size: 1
device-name: hipCPU OpenMP host device
sycl-implementation: hipSYCL
throughput-metric: N/A
kernel-time-mean: N/A
kernel-time-stddev: N/A
kernel-time-median: N/A
kernel-time-min: N/A
kernel-time-samples: N/A
kernel-time-throughput: N/A
run-time-mean: 0.354401 [s]
run-time-stddev: 0.038863 [s]
run-time-median: 0.359147 [s]
run-time-min: 0.283990 [s]
run-time-samples: "0.283990 0.285388 0.293662 0.294131 0.296368 0.297348 0.297997 0.299396 0.299512 0.300056 0.300152 0.301540 0.302143 0.302470 0.303327 0.308119 0.312760 0.314808 0.315600 0.315829 0.317341 0.317951 0.319575 0.319589 0.322510 0.322948 0.323525 0.323781 0.325736 0.326502 0.326938 0.328071 0.328909 0.329278 0.329613 0.331615 0.336882 0.337233 0.338309 0.339819 0.339980 0.342107 0.344093 0.344315 0.349687 0.353276 0.355169 0.356456 0.357967 0.358545 0.359147 0.360037 0.360202 0.360743 0.362141 0.363240 0.363359 0.364302 0.366947 0.369136 0.369924 0.370318 0.370741 0.371878 0.373082 0.373226 0.374307 0.375848 0.376332 0.377845 0.381581 0.382627 0.382731 0.383713 0.383790 0.384300 0.385891 0.385899 0.388594 0.390028 0.392070 0.392191 0.394029 0.394530 0.395327 0.398049 0.398811 0.402352 0.402434 0.404049 0.404469 0.407349 0.407363 0.410810 0.415392 0.416457 0.417767 0.418999 0.426361 0.457101"
run-time-throughput: N/A
Verification: PASS

 Performance counter stats for './matmul_hdp --size=1024 --local=1 --num-runs=100':

       67696928133      cache-references
          33437955      cache-misses              #    0.049 % of all cache refs

      35.999008134 seconds time elapsed

root@whale:/workspace/codes/sycl-bench/new-build-hipsycl-cpu# LD_LIBRARY_PATH=$LD_LIBRARY_PATH:/opt/hipSYCL/llvm/lib perf stat -B -e cache-references,cache-misses ./matmul_hdp --size=1024 --local=2 --num-runs
=100
********** Results for MatMul_HDP_fp32**********
problem-size: 1024
local-size: 2
device-name: hipCPU OpenMP host device
sycl-implementation: hipSYCL
throughput-metric: N/A
kernel-time-mean: N/A
kernel-time-stddev: N/A
kernel-time-median: N/A
kernel-time-min: N/A
kernel-time-samples: N/A
kernel-time-throughput: N/A
run-time-mean: 0.349264 [s]
run-time-stddev: 0.041404 [s]
run-time-median: 0.341825 [s]
run-time-min: 0.271652 [s]
run-time-samples: "0.271652 0.282963 0.283723 0.286173 0.289057 0.293700 0.294023 0.294179 0.294722 0.295611 0.300903 0.301230 0.303585 0.304103 0.306236 0.307983 0.310082 0.310563 0.310975 0.312254 0.314360 0.318008 0.318722 0.319150 0.320431 0.321703 0.321875 0.323769 0.325510 0.326450 0.327201 0.327830 0.328261 0.328296 0.328514 0.328710 0.330271 0.331301 0.331322 0.331618 0.331634 0.332711 0.334455 0.334521 0.335165 0.336736 0.336936 0.337638 0.339593 0.340558 0.341825 0.341904 0.342137 0.343255 0.346324 0.347098 0.347340 0.348551 0.349141 0.351647 0.353166 0.355272 0.357916 0.358407 0.359187 0.359237 0.359762 0.364140 0.364359 0.365124 0.369786 0.370167 0.371723 0.377083 0.377240 0.378933 0.381255 0.382942 0.383626 0.386670 0.388105 0.389881 0.390147 0.390413 0.392420 0.397866 0.403148 0.406684 0.408987 0.411626 0.419147 0.419531 0.420443 0.421606 0.421677 0.425138 0.425475 0.440346 0.449522 0.452098"
run-time-throughput: N/A
Verification: PASS

 Performance counter stats for './matmul_hdp --size=1024 --local=2 --num-runs=100':

       67031165568      cache-references
          29072386      cache-misses              #    0.043 % of all cache refs

      35.635715995 seconds time elapsed

root@whale:/workspace/codes/sycl-bench/new-build-hipsycl-cpu# LD_LIBRARY_PATH=$LD_LIBRARY_PATH:/opt/hipSYCL/llvm/lib perf stat -B -e cache-references,cache-misses ./matmul_bkp --size=1024 --num-runs=100
********** Results for MatMul_BKP_fp32**********
problem-size: 1024
local-size: 32
device-name: hipCPU OpenMP host device
sycl-implementation: hipSYCL
throughput-metric: N/A
kernel-time-mean: N/A
kernel-time-stddev: N/A
kernel-time-median: N/A
kernel-time-min: N/A
kernel-time-samples: N/A
kernel-time-throughput: N/A
run-time-mean: 0.362971 [s]
run-time-stddev: 0.043668 [s]
run-time-median: 0.364252 [s]
run-time-min: 0.268180 [s]
run-time-samples: "0.268180 0.270102 0.281646 0.284756 0.285221 0.292133 0.293901 0.294472 0.298426 0.301071 0.301204 0.301654 0.301665 0.307551 0.308690 0.313774 0.314238 0.325166 0.326078 0.327580 0.328574 0.328813 0.329649 0.330367 0.331776 0.332538 0.333856 0.334608 0.338057 0.340386 0.343093 0.346559 0.346866 0.346886 0.347490 0.348749 0.349304 0.351238 0.351844 0.352080 0.354275 0.355470 0.355519 0.355546 0.356320 0.357284 0.357979 0.360252 0.361647 0.362040 0.364252 0.364341 0.365733 0.366054 0.366351 0.366489 0.366640 0.368938 0.370074 0.372830 0.379372 0.379569 0.379690 0.380000 0.382394 0.382618 0.385593 0.387258 0.389428 0.390261 0.393041 0.393108 0.393879 0.394307 0.394900 0.395243 0.395370 0.399678 0.400607 0.401145 0.401295 0.402536 0.402545 0.402607 0.406860 0.407678 0.410713 0.411412 0.411521 0.414187 0.419092 0.420166 0.423702 0.424428 0.435378 0.446982 0.448222 0.449852 0.450992 0.451168"
run-time-throughput: N/A
Verification: PASS

 Performance counter stats for './matmul_bkp --size=1024 --num-runs=100':

       68902954763      cache-references
          33657638      cache-misses              #    0.049 % of all cache refs

      36.872302572 seconds time elapsed

root@whale:/workspace/codes/sycl-bench/new-build-hipsycl-cpu# LD_LIBRARY_PATH=$LD_LIBRARY_PATH:/opt/hipSYCL/llvm/lib perf stat -B -e cache-references,cache-misses ./matmul_bkp --size=1024 --num-runs=1000
********** Results for MatMul_BKP_fp32**********
problem-size: 1024
local-size: 32
device-name: hipCPU OpenMP host device
sycl-implementation: hipSYCL
throughput-metric: N/A
kernel-time-mean: N/A
kernel-time-stddev: N/A
kernel-time-median: N/A
kernel-time-min: N/A
kernel-time-samples: N/A
kernel-time-throughput: N/A
run-time-mean: 0.350960 [s]
run-time-stddev: 0.041200 [s]
run-time-median: 0.346695 [s]
run-time-min: 0.272666 [s]
run-time-samples: "0.272666 0.273903 0.274146 0.274511 0.274666 0.275765 0.276227 0.276314 0.276588 0.277439 0.277728 0.277825 0.278682 0.278933 0.280511 0.281618 0.281781 0.281864 0.282470 0.282483 0.283005 0.283230 0.283911 0.283934 0.284082 0.284409 0.284644 0.284805 0.285165 0.285852 0.285971 0.286304 0.286370 0.286445 0.286483 0.286835 0.287277 0.287543 0.287562 0.287870 0.288051 0.288171 0.288266 0.288324 0.288468 0.289013 0.289027 0.289194 0.289377 0.289395 0.289520 0.289931 0.289958 0.290686 0.291179 0.291724 0.291754 0.291802 0.291833 0.291972 0.292469 0.292546 0.292586 0.292728 0.292829 0.292953 0.293571 0.293871 0.293928 0.293988 0.294009 0.294182 0.294191 0.294340 0.294526 0.294558 0.294857 0.295002 0.295079 0.295162 0.295184 0.295272 0.295274 0.295345 0.295741 0.296204 0.296343 0.296371 0.296398 0.296502 0.296604 0.296607 0.297152 0.297152 0.297159 0.297275 0.297660 0.297698 0.297731 0.297750 0.297887 0.297954 0.298114 0.298626 0.298789 0.298931 0.299694 0.299821 0.299869 0.299986 0.300010 0.300298 0.300299 0.300503 0.300796 0.300827 0.301196 0.301541 0.301579 0.301733 0.301823 0.301825 0.302262 0.302585 0.302820 0.302838 0.302857 0.302938 0.303554 0.303610 0.303770 0.304137 0.304329 0.304355 0.304597 0.304603 0.304662 0.304703 0.304828 0.304833 0.305162 0.305320 0.305332 0.305736 0.305814 0.305823 0.305867 0.305977 0.305992 0.306101 0.306108 0.306139 0.306358 0.306780 0.306799 0.307090 0.307162 0.307230 0.307437 0.307618 0.307649 0.307703 0.307720 0.307811 0.307841 0.308304 0.308370 0.308416 0.308469 0.308479 0.308671 0.308698 0.308735 0.308753 0.308878 0.309342 0.309431 0.309442 0.309590 0.309724 0.310062 0.310260 0.310356 0.310464 0.310478 0.310501 0.310550 0.311199 0.311346 0.311363 0.311475 0.311530 0.311576 0.311727 0.311751 0.311888 0.312146 0.312188 0.312223 0.312703 0.312705 0.312729 0.313096 0.313245 0.313276 0.313348 0.313367 0.313391 0.313643 0.313899 0.314260 0.314323 0.314516 0.314572 0.314672 0.315125 0.315144 0.315243 0.315363 0.315377 0.315475 0.315611 0.315729 0.315861 0.315875 0.316272 0.316308 0.316311 0.316422 0.316424 0.316432 0.316878 0.316899 0.317120 0.317458 0.317471 0.317480 0.317497 0.317628 0.317639 0.317713 0.317823 0.318052 0.318107 0.318169 0.318302 0.318587 0.318596 0.318764 0.318828 0.318886 0.318905 0.318981 0.318999 0.319087 0.319416 0.319605 0.319623 0.319824 0.319858 0.319858 0.319903 0.319912 0.319912 0.320378 0.320389 0.320499 0.320594 0.320659 0.320795 0.320817 0.320962 0.321145 0.321192 0.321600 0.321649 0.321692 0.321775 0.321833 0.321903 0.322036 0.322176 0.322213 0.322239 0.322419 0.322444 0.322477 0.322490 0.322589 0.322817 0.322863 0.322872 0.322885 0.322963 0.323070 0.323163 0.323341 0.323397 0.323424 0.323452 0.323470 0.323790 0.323883 0.324338 0.324364 0.324774 0.325044 0.325351 0.325430 0.325445 0.325597 0.325606 0.325672 0.325726 0.325811 0.325868 0.326173 0.327063 0.327078 0.327093 0.327117 0.327131 0.327155 0.327252 0.327644 0.327880 0.327904 0.327982 0.328011 0.328199 0.328644 0.328879 0.329012 0.329056 0.329063 0.329256 0.329268 0.329335 0.329359 0.329508 0.329653 0.329675 0.329792 0.329972 0.330044 0.330134 0.330182 0.330299 0.330365 0.330378 0.330393 0.330412 0.330466 0.330533 0.330757 0.330763 0.330881 0.331089 0.331230 0.331329 0.331720 0.331737 0.331806 0.331811 0.331919 0.331937 0.332063 0.332105 0.332135 0.332144 0.332203 0.332242 0.332259 0.332269 0.332439 0.332527 0.332542 0.332551 0.332685 0.332727 0.332927 0.333146 0.333183 0.333217 0.333474 0.333474 0.333486 0.333706 0.333716 0.333787 0.333850 0.333950 0.333981 0.334112 0.334129 0.334335 0.334360 0.334368 0.334594 0.334940 0.335016 0.335143 0.335364 0.335629 0.335675 0.335774 0.335933 0.335959 0.336030 0.336065 0.336137 0.336254 0.336323 0.336740 0.336753 0.336766 0.336817 0.336827 0.336912 0.337194 0.337331 0.337350 0.337359 0.337564 0.337814 0.338066 0.338154 0.338437 0.338503 0.338752 0.338895 0.338935 0.339138 0.339213 0.339299 0.339577 0.339626 0.339745 0.339947 0.340158 0.340293 0.340295 0.340350 0.340376 0.340604 0.340708 0.340966 0.341224 0.341258 0.341271 0.341319 0.341412 0.341522 0.341585 0.341762 0.341795 0.341987 0.342016 0.342041 0.342446 0.342505 0.342524 0.342528 0.342662 0.343023 0.343101 0.343184 0.343191 0.343244 0.343435 0.343635 0.343754 0.344586 0.344647 0.344725 0.344769 0.345164 0.345233 0.345243 0.345250 0.345410 0.345433 0.345572 0.345635 0.345676 0.345804 0.345812 0.345859 0.345962 0.346076 0.346107 0.346137 0.346280 0.346400 0.346466 0.346574 0.346588 0.346604 0.346649 0.346695 0.346695 0.346768 0.346837 0.347018 0.347169 0.347500 0.347598 0.347600 0.347605 0.347861 0.347996 0.348107 0.348136 0.348159 0.348471 0.348656 0.348761 0.348792 0.348884 0.348884 0.349312 0.349433 0.350047 0.350106 0.350128 0.350336 0.350351 0.350429 0.350674 0.350963 0.350963 0.351135 0.351253 0.351325 0.351815 0.351882 0.351978 0.352207 0.352248 0.352331 0.352367 0.352389 0.352398 0.352578 0.352590 0.352896 0.352927 0.353168 0.353571 0.353590 0.353827 0.353963 0.354071 0.354152 0.354212 0.354275 0.354330 0.354394 0.354550 0.354645 0.355068 0.355186 0.355252 0.355313 0.356164 0.356286 0.356415 0.356450 0.356482 0.356922 0.357013 0.357171 0.357178 0.357239 0.357247 0.357286 0.357347 0.357415 0.357456 0.357598 0.357730 0.357883 0.357892 0.357945 0.357950 0.357955 0.357970 0.358179 0.358499 0.358802 0.358956 0.359178 0.359213 0.359486 0.359509 0.359712 0.359810 0.359906 0.359914 0.359919 0.359943 0.360078 0.360387 0.360690 0.360791 0.360867 0.361259 0.361270 0.361422 0.361586 0.361736 0.361929 0.362388 0.362400 0.362601 0.362640 0.362686 0.362864 0.362981 0.363294 0.363329 0.363503 0.363670 0.363929 0.363948 0.363986 0.364049 0.364148 0.364265 0.364362 0.364362 0.364372 0.364538 0.364565 0.364766 0.364779 0.364828 0.365086 0.365429 0.365483 0.365523 0.365543 0.365603 0.365642 0.365736 0.365969 0.365973 0.365982 0.366309 0.366425 0.366922 0.366952 0.366997 0.367134 0.367140 0.367226 0.367312 0.367438 0.367629 0.367705 0.367783 0.367824 0.367841 0.367993 0.368364 0.368380 0.368464 0.368468 0.368479 0.368622 0.368774 0.369110 0.369167 0.369175 0.369567 0.369728 0.369771 0.369868 0.369921 0.370620 0.370870 0.371053 0.371215 0.371350 0.371492 0.371582 0.371598 0.371756 0.371782 0.371789 0.371808 0.371888 0.372009 0.372038 0.372198 0.372218 0.372330 0.372538 0.372612 0.372631 0.372633 0.372754 0.372756 0.372813 0.372864 0.372885 0.373010 0.373143 0.373154 0.373692 0.373807 0.374024 0.374268 0.374276 0.374301 0.374899 0.375085 0.375475 0.375616 0.375777 0.375896 0.376187 0.376274 0.376506 0.376512 0.376564 0.376600 0.376675 0.377276 0.377331 0.377394 0.377420 0.377527 0.377989 0.378009 0.378076 0.378163 0.378241 0.378283 0.378374 0.378527 0.378603 0.378770 0.378790 0.378825 0.378863 0.378873 0.379220 0.379225 0.379459 0.379692 0.379713 0.379743 0.379867 0.380168 0.380436 0.380728 0.380836 0.381205 0.381831 0.382033 0.382036 0.382187 0.382224 0.382472 0.382710 0.382755 0.382880 0.382955 0.383025 0.383048 0.383185 0.383551 0.383566 0.383713 0.383813 0.384063 0.384379 0.384464 0.384538 0.384851 0.384856 0.385094 0.385167 0.385660 0.385761 0.385861 0.386235 0.386285 0.386334 0.386334 0.386807 0.386849 0.387426 0.387799 0.387949 0.388361 0.388418 0.389108 0.389376 0.389403 0.389406 0.389783 0.389950 0.390008 0.390009 0.390312 0.390339 0.390354 0.390494 0.390510 0.390582 0.390655 0.390684 0.390935 0.391125 0.391163 0.391325 0.391399 0.391508 0.391958 0.392181 0.392637 0.392804 0.392858 0.393061 0.393281 0.393309 0.393356 0.393435 0.393476 0.393528 0.393686 0.393864 0.393940 0.394227 0.394327 0.394447 0.394486 0.394492 0.394684 0.394898 0.395010 0.395252 0.395393 0.395398 0.395475 0.395570 0.395988 0.396268 0.396399 0.396763 0.396785 0.396970 0.397392 0.397594 0.397690 0.397923 0.398183 0.398184 0.398242 0.398505 0.398610 0.399382 0.399718 0.400060 0.400211 0.400457 0.400862 0.400964 0.401172 0.401306 0.401458 0.401754 0.401793 0.401793 0.401923 0.401933 0.402092 0.402209 0.402277 0.402894 0.403144 0.403167 0.403237 0.403408 0.403566 0.403716 0.404253 0.404370 0.404398 0.404518 0.404611 0.404622 0.404766 0.405026 0.405671 0.406431 0.406621 0.407215 0.407360 0.407415 0.408001 0.408506 0.408567 0.408851 0.409203 0.409858 0.411049 0.411257 0.411579 0.412356 0.412387 0.412463 0.412551 0.412580 0.413207 0.413467 0.413529 0.413671 0.413991 0.414029 0.414572 0.414659 0.414698 0.415192 0.415325 0.415394 0.415792 0.415875 0.415998 0.416002 0.416984 0.417147 0.417208 0.417289 0.417686 0.418604 0.418725 0.418741 0.418925 0.420192 0.420215 0.420526 0.421040 0.421137 0.422138 0.422443 0.422668 0.422677 0.423338 0.424447 0.425183 0.425808 0.426587 0.427518 0.427524 0.428117 0.428449 0.428701 0.429322 0.429701 0.431527 0.432111 0.433705 0.433844 0.434032 0.434357 0.437093 0.438010 0.440254 0.440538 0.440801 0.442295 0.442344 0.442360 0.443494 0.443782 0.443804 0.444055 0.444062 0.444392 0.444841 0.445440 0.445490 0.445848 0.446417 0.446903 0.448219 0.448369 0.449725 0.450087 0.450105 0.450264 0.450494 0.453106 0.453365 0.453930 0.454229 0.455057"
run-time-throughput: N/A
Verification: PASS

 Performance counter stats for './matmul_bkp --size=1024 --num-runs=1000':

      684347704788      cache-references
         317352765      cache-misses              #    0.046 % of all cache refs

     356.353489672 seconds time elapsed

root@whale:/workspace/codes/sycl-bench/new-build-hipsycl-cpu# LD_LIBRARY_PATH=$LD_LIBRARY_PATH:/opt/hipSYCL/llvm/lib perf stat -B -e cache-references,cache-misses ./matmul_hdp --size=1024 --local=4 --num-runs
=100
********** Results for MatMul_HDP_fp32**********
problem-size: 1024
local-size: 4
device-name: hipCPU OpenMP host device
sycl-implementation: hipSYCL
throughput-metric: N/A
kernel-time-mean: N/A
kernel-time-stddev: N/A
kernel-time-median: N/A
kernel-time-min: N/A
kernel-time-samples: N/A
kernel-time-throughput: N/A
run-time-mean: 0.358732 [s]
run-time-stddev: 0.040155 [s]
run-time-median: 0.363232 [s]
run-time-min: 0.274508 [s]
run-time-samples: "0.274508 0.279675 0.284967 0.289071 0.295256 0.298340 0.298414 0.302169 0.303499 0.304166 0.306132 0.306660 0.307170 0.308663 0.310392 0.311200 0.311952 0.313226 0.313445 0.313587 0.313987 0.319981 0.320007 0.321125 0.323998 0.326557 0.329640 0.333139 0.333736 0.334334 0.336464 0.338258 0.339219 0.340556 0.340705 0.342647 0.344304 0.345785 0.348504 0.349904 0.352314 0.352967 0.354176 0.357211 0.357592 0.358163 0.358797 0.358899 0.359626 0.361217 0.363232 0.363308 0.363661 0.363793 0.364782 0.365588 0.366718 0.367542 0.368307 0.368880 0.369358 0.370810 0.371584 0.373226 0.374400 0.378865 0.379272 0.382624 0.382939 0.383833 0.384440 0.386758 0.386807 0.388771 0.388838 0.389151 0.391887 0.392297 0.397829 0.398269 0.398992 0.400433 0.401320 0.401352 0.402162 0.403089 0.404343 0.404379 0.404409 0.406443 0.410640 0.410866 0.412673 0.415388 0.415850 0.419153 0.420368 0.420940 0.452447 0.453872"
run-time-throughput: N/A
Verification: PASS

 Performance counter stats for './matmul_hdp --size=1024 --local=4 --num-runs=100':

       64775117078      cache-references
          31964752      cache-misses              #    0.049 % of all cache refs

      36.555391224 seconds time elapsed

root@whale:/workspace/codes/sycl-bench/new-build-hipsycl-cpu# LD_LIBRARY_PATH=$LD_LIBRARY_PATH:/opt/hipSYCL/llvm/lib perf stat -B -e cache-references,cache-misses ./matmul_hdp --size=1024 --local=8 --num-runs
=100
********** Results for MatMul_HDP_fp32**********
problem-size: 1024
local-size: 8
device-name: hipCPU OpenMP host device
sycl-implementation: hipSYCL
throughput-metric: N/A
kernel-time-mean: N/A
kernel-time-stddev: N/A
kernel-time-median: N/A
kernel-time-min: N/A
kernel-time-samples: N/A
kernel-time-throughput: N/A
run-time-mean: 0.358428 [s]
run-time-stddev: 0.040400 [s]
run-time-median: 0.357678 [s]
run-time-min: 0.274475 [s]
run-time-samples: "0.274475 0.280003 0.285580 0.294392 0.295616 0.296524 0.299339 0.300637 0.307178 0.308539 0.309849 0.310863 0.313259 0.314827 0.316884 0.318609 0.320216 0.320465 0.322027 0.322388 0.323037 0.323150 0.324569 0.324664 0.330325 0.330527 0.330947 0.333595 0.334096 0.334726 0.334871 0.341303 0.341934 0.342795 0.344442 0.344595 0.345060 0.345130 0.346074 0.346617 0.348088 0.349184 0.350476 0.350589 0.352718 0.353672 0.354978 0.355004 0.355707 0.357053 0.357678 0.358433 0.360198 0.361196 0.361401 0.361762 0.362029 0.362474 0.363967 0.365422 0.366308 0.366420 0.366625 0.366849 0.369107 0.369415 0.369495 0.369641 0.369764 0.370745 0.371430 0.371466 0.372618 0.373933 0.375380 0.379031 0.383053 0.387590 0.389068 0.390176 0.390447 0.390655 0.392363 0.398995 0.400133 0.402094 0.402607 0.403989 0.407893 0.412211 0.412466 0.414708 0.438944 0.440069 0.441837 0.443535 0.443709 0.447616 0.450316 0.453963"
run-time-throughput: N/A
Verification: PASS

 Performance counter stats for './matmul_hdp --size=1024 --local=8 --num-runs=100':

       66266421872      cache-references
          30141037      cache-misses              #    0.045 % of all cache refs

      36.430953164 seconds time elapsed

root@whale:/workspace/codes/sycl-bench/new-build-hipsycl-cpu# LD_LIBRARY_PATH=$LD_LIBRARY_PATH:/opt/hipSYCL/llvm/lib perf stat -B -e cache-references,cache-misses ./matmul_hdp --size=1024 --local=16 --num-run
s=100
********** Results for MatMul_HDP_fp32**********
problem-size: 1024
local-size: 16
device-name: hipCPU OpenMP host device
sycl-implementation: hipSYCL
throughput-metric: N/A
kernel-time-mean: N/A
kernel-time-stddev: N/A
kernel-time-median: N/A
kernel-time-min: N/A
kernel-time-samples: N/A
kernel-time-throughput: N/A
run-time-mean: 0.358628 [s]
run-time-stddev: 0.041889 [s]
run-time-median: 0.361901 [s]
run-time-min: 0.275848 [s]
run-time-samples: "0.275848 0.277131 0.283618 0.287200 0.288271 0.288331 0.290137 0.292471 0.299962 0.300118 0.300734 0.300783 0.305804 0.310769 0.311648 0.312726 0.315614 0.316532 0.318224 0.319324 0.319920 0.320196 0.320597 0.321108 0.321134 0.323444 0.324616 0.326722 0.330560 0.330575 0.331312 0.331710 0.334697 0.334744 0.335257 0.336787 0.339908 0.348423 0.348918 0.348949 0.350434 0.350707 0.351009 0.351264 0.351402 0.352498 0.354699 0.356461 0.356698 0.360281 0.361901 0.363298 0.364304 0.364823 0.364922 0.366408 0.367017 0.372221 0.373594 0.377731 0.379162 0.380531 0.381638 0.383754 0.383861 0.384105 0.385227 0.385262 0.385271 0.385513 0.386287 0.387225 0.389203 0.390214 0.390427 0.390699 0.390813 0.392015 0.392185 0.392331 0.393318 0.393864 0.395794 0.398586 0.399382 0.400171 0.403587 0.412827 0.414217 0.414947 0.415250 0.416140 0.419205 0.423018 0.423280 0.424210 0.428005 0.434938 0.439206 0.440680"
run-time-throughput: N/A
Verification: PASS

 Performance counter stats for './matmul_hdp --size=1024 --local=16 --num-runs=100':

       67687228063      cache-references
          30642936      cache-misses              #    0.045 % of all cache refs

      36.547575775 seconds time elapsed

root@whale:/workspace/codes/sycl-bench/new-build-hipsycl-cpu# LD_LIBRARY_PATH=$LD_LIBRARY_PATH:/opt/hipSYCL/llvm/lib perf stat -B -e cache-references,cache-misses ./matmul_hdp --size=1024 --local=32 --num-run
s=100
********** Results for MatMul_HDP_fp32**********
problem-size: 1024
local-size: 32
device-name: hipCPU OpenMP host device
sycl-implementation: hipSYCL
throughput-metric: N/A
kernel-time-mean: N/A
kernel-time-stddev: N/A
kernel-time-median: N/A
kernel-time-min: N/A
kernel-time-samples: N/A
kernel-time-throughput: N/A
run-time-mean: 0.341421 [s]
run-time-stddev: 0.034957 [s]
run-time-median: 0.337639 [s]
run-time-min: 0.275628 [s]
run-time-samples: "0.275628 0.277097 0.283842 0.286456 0.288816 0.289639 0.290479 0.295109 0.296321 0.296427 0.298212 0.299870 0.301512 0.303132 0.303445 0.305070 0.305810 0.307006 0.307592 0.308274 0.310436 0.310630 0.311268 0.314374 0.315312 0.315987 0.316013 0.317112 0.317259 0.318764 0.320334 0.321995 0.323498 0.323786 0.323815 0.323998 0.325045 0.326992 0.328587 0.329258 0.329383 0.332828 0.333975 0.335129 0.335180 0.336199 0.336244 0.336682 0.336858 0.337286 0.337639 0.338551 0.339134 0.340609 0.342738 0.343383 0.344194 0.344508 0.347161 0.347916 0.349863 0.350307 0.352588 0.352677 0.353817 0.355878 0.355999 0.356447 0.356703 0.358360 0.359746 0.359847 0.360217 0.361108 0.362158 0.363346 0.363994 0.364797 0.365008 0.366101 0.368029 0.368764 0.380290 0.383301 0.383928 0.384190 0.385197 0.385334 0.386437 0.389060 0.389153 0.399508 0.400697 0.401993 0.403171 0.404875 0.405555 0.412458 0.412644 0.438788"
run-time-throughput: N/A
Verification: PASS

 Performance counter stats for './matmul_hdp --size=1024 --local=32 --num-runs=100':

       68504685850      cache-references
          32788528      cache-misses              #    0.048 % of all cache refs

      34.904078445 seconds time elapsed

root@whale:/workspace/codes/sycl-bench/new-build-hipsycl-cpu# LD_LIBRARY_PATH=$LD_LIBRARY_PATH:/opt/hipSYCL/llvm/lib perf stat -B -e cache-references,cache-misses ./matmul_hdp --size=1024 --local=64 --num-run
s=100
********** Results for MatMul_HDP_fp32**********
problem-size: 1024
local-size: 64
device-name: hipCPU OpenMP host device
sycl-implementation: hipSYCL
throughput-metric: N/A
kernel-time-mean: N/A
kernel-time-stddev: N/A
kernel-time-median: N/A
kernel-time-min: N/A
kernel-time-samples: N/A
kernel-time-throughput: N/A
run-time-mean: 0.347006 [s]
run-time-stddev: 0.034262 [s]
run-time-median: 0.344090 [s]
run-time-min: 0.276048 [s]
run-time-samples: "0.276048 0.281633 0.286700 0.287912 0.290344 0.290517 0.297552 0.299366 0.302797 0.303340 0.304492 0.305069 0.306226 0.311338 0.312432 0.312504 0.313788 0.314526 0.316970 0.317558 0.317856 0.318300 0.318539 0.318869 0.319692 0.319702 0.319770 0.320951 0.323050 0.325098 0.325294 0.325415 0.325538 0.326618 0.328467 0.329457 0.329659 0.331877 0.333350 0.335938 0.336115 0.338365 0.339642 0.341270 0.341379 0.341521 0.341740 0.342476 0.343308 0.344036 0.344090 0.347166 0.347343 0.348047 0.348821 0.349214 0.350724 0.352469 0.352611 0.355171 0.355368 0.358357 0.359156 0.360483 0.362091 0.364290 0.364366 0.368199 0.368397 0.369118 0.369124 0.370461 0.370580 0.371110 0.371824 0.372994 0.373464 0.374393 0.374686 0.374953 0.376697 0.378085 0.379424 0.379453 0.380453 0.383747 0.389799 0.390451 0.391092 0.392999 0.394747 0.399189 0.400565 0.401998 0.402532 0.402583 0.414890 0.416936 0.417637 0.423807"
run-time-throughput: N/A
Verification: PASS

 Performance counter stats for './matmul_hdp --size=1024 --local=64 --num-runs=100':

       85714129105      cache-references
          42596286      cache-misses              #    0.050 % of all cache refs

      35.319815355 seconds time elapsed

root@whale:/workspace/codes/sycl-bench/new-build-hipsycl-cpu# LD_LIBRARY_PATH=$LD_LIBRARY_PATH:/opt/hipSYCL/llvm/lib perf stat -B -e cache-references,cache-misses ./matmul_hdp --size=1024 --local=128 --num-ru
ns=100
********** Results for MatMul_HDP_fp32**********
problem-size: 1024
local-size: 128
device-name: hipCPU OpenMP host device
sycl-implementation: hipSYCL
throughput-metric: N/A
kernel-time-mean: N/A
kernel-time-stddev: N/A
kernel-time-median: N/A
kernel-time-min: N/A
kernel-time-samples: N/A
kernel-time-throughput: N/A
run-time-mean: 0.350308 [s]
run-time-stddev: 0.032418 [s]
run-time-median: 0.350118 [s]
run-time-min: 0.287230 [s]
run-time-samples: "0.287230 0.299672 0.300067 0.300082 0.304546 0.307906 0.308212 0.309586 0.309920 0.309941 0.311329 0.312527 0.313367 0.313423 0.314425 0.314752 0.315678 0.316087 0.319349 0.319591 0.319683 0.321278 0.321668 0.321761 0.322029 0.322198 0.322543 0.323111 0.323655 0.324323 0.325802 0.326536 0.327683 0.330642 0.332599 0.332656 0.333930 0.335399 0.335553 0.337250 0.339639 0.341438 0.342701 0.342779 0.343396 0.344125 0.345706 0.347681 0.348548 0.349058 0.350118 0.350485 0.351200 0.351680 0.352459 0.353253 0.353289 0.353482 0.354496 0.356954 0.361572 0.361931 0.362430 0.362950 0.363843 0.365281 0.365687 0.367751 0.368367 0.368975 0.369734 0.370643 0.370663 0.372164 0.373002 0.374793 0.375153 0.376140 0.376461 0.376695 0.377979 0.381402 0.381771 0.383231 0.385115 0.386625 0.387754 0.387985 0.389873 0.393055 0.393153 0.393688 0.393854 0.394350 0.407230 0.411497 0.412976 0.413480 0.425634 0.445405"
run-time-throughput: N/A
Verification: PASS

 Performance counter stats for './matmul_hdp --size=1024 --local=128 --num-runs=100':

       98030821076      cache-references
          51152730      cache-misses              #    0.052 % of all cache refs

      35.726175238 seconds time elapsed

root@whale:/workspace/codes/sycl-bench/new-build-hipsycl-cpu# LD_LIBRARY_PATH=$LD_LIBRARY_PATH:/opt/hipSYCL/llvm/lib perf stat -B -e cache-references,cache-misses ./matmul_hdp --size=1024 --local=256 --num-ru
ns=100
********** Results for MatMul_HDP_fp32**********
problem-size: 1024
local-size: 256
device-name: hipCPU OpenMP host device
sycl-implementation: hipSYCL
throughput-metric: N/A
kernel-time-mean: N/A
kernel-time-stddev: N/A
kernel-time-median: N/A
kernel-time-min: N/A
kernel-time-samples: N/A
kernel-time-throughput: N/A
run-time-mean: 0.462649 [s]
run-time-stddev: 0.058616 [s]
run-time-median: 0.493410 [s]
run-time-min: 0.358143 [s]
run-time-samples: "0.358143 0.360195 0.361414 0.361469 0.361471 0.361490 0.361499 0.361558 0.361583 0.361584 0.361606 0.361608 0.361666 0.361693 0.361773 0.361805 0.361824 0.362765 0.369519 0.369670 0.370617 0.389665 0.398149 0.404450 0.413249 0.427915 0.429089 0.435213 0.439187 0.442098 0.447835 0.452410 0.469374 0.474281 0.475071 0.475606 0.476478 0.477193 0.480562 0.482376 0.482496 0.484931 0.485085 0.486805 0.491452 0.491584 0.491686 0.492288 0.492994 0.493365 0.493410 0.493509 0.493540 0.493584 0.493659 0.493870 0.494130 0.494282 0.494800 0.497379 0.497478 0.497643 0.497714 0.498833 0.500150 0.500262 0.500379 0.501200 0.501469 0.502265 0.502414 0.502476 0.502478 0.502501 0.502544 0.502561 0.502651 0.502655 0.502694 0.503123 0.504644 0.504682 0.504719 0.505304 0.505629 0.505657 0.506436 0.507489 0.509756 0.510741 0.511067 0.512061 0.512414 0.512696 0.512705 0.513140 0.513184 0.523518 0.539152 0.586447"
run-time-throughput: N/A
Verification: PASS

 Performance counter stats for './matmul_hdp --size=1024 --local=256 --num-runs=100':

      107012644972      cache-references
          41387014      cache-misses              #    0.039 % of all cache refs

      46.789675807 seconds time elapsed

root@whale:/workspace/codes/sycl-bench/new-build-hipsycl-cpu# LD_LIBRARY_PATH=$LD_LIBRARY_PATH:/opt/hipSYCL/llvm/lib perf stat -B -e cache-references,cache-misses ./matmul_hdp --size=1024 --local=512 --num-ru
ns=100
********** Results for MatMul_HDP_fp32**********
problem-size: 1024
local-size: 512
device-name: hipCPU OpenMP host device
sycl-implementation: hipSYCL
throughput-metric: N/A
kernel-time-mean: N/A
kernel-time-stddev: N/A
kernel-time-median: N/A
kernel-time-min: N/A
kernel-time-samples: N/A
kernel-time-throughput: N/A
run-time-mean: 1.234785 [s]
run-time-stddev: 0.007072 [s]
run-time-median: 1.233269 [s]
run-time-min: 1.223002 [s]
run-time-samples: "1.223002 1.223038 1.223040 1.223092 1.223593 1.225300 1.225530 1.226821 1.226825 1.227183 1.227692 1.227923 1.227940 1.228661 1.229563 1.229719 1.229744 1.229845 1.229869 1.229870 1.229882 1.229925 1.229967 1.230070 1.230189 1.230293 1.230508 1.230509 1.231570 1.231571 1.231707 1.232762 1.232837 1.232857 1.232867 1.232876 1.232963 1.232975 1.232980 1.232993 1.233014 1.233031 1.233064 1.233109 1.233147 1.233164 1.233188 1.233198 1.233211 1.233236 1.233269 1.233289 1.233318 1.233458 1.233783 1.234070 1.234075 1.234253 1.234368 1.234475 1.234535 1.234554 1.234696 1.234745 1.235183 1.235302 1.235787 1.235838 1.235849 1.235959 1.236529 1.236671 1.237256 1.237681 1.237760 1.237772 1.238214 1.238645 1.238668 1.238843 1.238990 1.239143 1.239327 1.240383 1.240398 1.240552 1.240656 1.240924 1.240987 1.241337 1.243150 1.243562 1.245643 1.247121 1.248513 1.248939 1.249754 1.254056 1.261801 1.262525"
run-time-throughput: N/A
Verification: PASS

 Performance counter stats for './matmul_hdp --size=1024 --local=512 --num-runs=100':

      107653155715      cache-references
          40605825      cache-misses              #    0.038 % of all cache refs

     123.981564225 seconds time elapsed

root@whale:/workspace/codes/sycl-bench/new-build-hipsycl-cpu# LD_LIBRARY_PATH=$LD_LIBRARY_PATH:/opt/hipSYCL/llvm/lib perf stat -B -e cache-references,cache-misses ./matmul_hdp --size=1024 --local=1024 --num-r
uns=100
********** Results for MatMul_HDP_fp32**********
problem-size: 1024
local-size: 1024
device-name: hipCPU OpenMP host device
sycl-implementation: hipSYCL
throughput-metric: N/A
kernel-time-mean: N/A
kernel-time-stddev: N/A
kernel-time-median: N/A
kernel-time-min: N/A
kernel-time-samples: N/A
kernel-time-throughput: N/A
run-time-mean: 4.701061 [s]
run-time-stddev: 0.036303 [s]
run-time-median: 4.714968 [s]
run-time-min: 4.650244 [s]
run-time-samples: "4.650244 4.652915 4.652948 4.653778 4.654257 4.654530 4.655130 4.655594 4.655608 4.655619 4.656319 4.656448 4.657666 4.658186 4.658333 4.658696 4.660468 4.660729 4.661213 4.661243 4.661857 4.662044 4.662296 4.663128 4.663687 4.664176 4.664844 4.664937 4.665145 4.668822 4.670826 4.674852 4.674959 4.675818 4.676808 4.676907 4.676986 4.677780 4.680513 4.680884 4.682025 4.683879 4.690557 4.691756 4.700685 4.703312 4.710109 4.710204 4.713585 4.714020 4.714968 4.715089 4.715158 4.715220 4.716033 4.716250 4.716480 4.717038 4.717271 4.717536 4.718083 4.718136 4.718175 4.718294 4.718478 4.718487 4.718889 4.719427 4.720015 4.720153 4.720688 4.720944 4.722004 4.722180 4.723648 4.724758 4.725000 4.725826 4.726042 4.726056 4.726668 4.727744 4.727865 4.727969 4.728417 4.728433 4.729100 4.732860 4.734216 4.736154 4.736316 4.746147 4.747296 4.747549 4.765574 4.767133 4.780328 4.788793 4.801045 4.802886"
run-time-throughput: N/A
Verification: PASS

 Performance counter stats for './matmul_hdp --size=1024 --local=1024 --num-runs=100':

      107737495674      cache-references
          42910413      cache-misses              #    0.040 % of all cache refs

     470.698928795 seconds time elapsed

root@whale:/workspace/codes/sycl-bench/new-build-hipsycl-cpu# 470.698928795^C
root@whale:/workspace/codes/sycl-bench/new-build-hipsycl-cpu# LD_LIBRARY_PATH=$LD_LIBRARY_PATH:/opt/hipSYCL/llvm/lib perf stat -B -e cache-references,cache-misses ./matmul_wgp --size=1024 --local=1 --num-runs
=100
********** Results for MatMul_WGP_fp32**********
problem-size: 1024
local-size: 1
device-name: hipCPU OpenMP host device
sycl-implementation: hipSYCL
throughput-metric: N/A
kernel-time-mean: N/A
kernel-time-stddev: N/A
kernel-time-median: N/A
kernel-time-min: N/A
kernel-time-samples: N/A
kernel-time-throughput: N/A
run-time-mean: 4.981044 [s]
run-time-stddev: 0.310487 [s]
run-time-median: 4.864057 [s]
run-time-min: 4.734404 [s]
run-time-samples: "4.734404 4.739432 4.741510 4.742454 4.742723 4.743274 4.744499 4.746165 4.746363 4.747871 4.748424 4.748777 4.750303 4.750628 4.752278 4.752589 4.752771 4.755905 4.756165 4.756946 4.760933 4.761019 4.765525 4.766007 4.766872 4.772810 4.775141 4.784318 4.784889 4.788424 4.788554 4.789714 4.796051 4.796062 4.799761 4.801677 4.801974 4.805971 4.810137 4.811782 4.812274 4.813225 4.826331 4.830705 4.832829 4.846105 4.852876 4.855859 4.857209 4.860936 4.864057 4.875896 4.885515 4.890588 4.891973 4.901926 4.902407 4.911404 4.913903 4.914502 4.915324 4.919238 4.924727 4.932093 4.949743 4.957438 4.963665 4.965763 4.972294 4.972889 5.005980 5.007110 5.040278 5.051083 5.068337 5.070598 5.121405 5.146654 5.152787 5.171647 5.181365 5.209878 5.244063 5.269036 5.321291 5.325130 5.330292 5.345172 5.345371 5.362915 5.370900 5.418047 5.418324 5.422385 5.582136 5.600226 5.608655 5.819459 5.986682 6.612413"
run-time-throughput: N/A
Verification: PASS

 Performance counter stats for './matmul_wgp --size=1024 --local=1 --num-runs=100':

      114349174186      cache-references
         829922704      cache-misses              #    0.726 % of all cache refs

     498.485172820 seconds time elapsed

root@whale:/workspace/codes/sycl-bench/new-build-hipsycl-cpu# 829922704498.485172820^C
root@whale:/workspace/codes/sycl-bench/new-build-hipsycl-cpu# LD_LIBRARY_PATH=$LD_LIBRARY_PATH:/opt/hipSYCL/llvm/lib perf stat -B -e cache-references,cache-misses ./matmul_wgp --size=1024 --local=2 --num-runs
=100
********** Results for MatMul_WGP_fp32**********
problem-size: 1024
local-size: 2
device-name: hipCPU OpenMP host device
sycl-implementation: hipSYCL
throughput-metric: N/A
kernel-time-mean: N/A
kernel-time-stddev: N/A
kernel-time-median: N/A
kernel-time-min: N/A
kernel-time-samples: N/A
kernel-time-throughput: N/A
run-time-mean: 1.430559 [s]
run-time-stddev: 0.011465 [s]
run-time-median: 1.426806 [s]
run-time-min: 1.402502 [s]
run-time-samples: "1.402502 1.425194 1.425244 1.425367 1.425415 1.425515 1.425575 1.425620 1.425634 1.425642 1.425694 1.425714 1.425728 1.425774 1.425792 1.425833 1.425834 1.425873 1.425929 1.425954 1.425961 1.425975 1.425994 1.425996 1.426009 1.426010 1.426011 1.426020 1.426071 1.426091 1.426120 1.426129 1.426138 1.426138 1.426156 1.426161 1.426180 1.426190 1.426207 1.426213 1.426255 1.426286 1.426305 1.426309 1.426356 1.426438 1.426529 1.426542 1.426562 1.426658 1.426806 1.427025 1.427153 1.427276 1.427341 1.427367 1.427376 1.427393 1.427472 1.427504 1.427529 1.427541 1.427559 1.427661 1.427718 1.427790 1.427908 1.429918 1.429932 1.430172 1.430480 1.434481 1.436757 1.436804 1.437027 1.437160 1.437182 1.437209 1.437264 1.437332 1.437439 1.437449 1.437468 1.437529 1.437581 1.437601 1.437623 1.437625 1.437722 1.437806 1.437835 1.437841 1.437896 1.437908 1.437933 1.437959 1.440960 1.441274 1.449675 1.526818"
run-time-throughput: N/A
Verification: PASS

 Performance counter stats for './matmul_wgp --size=1024 --local=2 --num-runs=100':

      115348079210      cache-references
         373908616      cache-misses              #    0.324 % of all cache refs

     143.471460299 seconds time elapsed

root@whale:/workspace/codes/sycl-bench/new-build-hipsycl-cpu# LD_LIBRARY_PATH=$LD_LIBRARY_PATH:/opt/hipSYCL/llvm/lib perf stat -B -e cache-references,cache-misses ./matmul_wgp --size=1024 --local=4 --num-runs
=100
********** Results for MatMul_WGP_fp32**********
problem-size: 1024
local-size: 4
device-name: hipCPU OpenMP host device
sycl-implementation: hipSYCL
throughput-metric: N/A
kernel-time-mean: N/A
kernel-time-stddev: N/A
kernel-time-median: N/A
kernel-time-min: N/A
kernel-time-samples: N/A
kernel-time-throughput: N/A
run-time-mean: 0.636303 [s]
run-time-stddev: 0.010210 [s]
run-time-median: 0.637524 [s]
run-time-min: 0.559104 [s]
run-time-samples: "0.559104 0.591660 0.627873 0.627914 0.628070 0.628113 0.628246 0.628248 0.628418 0.628431 0.628456 0.628517 0.628560 0.628619 0.628655 0.631949 0.632082 0.632126 0.632284 0.632442 0.632532 0.632553 0.637037 0.637054 0.637084 0.637099 0.637126 0.637129 0.637149 0.637182 0.637183 0.637197 0.637207 0.637221 0.637248 0.637267 0.637281 0.637284 0.637297 0.637310 0.637327 0.637370 0.637371 0.637400 0.637401 0.637413 0.637415 0.637430 0.637475 0.637509 0.637524 0.637583 0.637760 0.638345 0.638390 0.638469 0.638536 0.638540 0.638544 0.638617 0.638681 0.638693 0.638735 0.638786 0.638795 0.638905 0.638925 0.638943 0.639437 0.639583 0.639741 0.640977 0.641027 0.641377 0.641402 0.641435 0.641476 0.641518 0.641531 0.641535 0.641609 0.641614 0.641615 0.641622 0.641642 0.641644 0.641696 0.641737 0.641740 0.641743 0.641773 0.641789 0.641848 0.641958 0.641964 0.642009 0.642021 0.645379 0.651033 0.651715"
run-time-throughput: N/A
Verification: PASS

 Performance counter stats for './matmul_wgp --size=1024 --local=4 --num-runs=100':

      105549549835      cache-references
         461499684      cache-misses              #    0.437 % of all cache refs

      64.031461566 seconds time elapsed

root@whale:/workspace/codes/sycl-bench/new-build-hipsycl-cpu# LD_LIBRARY_PATH=$LD_LIBRARY_PATH:/opt/hipSYCL/llvm/lib perf stat -B -e cache-references,cache-misses ./matmul_wgp --size=1024 --local=8 --num-runs
=100
********** Results for MatMul_WGP_fp32**********
problem-size: 1024
local-size: 8
device-name: hipCPU OpenMP host device
sycl-implementation: hipSYCL
throughput-metric: N/A
kernel-time-mean: N/A
kernel-time-stddev: N/A
kernel-time-median: N/A
kernel-time-min: N/A
kernel-time-samples: N/A
kernel-time-throughput: N/A
run-time-mean: 1.068626 [s]
run-time-stddev: 0.222018 [s]
run-time-median: 0.988248 [s]
run-time-min: 0.704836 [s]
run-time-samples: "0.704836 0.706219 0.713313 0.726793 0.734233 0.736606 0.737084 0.741052 0.746776 0.770113 0.778088 0.789501 0.829840 0.844050 0.856065 0.870464 0.872499 0.875792 0.881428 0.885262 0.886884 0.892530 0.892903 0.904400 0.906589 0.911886 0.912617 0.914820 0.918526 0.919564 0.920250 0.922554 0.924148 0.928586 0.929426 0.941790 0.943643 0.949041 0.951305 0.957646 0.958761 0.960672 0.970496 0.970511 0.978705 0.983091 0.987662 0.987911 0.987932 0.988194 0.988248 0.993830 0.993962 1.003599 1.038041 1.064621 1.094053 1.098447 1.106626 1.110875 1.110880 1.124850 1.152940 1.162358 1.168433 1.170406 1.189308 1.216157 1.223197 1.244317 1.244526 1.246745 1.262585 1.263250 1.270699 1.295612 1.304052 1.311311 1.311312 1.312485 1.320002 1.320128 1.346646 1.357119 1.360047 1.361736 1.364939 1.379524 1.382925 1.383778 1.392067 1.393997 1.396084 1.403523 1.407887 1.415259 1.417084 1.419637 1.423698 1.535734"
run-time-throughput: N/A
Verification: PASS

 Performance counter stats for './matmul_wgp --size=1024 --local=8 --num-runs=100':

      102555763234      cache-references
         674902876      cache-misses              #    0.658 % of all cache refs

     107.898315420 seconds time elapsed

root@whale:/workspace/codes/sycl-bench/new-build-hipsycl-cpu# LD_LIBRARY_PATH=$LD_LIBRARY_PATH:/opt/hipSYCL/llvm/lib perf stat -B -e cache-references,cache-misses ./matmul_wgp --size=1024 --local=16 --num-run
s=100
********** Results for MatMul_WGP_fp32**********
problem-size: 1024
local-size: 16
device-name: hipCPU OpenMP host device
sycl-implementation: hipSYCL
throughput-metric: N/A
kernel-time-mean: N/A
kernel-time-stddev: N/A
kernel-time-median: N/A
kernel-time-min: N/A
kernel-time-samples: N/A
kernel-time-throughput: N/A
run-time-mean: 0.854263 [s]
run-time-stddev: 0.155940 [s]
run-time-median: 0.793638 [s]
run-time-min: 0.699622 [s]
run-time-samples: "0.699622 0.702239 0.708868 0.709444 0.709951 0.709983 0.718091 0.718335 0.720924 0.724478 0.726320 0.730515 0.731282 0.732490 0.740329 0.741022 0.741026 0.745379 0.745811 0.747415 0.748625 0.749913 0.750727 0.751324 0.751807 0.752279 0.754371 0.755032 0.755823 0.756240 0.757233 0.757659 0.759221 0.762315 0.767427 0.768062 0.768384 0.768576 0.770052 0.779096 0.779611 0.781052 0.781886 0.784070 0.786074 0.787410 0.787509 0.787865 0.787885 0.792256 0.793638 0.795406 0.809508 0.810115 0.816474 0.817562 0.821749 0.829297 0.829584 0.831240 0.835446 0.836169 0.843683 0.846455 0.849058 0.849616 0.849851 0.851202 0.853109 0.857404 0.857414 0.875256 0.878622 0.881699 0.896003 0.916520 0.920497 0.928973 0.930772 0.932757 0.935225 0.965663 0.975452 0.976397 0.981850 0.992253 0.996463 1.039903 1.042103 1.048328 1.059618 1.067339 1.079021 1.168091 1.171465 1.259020 1.271669 1.369383 1.383411 1.455240"
run-time-throughput: N/A
Verification: PASS

 Performance counter stats for './matmul_wgp --size=1024 --local=16 --num-runs=100':

      112275770443      cache-references
        2239377396      cache-misses              #    1.995 % of all cache refs

      90.027295211 seconds time elapsed

root@whale:/workspace/codes/sycl-bench/new-build-hipsycl-cpu# LD_LIBRARY_PATH=$LD_LIBRARY_PATH:/opt/hipSYCL/llvm/lib perf stat -B -e cache-references,cache-misses ./matmul_wgp --size=1024 --local=32 --num-run
s=100
********** Results for MatMul_WGP_fp32**********
problem-size: 1024
local-size: 32
device-name: hipCPU OpenMP host device
sycl-implementation: hipSYCL
^C./matmul_wgp: Interrupt

 Performance counter stats for './matmul_wgp --size=1024 --local=32 --num-runs=100':

       21494881449      cache-references
        2574814562      cache-misses              #   11.979 % of all cache refs

     467.628026463 seconds time elapsed
