root@whale:/workspace/codes/sycl-bench# cd test-new-build-hipsycl-cuda/
root@whale:/workspace/codes/sycl-bench/test-new-build-hipsycl-cuda# cmake .. -DSYCL_IMPL=hipSYCL -DhipSYCL_DIR=/opt/hipSYCL/lib/cmake -DHIPSYCL_PLATFORM=cuda -DHIPSYCL_GPU_ARCH=sm_60
-- The C compiler identification is Clang 9.0.1
-- The CXX compiler identification is Clang 9.0.1
-- Detecting C compiler ABI info
-- Detecting C compiler ABI info - done
-- Check for working C compiler: /llvm-9.0.1/bin/clang - skipped
-- Detecting C compile features
-- Detecting C compile features - done
-- Detecting CXX compiler ABI info
-- Detecting CXX compiler ABI info - done
-- Check for working CXX compiler: /llvm-9.0.1/bin/clang++ - skipped
-- Detecting CXX compile features
-- Detecting CXX compile features - done
-- Configuring done
-- Generating done
-- Build files have been written to: /workspace/codes/sycl-bench/test-new-build-hipsycl-cuda
root@whale:/workspace/codes/sycl-bench/test-new-build-hipsycl-cuda# !make
bash: !make: event not found
root@whale:/workspace/codes/sycl-bench/test-new-build-hipsycl-cuda# make -j3 matmul_wgp matmul_serial matmul_bkp matmul_hdp
Scanning dependencies of target matmul_wgp
[ 50%] Building SYCL object CMakeFiles/matmul_wgp.dir/single-kernel/matmul_wgp.cpp.o
[100%] Linking SYCL executable matmul_wgp
[100%] Built target matmul_wgp
Scanning dependencies of target matmul_serial
[ 50%] Building SYCL object CMakeFiles/matmul_serial.dir/single-kernel/matmul_serial.cpp.o
[100%] Linking SYCL executable matmul_serial
[100%] Built target matmul_serial
Scanning dependencies of target matmul_bkp
[ 50%] Building SYCL object CMakeFiles/matmul_bkp.dir/single-kernel/matmul_bkp.cpp.o
[100%] Linking SYCL executable matmul_bkp
[100%] Built target matmul_bkp
Scanning dependencies of target matmul_hdp
[ 50%] Building SYCL object CMakeFiles/matmul_hdp.dir/single-kernel/matmul_hdp.cpp.o
[100%] Linking SYCL executable matmul_hdp
[100%] Built target matmul_hdp
root@whale:/workspace/codes/sycl-bench/test-new-build-hipsycl-cuda# perf stat -B -e cache-references,cache-misses ./matmul_serial --size=1024 --local=32 --num-runs=100
********** Results for MatMul_Serial_fp32**********
problem-size: 1024
local-size: 32
device-name: Tesla P100-PCIE-12GB
sycl-implementation: hipSYCL
^C./matmul_serial: Interrupt

 Performance counter stats for './matmul_serial --size=1024 --local=32 --num-runs=100':

         266618174      cache-references
           1074561      cache-misses              #    0.403 % of all cache refs

       1.295426591 seconds time elapsed

root@whale:/workspace/codes/sycl-bench/test-new-build-hipsycl-cuda# perf stat -B -e cache-references,cache-misses ./matmul_serial --size=1024 --num-runs=100
********** Results for MatMul_Serial_fp32**********
problem-size: 1024
local-size: 1024
device-name: Tesla P100-PCIE-12GB
sycl-implementation: hipSYCL
throughput-metric: N/A
kernel-time-mean: N/A
kernel-time-stddev: N/A
kernel-time-median: N/A
kernel-time-min: N/A
kernel-time-samples: N/A
kernel-time-throughput: N/A
run-time-mean: 4.645083 [s]
run-time-stddev: 0.000835 [s]
run-time-median: 4.644978 [s]
run-time-min: 4.643587 [s]
run-time-samples: "4.643587 4.644027 4.644094 4.644158 4.644165 4.644246 4.644275 4.644292 4.644315 4.644367 4.644387 4.644442 4.644496 4.644508 4.644516 4.644546 4.644561 4.644568 4.644604 4.644608 4.644625 4.644627 4.644630 4.644635 4.644684 4.644686 4.644691 4.644707 4.644714 4.644729 4.644734 4.644741 4.644742 4.644748 4.644755 4.644765 4.644773 4.644814 4.644850 4.644852 4.644861 4.644861 4.644862 4.644892 4.644895 4.644918 4.644929 4.644931 4.644934 4.644961 4.644978 4.644979 4.644982 4.644985 4.644987 4.645000 4.645005 4.645013 4.645015 4.645017 4.645019 4.645022 4.645031 4.645042 4.645046 4.645048 4.645049 4.645068 4.645069 4.645069 4.645073 4.645081 4.645085 4.645098 4.645100 4.645103 4.645114 4.645178 4.645195 4.645195 4.645203 4.645205 4.645225 4.645267 4.645299 4.645359 4.645361 4.645464 4.645489 4.645565 4.646216 4.646333 4.646814 4.647293 4.647411 4.647441 4.647599 4.647617 4.648007 4.648208"
run-time-throughput: N/A
Verification: PASS

 Performance counter stats for './matmul_serial --size=1024 --num-runs=100':

      107649828512      cache-references
           3383826      cache-misses              #    0.003 % of all cache refs

     464.904563118 seconds time elapsed

root@whale:/workspace/codes/sycl-bench/test-new-build-hipsycl-cuda# perf stat -B -e cache-references,cache-misses ./matmul_bkp --size=1024 --num-runs=100
********** Results for MatMul_BKP_fp32**********
problem-size: 1024
local-size: 1024
device-name: Tesla P100-PCIE-12GB
sycl-implementation: hipSYCL
throughput-metric: N/A
kernel-time-mean: N/A
kernel-time-stddev: N/A
kernel-time-median: N/A
kernel-time-min: N/A
kernel-time-samples: N/A
kernel-time-throughput: N/A
run-time-mean: 0.004788 [s]
run-time-stddev: 0.000161 [s]
run-time-median: 0.004719 [s]
run-time-min: 0.004627 [s]
run-time-samples: "0.004627 0.004634 0.004645 0.004648 0.004649 0.004651 0.004651 0.004655 0.004659 0.004660 0.004669 0.004669 0.004674 0.004677 0.004680 0.004681 0.004683 0.004688 0.004690 0.004692 0.004695 0.004695 0.004695 0.004696 0.004698 0.004699 0.004699 0.004700 0.004700 0.004701 0.004701 0.004701 0.004702 0.004702 0.004703 0.004703 0.004704 0.004705 0.004705 0.004706 0.004706 0.004707 0.004707 0.004709 0.004710 0.004711 0.004712 0.004713 0.004718 0.004718 0.004719 0.004721 0.004727 0.004730 0.004732 0.004732 0.004734 0.004735 0.004742 0.004744 0.004745 0.004745 0.004746 0.004746 0.004746 0.004752 0.004753 0.004755 0.004755 0.004756 0.004758 0.004759 0.004759 0.004761 0.004765 0.004770 0.004779 0.004798 0.004824 0.004859 0.004928 0.004945 0.004971 0.004986 0.004996 0.005015 0.005019 0.005027 0.005036 0.005128 0.005135 0.005139 0.005143 0.005157 0.005160 0.005162 0.005176 0.005191 0.005225 0.005231"
run-time-throughput: N/A
Verification: PASS

 Performance counter stats for './matmul_bkp --size=1024 --num-runs=100':

          61605946      cache-references
           8649786      cache-misses              #   14.041 % of all cache refs

       1.655081401 seconds time elapsed

root@whale:/workspace/codes/sycl-bench/test-new-build-hipsycl-cuda# perf stat -B -e cache-references,cache-misses ./matmul_hdp --size=1024 --local=1 --num-runs=100
********** Results for MatMul_HDP_fp32**********
problem-size: 1024
local-size: 1
device-name: Tesla P100-PCIE-12GB
sycl-implementation: hipSYCL
throughput-metric: N/A
kernel-time-mean: N/A
kernel-time-stddev: N/A
kernel-time-median: N/A
kernel-time-min: N/A
kernel-time-samples: N/A
kernel-time-throughput: N/A
run-time-mean: 0.166394 [s]
run-time-stddev: 0.000734 [s]
run-time-median: 0.166322 [s]
run-time-min: 0.166209 [s]
run-time-samples: "0.166209 0.166222 0.166223 0.166231 0.166238 0.166242 0.166245 0.166256 0.166257 0.166264 0.166264 0.166264 0.166267 0.166268 0.166275 0.166275 0.166278 0.166278 0.166279 0.166281 0.166281 0.166283 0.166283 0.166284 0.166284 0.166285 0.166285 0.166286 0.166287 0.166289 0.166292 0.166294 0.166294 0.166294 0.166296 0.166297 0.166299 0.166300 0.166300 0.166300 0.166303 0.166306 0.166309 0.166309 0.166311 0.166312 0.166314 0.166315 0.166315 0.166321 0.166322 0.166324 0.166324 0.166325 0.166325 0.166326 0.166330 0.166331 0.166331 0.166333 0.166335 0.166335 0.166335 0.166336 0.166336 0.166338 0.166338 0.166338 0.166339 0.166339 0.166341 0.166342 0.166344 0.166347 0.166348 0.166350 0.166351 0.166351 0.166355 0.166356 0.166357 0.166362 0.166363 0.166364 0.166368 0.166368 0.166369 0.166370 0.166373 0.166376 0.166378 0.166390 0.166398 0.166401 0.166410 0.166414 0.166432 0.166454 0.166612 0.173639"
run-time-throughput: N/A
Verification: PASS

 Performance counter stats for './matmul_hdp --size=1024 --local=1 --num-runs=100':

          61911666      cache-references
          10821213      cache-misses              #   17.478 % of all cache refs

      17.834226313 seconds time elapsed

root@whale:/workspace/codes/sycl-bench/test-new-build-hipsycl-cuda# perf stat -B -e cache-references,cache-misses ./matmul_hdp --size=1024 --local=2 --num-runs=100
********** Results for MatMul_HDP_fp32**********
problem-size: 1024
local-size: 2
device-name: Tesla P100-PCIE-12GB
sycl-implementation: hipSYCL
throughput-metric: N/A
kernel-time-mean: N/A
kernel-time-stddev: N/A
kernel-time-median: N/A
kernel-time-min: N/A
kernel-time-samples: N/A
kernel-time-throughput: N/A
run-time-mean: 0.042641 [s]
run-time-stddev: 0.000453 [s]
run-time-median: 0.042568 [s]
run-time-min: 0.042414 [s]
run-time-samples: "0.042414 0.042447 0.042451 0.042456 0.042458 0.042469 0.042469 0.042478 0.042486 0.042487 0.042489 0.042493 0.042497 0.042505 0.042511 0.042511 0.042514 0.042514 0.042518 0.042519 0.042521 0.042522 0.042522 0.042527 0.042528 0.042529 0.042530 0.042530 0.042531 0.042534 0.042534 0.042534 0.042535 0.042536 0.042536 0.042537 0.042538 0.042539 0.042541 0.042543 0.042544 0.042545 0.042545 0.042549 0.042551 0.042555 0.042556 0.042556 0.042561 0.042567 0.042568 0.042568 0.042571 0.042571 0.042572 0.042572 0.042573 0.042574 0.042575 0.042578 0.042581 0.042582 0.042582 0.042583 0.042583 0.042587 0.042589 0.042591 0.042592 0.042595 0.042597 0.042597 0.042598 0.042599 0.042599 0.042603 0.042604 0.042606 0.042610 0.042611 0.042611 0.042613 0.042617 0.042618 0.042620 0.042621 0.042622 0.042623 0.042635 0.042641 0.042642 0.042647 0.042649 0.042666 0.042706 0.042777 0.042829 0.044930 0.045098 0.045485"
run-time-throughput: N/A
Verification: PASS

 Performance counter stats for './matmul_hdp --size=1024 --local=2 --num-runs=100':

          62480882      cache-references
          12767603      cache-misses              #   20.434 % of all cache refs

       5.479369553 seconds time elapsed

root@whale:/workspace/codes/sycl-bench/test-new-build-hipsycl-cuda# perf stat -B -e cache-references,cache-misses ./matmul_hdp --size=1024 --local=4 --num-runs=100
********** Results for MatMul_HDP_fp32**********
problem-size: 1024
local-size: 4
device-name: Tesla P100-PCIE-12GB
sycl-implementation: hipSYCL
throughput-metric: N/A
kernel-time-mean: N/A
kernel-time-stddev: N/A
kernel-time-median: N/A
kernel-time-min: N/A
kernel-time-samples: N/A
kernel-time-throughput: N/A
run-time-mean: 0.010290 [s]
run-time-stddev: 0.000162 [s]
run-time-median: 0.010241 [s]
run-time-min: 0.010173 [s]
run-time-samples: "0.010173 0.010205 0.010215 0.010219 0.010222 0.010222 0.010222 0.010223 0.010223 0.010223 0.010224 0.010224 0.010224 0.010224 0.010224 0.010225 0.010225 0.010225 0.010225 0.010225 0.010225 0.010226 0.010226 0.010227 0.010227 0.010227 0.010227 0.010227 0.010227 0.010227 0.010227 0.010228 0.010228 0.010228 0.010228 0.010228 0.010229 0.010229 0.010230 0.010230 0.010230 0.010230 0.010230 0.010230 0.010231 0.010232 0.010233 0.010234 0.010236 0.010239 0.010241 0.010241 0.010241 0.010241 0.010242 0.010242 0.010243 0.010243 0.010243 0.010245 0.010248 0.010252 0.010254 0.010264 0.010266 0.010267 0.010268 0.010268 0.010268 0.010272 0.010273 0.010273 0.010274 0.010274 0.010275 0.010275 0.010275 0.010276 0.010277 0.010279 0.010282 0.010283 0.010284 0.010286 0.010288 0.010288 0.010290 0.010291 0.010294 0.010295 0.010298 0.010313 0.010328 0.010712 0.010843 0.010853 0.010863 0.010894 0.010924 0.010975"
run-time-throughput: N/A
Verification: PASS

 Performance counter stats for './matmul_hdp --size=1024 --local=4 --num-runs=100':

          61358484      cache-references
           8795881      cache-misses              #   14.335 % of all cache refs

       2.178827095 seconds time elapsed

root@whale:/workspace/codes/sycl-bench/test-new-build-hipsycl-cuda# perf stat -B -e cache-references,cache-misses ./matmul_hdp --size=1024 --local=8 --num-runs=100
********** Results for MatMul_HDP_fp32**********
problem-size: 1024
local-size: 8
device-name: Tesla P100-PCIE-12GB
sycl-implementation: hipSYCL
throughput-metric: N/A
kernel-time-mean: N/A
kernel-time-stddev: N/A
kernel-time-median: N/A
kernel-time-min: N/A
kernel-time-samples: N/A
kernel-time-throughput: N/A
run-time-mean: 0.006915 [s]
run-time-stddev: 0.000138 [s]
run-time-median: 0.006871 [s]
run-time-min: 0.006828 [s]
run-time-samples: "0.006828 0.006840 0.006847 0.006851 0.006852 0.006852 0.006853 0.006853 0.006854 0.006855 0.006855 0.006856 0.006856 0.006856 0.006856 0.006857 0.006857 0.006857 0.006858 0.006858 0.006859 0.006859 0.006859 0.006859 0.006860 0.006861 0.006861 0.006862 0.006862 0.006862 0.006863 0.006864 0.006864 0.006864 0.006865 0.006865 0.006865 0.006865 0.006865 0.006866 0.006866 0.006866 0.006866 0.006866 0.006868 0.006869 0.006869 0.006870 0.006870 0.006870 0.006871 0.006872 0.006872 0.006873 0.006873 0.006874 0.006874 0.006874 0.006874 0.006875 0.006875 0.006876 0.006876 0.006876 0.006877 0.006877 0.006878 0.006878 0.006880 0.006880 0.006880 0.006881 0.006883 0.006885 0.006886 0.006886 0.006887 0.006888 0.006888 0.006891 0.006895 0.006897 0.006898 0.006900 0.006905 0.006907 0.006907 0.006910 0.006919 0.006926 0.006968 0.007282 0.007291 0.007303 0.007311 0.007311 0.007390 0.007394 0.007399 0.007407"
run-time-throughput: N/A
Verification: PASS

 Performance counter stats for './matmul_hdp --size=1024 --local=8 --num-runs=100':

          61489153      cache-references
           8777011      cache-misses              #   14.274 % of all cache refs

       1.832908358 seconds time elapsed

root@whale:/workspace/codes/sycl-bench/test-new-build-hipsycl-cuda# perf stat -B -e cache-references,cache-misses ./matmul_hdp --size=1024 --local=16 --num-runs=100
********** Results for MatMul_HDP_fp32**********
problem-size: 1024
local-size: 16
device-name: Tesla P100-PCIE-12GB
sycl-implementation: hipSYCL
throughput-metric: N/A
kernel-time-mean: N/A
kernel-time-stddev: N/A
kernel-time-median: N/A
kernel-time-min: N/A
kernel-time-samples: N/A
kernel-time-throughput: N/A
run-time-mean: 0.004858 [s]
run-time-stddev: 0.000125 [s]
run-time-median: 0.004806 [s]
run-time-min: 0.004740 [s]
run-time-samples: "0.004740 0.004751 0.004757 0.004757 0.004758 0.004760 0.004761 0.004763 0.004768 0.004770 0.004771 0.004773 0.004774 0.004774 0.004776 0.004776 0.004780 0.004780 0.004780 0.004780 0.004781 0.004781 0.004783 0.004783 0.004783 0.004784 0.004784 0.004785 0.004785 0.004785 0.004786 0.004786 0.004787 0.004793 0.004793 0.004795 0.004796 0.004796 0.004797 0.004798 0.004799 0.004800 0.004800 0.004800 0.004801 0.004803 0.004803 0.004805 0.004805 0.004806 0.004806 0.004807 0.004808 0.004809 0.004811 0.004811 0.004814 0.004815 0.004816 0.004817 0.004821 0.004821 0.004821 0.004822 0.004827 0.004828 0.004829 0.004829 0.004830 0.004830 0.004832 0.004840 0.004841 0.004842 0.004843 0.004848 0.004850 0.004851 0.004856 0.004862 0.004866 0.004866 0.005031 0.005060 0.005074 0.005082 0.005101 0.005102 0.005113 0.005114 0.005115 0.005116 0.005118 0.005132 0.005134 0.005138 0.005142 0.005155 0.005169 0.005186"
run-time-throughput: N/A
Verification: PASS

 Performance counter stats for './matmul_hdp --size=1024 --local=16 --num-runs=100':

          63456255      cache-references
          16299950      cache-misses              #   25.687 % of all cache refs

       1.715216266 seconds time elapsed

root@whale:/workspace/codes/sycl-bench/test-new-build-hipsycl-cuda# perf stat -B -e cache-references,cache-misses ./matmul_hdp --size=1024 --local=32 --num-runs=100
********** Results for MatMul_HDP_fp32**********
problem-size: 1024
local-size: 32
device-name: Tesla P100-PCIE-12GB
sycl-implementation: hipSYCL
throughput-metric: N/A
kernel-time-mean: N/A
kernel-time-stddev: N/A
kernel-time-median: N/A
kernel-time-min: N/A
kernel-time-samples: N/A
kernel-time-throughput: N/A
run-time-mean: 0.004919 [s]
run-time-stddev: 0.000125 [s]
run-time-median: 0.004862 [s]
run-time-min: 0.004818 [s]
run-time-samples: "0.004818 0.004819 0.004820 0.004821 0.004822 0.004822 0.004824 0.004824 0.004824 0.004824 0.004825 0.004826 0.004826 0.004828 0.004828 0.004829 0.004829 0.004829 0.004831 0.004831 0.004832 0.004832 0.004832 0.004833 0.004834 0.004834 0.004835 0.004836 0.004836 0.004836 0.004837 0.004837 0.004839 0.004839 0.004840 0.004840 0.004842 0.004843 0.004847 0.004848 0.004849 0.004849 0.004850 0.004851 0.004853 0.004855 0.004856 0.004858 0.004861 0.004861 0.004862 0.004867 0.004873 0.004877 0.004880 0.004880 0.004882 0.004888 0.004890 0.004890 0.004891 0.004891 0.004892 0.004893 0.004894 0.004895 0.004895 0.004896 0.004898 0.004900 0.004904 0.004905 0.004906 0.004922 0.004927 0.004931 0.004938 0.004939 0.004941 0.004942 0.004962 0.005119 0.005142 0.005144 0.005145 0.005149 0.005149 0.005152 0.005154 0.005156 0.005158 0.005162 0.005163 0.005165 0.005170 0.005173 0.005180 0.005206 0.005222 0.005238"
run-time-throughput: N/A
Verification: PASS

 Performance counter stats for './matmul_hdp --size=1024 --local=32 --num-runs=100':

          63494212      cache-references
          16246519      cache-misses              #   25.587 % of all cache refs

       1.726312622 seconds time elapsed

root@whale:/workspace/codes/sycl-bench/test-new-build-hipsycl-cuda# perf stat -B -e cache-references,cache-misses ./matmul_hdp --size=1024 --local=64 --num-runs=100
********** Results for MatMul_HDP_fp32**********
problem-size: 1024
local-size: 64
device-name: Tesla P100-PCIE-12GB
sycl-implementation: hipSYCL
VERIFICATION FAILED for element 0,0: 0.000000 != 1.000000
throughput-metric: N/A
kernel-time-mean: N/A
kernel-time-stddev: N/A
kernel-time-median: N/A
kernel-time-min: N/A
kernel-time-samples: N/A
kernel-time-throughput: N/A
run-time-mean: 0.000059 [s]
run-time-stddev: 0.000000 [s]
run-time-median: 0.000059 [s]
run-time-min: 0.000059 [s]
run-time-samples: "0.000059"
run-time-throughput: N/A
Verification: FAIL

 Performance counter stats for './matmul_hdp --size=1024 --local=64 --num-runs=100':

           3161841      cache-references
           1121000      cache-misses              #   35.454 % of all cache refs

       0.164907967 seconds time elapsed

root@whale:/workspace/codes/sycl-bench/test-new-build-hipsycl-cuda# perf stat -B -e cache-references,cache-misses ./matmul_hdp --size=1024 --local=128 --num-runs=100
********** Results for MatMul_HDP_fp32**********
problem-size: 1024
local-size: 128
device-name: Tesla P100-PCIE-12GB
sycl-implementation: hipSYCL
VERIFICATION FAILED for element 0,0: 0.000000 != 1.000000
throughput-metric: N/A
kernel-time-mean: N/A
kernel-time-stddev: N/A
kernel-time-median: N/A
kernel-time-min: N/A
kernel-time-samples: N/A
kernel-time-throughput: N/A
run-time-mean: 0.000081 [s]
run-time-stddev: 0.000000 [s]
run-time-median: 0.000081 [s]
run-time-min: 0.000081 [s]
run-time-samples: "0.000081"
run-time-throughput: N/A
Verification: FAIL

 Performance counter stats for './matmul_hdp --size=1024 --local=128 --num-runs=100':

           3164697      cache-references
           1247824      cache-misses              #   39.429 % of all cache refs

       0.165298621 seconds time elapsed

root@whale:/workspace/codes/sycl-bench/test-new-build-hipsycl-cuda# perf stat -B -e cache-references,cache-misses ./matmul_hdp --size=1024 --local=256 --num-runs=100
********** Results for MatMul_HDP_fp32**********
problem-size: 1024
local-size: 256
device-name: Tesla P100-PCIE-12GB
sycl-implementation: hipSYCL
VERIFICATION FAILED for element 0,0: 0.000000 != 1.000000
throughput-metric: N/A
kernel-time-mean: N/A
kernel-time-stddev: N/A
kernel-time-median: N/A
kernel-time-min: N/A
kernel-time-samples: N/A
kernel-time-throughput: N/A
run-time-mean: 0.000067 [s]
run-time-stddev: 0.000000 [s]
run-time-median: 0.000067 [s]
run-time-min: 0.000067 [s]
run-time-samples: "0.000067"
run-time-throughput: N/A
Verification: FAIL

 Performance counter stats for './matmul_hdp --size=1024 --local=256 --num-runs=100':

           3161835      cache-references
           1230850      cache-misses              #   38.928 % of all cache refs

       0.165244357 seconds time elapsed

root@whale:/workspace/codes/sycl-bench/test-new-build-hipsycl-cuda# perf stat -B -e cache-references,cache-misses ./matmul_hdp --size=1024 --local=512 --num-runs=100
********** Results for MatMul_HDP_fp32**********
problem-size: 1024
local-size: 512
device-name: Tesla P100-PCIE-12GB
sycl-implementation: hipSYCL
VERIFICATION FAILED for element 0,0: 0.000000 != 1.000000
throughput-metric: N/A
kernel-time-mean: N/A
kernel-time-stddev: N/A
kernel-time-median: N/A
kernel-time-min: N/A
kernel-time-samples: N/A
kernel-time-throughput: N/A
run-time-mean: 0.000055 [s]
run-time-stddev: 0.000000 [s]
run-time-median: 0.000055 [s]
run-time-min: 0.000055 [s]
run-time-samples: "0.000055"
run-time-throughput: N/A
Verification: FAIL

 Performance counter stats for './matmul_hdp --size=1024 --local=512 --num-runs=100':

           3187295      cache-references
           1233164      cache-misses              #   38.690 % of all cache refs

       0.165587207 seconds time elapsed

root@whale:/workspace/codes/sycl-bench/test-new-build-hipsycl-cuda# perf stat -B -e cache-references,cache-misses ./matmul_hdp --size=1024 --local=1024 --num-runs=100
********** Results for MatMul_HDP_fp32**********
problem-size: 1024
local-size: 1024
device-name: Tesla P100-PCIE-12GB
sycl-implementation: hipSYCL
VERIFICATION FAILED for element 0,0: 0.000000 != 1.000000
throughput-metric: N/A
kernel-time-mean: N/A
kernel-time-stddev: N/A
kernel-time-median: N/A
kernel-time-min: N/A
kernel-time-samples: N/A
kernel-time-throughput: N/A
run-time-mean: 0.000054 [s]
run-time-stddev: 0.000000 [s]
run-time-median: 0.000054 [s]
run-time-min: 0.000054 [s]
run-time-samples: "0.000054"
run-time-throughput: N/A
Verification: FAIL

 Performance counter stats for './matmul_hdp --size=1024 --local=1024 --num-runs=100':

           3192438      cache-references
           1230605      cache-misses              #   38.547 % of all cache refs

       0.165976471 seconds time elapsed

root@whale:/workspace/codes/sycl-bench/test-new-build-hipsycl-cuda# perf stat -B -e cache-references,cache-misses ./matmul_wgp --size=1024 --local=1 --num-runs=100
********** Results for MatMul_WGP_fp32**********
problem-size: 1024
local-size: 1
device-name: Tesla P100-PCIE-12GB
sycl-implementation: hipSYCL
throughput-metric: N/A
kernel-time-mean: N/A
kernel-time-stddev: N/A
kernel-time-median: N/A
kernel-time-min: N/A
kernel-time-samples: N/A
kernel-time-throughput: N/A
run-time-mean: 0.167107 [s]
run-time-stddev: 0.000975 [s]
run-time-median: 0.167005 [s]
run-time-min: 0.166955 [s]
run-time-samples: "0.166955 0.166956 0.166958 0.166958 0.166958 0.166960 0.166963 0.166963 0.166963 0.166969 0.166970 0.166970 0.166971 0.166972 0.166975 0.166975 0.166975 0.166976 0.166976 0.166976 0.166978 0.166978 0.166978 0.166980 0.166982 0.166982 0.166984 0.166984 0.166984 0.166984 0.166984 0.166984 0.166986 0.166986 0.166986 0.166990 0.166993 0.166993 0.166993 0.166993 0.166995 0.166996 0.166996 0.166996 0.166997 0.167001 0.167002 0.167002 0.167005 0.167005 0.167005 0.167006 0.167007 0.167007 0.167008 0.167010 0.167011 0.167012 0.167012 0.167013 0.167014 0.167015 0.167016 0.167017 0.167019 0.167021 0.167021 0.167023 0.167024 0.167026 0.167026 0.167026 0.167026 0.167027 0.167027 0.167028 0.167029 0.167030 0.167030 0.167032 0.167033 0.167034 0.167035 0.167037 0.167037 0.167037 0.167040 0.167043 0.167044 0.167047 0.167047 0.167048 0.167057 0.167061 0.167069 0.167071 0.167092 0.167132 0.167415 0.176747"
run-time-throughput: N/A
Verification: PASS

 Performance counter stats for './matmul_wgp --size=1024 --local=1 --num-runs=100':

          62356932      cache-references
          10768632      cache-misses              #   17.269 % of all cache refs

      17.913495431 seconds time elapsed

root@whale:/workspace/codes/sycl-bench/test-new-build-hipsycl-cuda# perf stat -B -e cache-references,cache-misses ./matmul_wgp --size=1024 --local=2 --num-runs=100
********** Results for MatMul_WGP_fp32**********
problem-size: 1024
local-size: 2
device-name: Tesla P100-PCIE-12GB
sycl-implementation: hipSYCL
throughput-metric: N/A
kernel-time-mean: N/A
kernel-time-stddev: N/A
kernel-time-median: N/A
kernel-time-min: N/A
kernel-time-samples: N/A
kernel-time-throughput: N/A
run-time-mean: 0.045128 [s]
run-time-stddev: 0.000468 [s]
run-time-median: 0.045031 [s]
run-time-min: 0.044956 [s]
run-time-samples: "0.044956 0.044982 0.044996 0.044998 0.044999 0.045000 0.045000 0.045000 0.045001 0.045001 0.045001 0.045001 0.045002 0.045003 0.045003 0.045004 0.045004 0.045004 0.045005 0.045005 0.045008 0.045008 0.045008 0.045008 0.045009 0.045009 0.045011 0.045011 0.045011 0.045013 0.045013 0.045013 0.045013 0.045014 0.045014 0.045015 0.045015 0.045016 0.045016 0.045016 0.045017 0.045017 0.045020 0.045020 0.045021 0.045024 0.045028 0.045028 0.045029 0.045029 0.045031 0.045033 0.045037 0.045038 0.045042 0.045042 0.045044 0.045045 0.045045 0.045048 0.045048 0.045049 0.045049 0.045051 0.045051 0.045051 0.045052 0.045052 0.045052 0.045053 0.045053 0.045053 0.045053 0.045053 0.045053 0.045054 0.045055 0.045056 0.045056 0.045056 0.045057 0.045057 0.045058 0.045058 0.045058 0.045059 0.045060 0.045063 0.045066 0.045068 0.045068 0.045069 0.045073 0.045118 0.045167 0.045169 0.047284 0.047311 0.047344 0.047653"
run-time-throughput: N/A
Verification: PASS

 Performance counter stats for './matmul_wgp --size=1024 --local=2 --num-runs=100':

          63126241      cache-references
          13838741      cache-misses              #   21.922 % of all cache refs

       5.740254241 seconds time elapsed

root@whale:/workspace/codes/sycl-bench/test-new-build-hipsycl-cuda# perf stat -B -e cache-references,cache-misses ./matmul_wgp --size=1024 --local=4 --num-runs=100
********** Results for MatMul_WGP_fp32**********
problem-size: 1024
local-size: 4
device-name: Tesla P100-PCIE-12GB
sycl-implementation: hipSYCL
throughput-metric: N/A
kernel-time-mean: N/A
kernel-time-stddev: N/A
kernel-time-median: N/A
kernel-time-min: N/A
kernel-time-samples: N/A
kernel-time-throughput: N/A
run-time-mean: 0.012126 [s]
run-time-stddev: 0.000635 [s]
run-time-median: 0.012018 [s]
run-time-min: 0.011958 [s]
run-time-samples: "0.011958 0.011978 0.011986 0.011989 0.011990 0.011994 0.011998 0.011998 0.011999 0.012002 0.012002 0.012003 0.012003 0.012004 0.012004 0.012005 0.012006 0.012006 0.012007 0.012007 0.012007 0.012007 0.012009 0.012009 0.012009 0.012009 0.012009 0.012010 0.012010 0.012010 0.012011 0.012011 0.012012 0.012012 0.012013 0.012013 0.012014 0.012015 0.012015 0.012016 0.012016 0.012016 0.012017 0.012017 0.012017 0.012017 0.012017 0.012017 0.012018 0.012018 0.012018 0.012019 0.012019 0.012019 0.012019 0.012020 0.012020 0.012020 0.012021 0.012022 0.012022 0.012022 0.012023 0.012023 0.012023 0.012024 0.012024 0.012025 0.012025 0.012026 0.012026 0.012026 0.012026 0.012027 0.012027 0.012028 0.012029 0.012031 0.012031 0.012031 0.012032 0.012035 0.012038 0.012039 0.012041 0.012041 0.012046 0.012053 0.012054 0.012060 0.012165 0.012545 0.012545 0.012555 0.012571 0.012572 0.012582 0.012663 0.012687 0.018210"
run-time-throughput: N/A
Verification: PASS

 Performance counter stats for './matmul_wgp --size=1024 --local=4 --num-runs=100':

          63709209      cache-references
          16193809      cache-misses              #   25.418 % of all cache refs

       2.437737021 seconds time elapsed

root@whale:/workspace/codes/sycl-bench/test-new-build-hipsycl-cuda# perf stat -B -e cache-references,cache-misses ./matmul_wgp --size=1024 --local=8 --num-runs=100
********** Results for MatMul_WGP_fp32**********
problem-size: 1024
local-size: 8
device-name: Tesla P100-PCIE-12GB
sycl-implementation: hipSYCL
throughput-metric: N/A
kernel-time-mean: N/A
kernel-time-stddev: N/A
kernel-time-median: N/A
kernel-time-min: N/A
kernel-time-samples: N/A
kernel-time-throughput: N/A
run-time-mean: 0.007005 [s]
run-time-stddev: 0.000195 [s]
run-time-median: 0.006928 [s]
run-time-min: 0.006829 [s]
run-time-samples: "0.006829 0.006858 0.006869 0.006871 0.006878 0.006878 0.006879 0.006879 0.006879 0.006883 0.006884 0.006884 0.006884 0.006886 0.006888 0.006889 0.006889 0.006893 0.006894 0.006896 0.006898 0.006899 0.006907 0.006910 0.006911 0.006911 0.006913 0.006913 0.006913 0.006914 0.006914 0.006914 0.006914 0.006915 0.006916 0.006916 0.006917 0.006919 0.006919 0.006919 0.006919 0.006920 0.006921 0.006921 0.006922 0.006922 0.006923 0.006924 0.006927 0.006927 0.006928 0.006928 0.006929 0.006930 0.006932 0.006934 0.006934 0.006938 0.006948 0.006948 0.006949 0.006955 0.006957 0.006957 0.006965 0.006965 0.006968 0.006968 0.006980 0.006981 0.006982 0.006985 0.006986 0.006988 0.006988 0.006989 0.006997 0.007000 0.007007 0.007011 0.007022 0.007022 0.007022 0.007027 0.007030 0.007057 0.007065 0.007381 0.007388 0.007406 0.007410 0.007412 0.007413 0.007422 0.007467 0.007532 0.007540 0.007559 0.007595 0.007759"
run-time-throughput: N/A
Verification: PASS

 Performance counter stats for './matmul_wgp --size=1024 --local=8 --num-runs=100':

          61017270      cache-references
           8603221      cache-misses              #   14.100 % of all cache refs

       1.828252180 seconds time elapsed

root@whale:/workspace/codes/sycl-bench/test-new-build-hipsycl-cuda# perf stat -B -e cache-references,cache-misses ./matmul_wgp --size=1024 --local=16 --num-runs=100
********** Results for MatMul_WGP_fp32**********
problem-size: 1024
local-size: 16
device-name: Tesla P100-PCIE-12GB
sycl-implementation: hipSYCL
throughput-metric: N/A
kernel-time-mean: N/A
kernel-time-stddev: N/A
kernel-time-median: N/A
kernel-time-min: N/A
kernel-time-samples: N/A
kernel-time-throughput: N/A
run-time-mean: 0.004821 [s]
run-time-stddev: 0.000353 [s]
run-time-median: 0.004751 [s]
run-time-min: 0.004633 [s]
run-time-samples: "0.004633 0.004685 0.004687 0.004695 0.004696 0.004699 0.004704 0.004705 0.004707 0.004708 0.004708 0.004709 0.004710 0.004712 0.004714 0.004714 0.004716 0.004717 0.004720 0.004721 0.004721 0.004723 0.004724 0.004724 0.004725 0.004726 0.004727 0.004728 0.004729 0.004730 0.004730 0.004730 0.004730 0.004731 0.004731 0.004732 0.004732 0.004732 0.004733 0.004733 0.004735 0.004736 0.004737 0.004737 0.004737 0.004742 0.004743 0.004745 0.004750 0.004750 0.004751 0.004753 0.004754 0.004755 0.004756 0.004760 0.004761 0.004762 0.004764 0.004765 0.004765 0.004765 0.004766 0.004767 0.004767 0.004768 0.004769 0.004771 0.004772 0.004773 0.004773 0.004773 0.004778 0.004780 0.004782 0.004784 0.004784 0.004787 0.004791 0.004794 0.004795 0.004799 0.004810 0.004819 0.004840 0.004845 0.004857 0.005033 0.005041 0.005041 0.005051 0.005054 0.005060 0.005068 0.005101 0.005130 0.005157 0.005185 0.005188 0.008109"
run-time-throughput: N/A
Verification: PASS

 Performance counter stats for './matmul_wgp --size=1024 --local=16 --num-runs=100':

          61886519      cache-references
           8738093      cache-misses              #   14.120 % of all cache refs

       1.616363137 seconds time elapsed

root@whale:/workspace/codes/sycl-bench/test-new-build-hipsycl-cuda# perf stat -B -e cache-references,cache-misses ./matmul_wgp --size=1024 --local=32 --num-runs=100
********** Results for MatMul_WGP_fp32**********
problem-size: 1024
local-size: 32
device-name: Tesla P100-PCIE-12GB
sycl-implementation: hipSYCL
throughput-metric: N/A
kernel-time-mean: N/A
kernel-time-stddev: N/A
kernel-time-median: N/A
kernel-time-min: N/A
kernel-time-samples: N/A
kernel-time-throughput: N/A
run-time-mean: 0.004969 [s]
run-time-stddev: 0.000120 [s]
run-time-median: 0.004917 [s]
run-time-min: 0.004834 [s]
run-time-samples: "0.004834 0.004864 0.004868 0.004878 0.004880 0.004901 0.004904 0.004904 0.004904 0.004904 0.004904 0.004904 0.004905 0.004905 0.004905 0.004905 0.004905 0.004905 0.004905 0.004905 0.004905 0.004906 0.004906 0.004907 0.004907 0.004908 0.004908 0.004909 0.004909 0.004909 0.004909 0.004909 0.004910 0.004910 0.004910 0.004910 0.004910 0.004911 0.004911 0.004911 0.004911 0.004911 0.004912 0.004912 0.004912 0.004913 0.004914 0.004916 0.004916 0.004917 0.004917 0.004918 0.004918 0.004918 0.004918 0.004919 0.004920 0.004921 0.004921 0.004922 0.004922 0.004922 0.004923 0.004923 0.004923 0.004923 0.004924 0.004925 0.004926 0.004926 0.004928 0.004929 0.004932 0.004934 0.004934 0.004934 0.004941 0.004967 0.004970 0.005027 0.005030 0.005031 0.005033 0.005040 0.005043 0.005217 0.005218 0.005222 0.005222 0.005226 0.005229 0.005229 0.005233 0.005235 0.005245 0.005249 0.005258 0.005261 0.005282 0.005283"
run-time-throughput: N/A
Verification: PASS

 Performance counter stats for './matmul_wgp --size=1024 --local=32 --num-runs=100':

          62631106      cache-references
          16124397      cache-misses              #   25.745 % of all cache refs

       1.722888594 seconds time elapsed

root@whale:/workspace/codes/sycl-bench/test-new-build-hipsycl-cuda# perf stat -B -e cache-references,cache-misses ./matmul_wgp --size=1024 --local=64 --num-runs=100
********** Results for MatMul_WGP_fp32**********
problem-size: 1024
local-size: 64
device-name: Tesla P100-PCIE-12GB
sycl-implementation: hipSYCL
VERIFICATION FAILED for element 0,0: 0.000000 != 1.000000
throughput-metric: N/A
kernel-time-mean: N/A
kernel-time-stddev: N/A
kernel-time-median: N/A
kernel-time-min: N/A
kernel-time-samples: N/A
kernel-time-throughput: N/A
run-time-mean: 0.000050 [s]
run-time-stddev: 0.000000 [s]
run-time-median: 0.000050 [s]
run-time-min: 0.000050 [s]
run-time-samples: "0.000050"
run-time-throughput: N/A
Verification: FAIL

 Performance counter stats for './matmul_wgp --size=1024 --local=64 --num-runs=100':

           3170644      cache-references
           1185744      cache-misses              #   37.398 % of all cache refs

       0.166011732 seconds time elapsed

root@whale:/workspace/codes/sycl-bench/test-new-build-hipsycl-cuda# perf stat -B -e cache-references,cache-misses ./matmul_wgp --size=1024 --local=128 --num-runs=100
********** Results for MatMul_WGP_fp32**********
problem-size: 1024
local-size: 128
device-name: Tesla P100-PCIE-12GB
sycl-implementation: hipSYCL
VERIFICATION FAILED for element 0,0: 0.000000 != 1.000000
throughput-metric: N/A
kernel-time-mean: N/A
kernel-time-stddev: N/A
kernel-time-median: N/A
kernel-time-min: N/A
kernel-time-samples: N/A
kernel-time-throughput: N/A
run-time-mean: 0.000068 [s]
run-time-stddev: 0.000000 [s]
run-time-median: 0.000068 [s]
run-time-min: 0.000068 [s]
run-time-samples: "0.000068"
run-time-throughput: N/A
Verification: FAIL

 Performance counter stats for './matmul_wgp --size=1024 --local=128 --num-runs=100':

           3201669      cache-references
           1240341      cache-misses              #   38.740 % of all cache refs

       0.167053142 seconds time elapsed

root@whale:/workspace/codes/sycl-bench/test-new-build-hipsycl-cuda# perf stat -B -e cache-references,cache-misses ./matmul_wgp --size=1024 --local=256 --num-runs=100
********** Results for MatMul_WGP_fp32**********
problem-size: 1024
local-size: 256
device-name: Tesla P100-PCIE-12GB
sycl-implementation: hipSYCL
VERIFICATION FAILED for element 0,0: 0.000000 != 1.000000
throughput-metric: N/A
kernel-time-mean: N/A
kernel-time-stddev: N/A
kernel-time-median: N/A
kernel-time-min: N/A
kernel-time-samples: N/A
kernel-time-throughput: N/A
run-time-mean: 0.000071 [s]
run-time-stddev: 0.000000 [s]
run-time-median: 0.000071 [s]
run-time-min: 0.000071 [s]
run-time-samples: "0.000071"
run-time-throughput: N/A
Verification: FAIL

 Performance counter stats for './matmul_wgp --size=1024 --local=256 --num-runs=100':

           3158505      cache-references
           1114367      cache-misses              #   35.281 % of all cache refs

       0.162924426 seconds time elapsed

root@whale:/workspace/codes/sycl-bench/test-new-build-hipsycl-cuda# perf stat -B -e cache-references,cache-misses ./matmul_wgp --size=1024 --local=512 --num-runs=100
********** Results for MatMul_WGP_fp32**********
problem-size: 1024
local-size: 512
device-name: Tesla P100-PCIE-12GB
sycl-implementation: hipSYCL
VERIFICATION FAILED for element 0,0: 0.000000 != 1.000000
throughput-metric: N/A
kernel-time-mean: N/A
kernel-time-stddev: N/A
kernel-time-median: N/A
kernel-time-min: N/A
kernel-time-samples: N/A
kernel-time-throughput: N/A
run-time-mean: 0.000086 [s]
run-time-stddev: 0.000000 [s]
run-time-median: 0.000086 [s]
run-time-min: 0.000086 [s]
run-time-samples: "0.000086"
run-time-throughput: N/A
Verification: FAIL

 Performance counter stats for './matmul_wgp --size=1024 --local=512 --num-runs=100':

           3173592      cache-references
           1109452      cache-misses              #   34.959 % of all cache refs

       0.165069662 seconds time elapsed

root@whale:/workspace/codes/sycl-bench/test-new-build-hipsycl-cuda# perf stat -B -e cache-references,cache-misses ./matmul_wgp --size=1024 --local=1024 --num-runs=100
********** Results for MatMul_WGP_fp32**********
problem-size: 1024
local-size: 1024
device-name: Tesla P100-PCIE-12GB
sycl-implementation: hipSYCL
VERIFICATION FAILED for element 0,0: 0.000000 != 1.000000
throughput-metric: N/A
kernel-time-mean: N/A
kernel-time-stddev: N/A
kernel-time-median: N/A
kernel-time-min: N/A
kernel-time-samples: N/A
kernel-time-throughput: N/A
run-time-mean: 0.000054 [s]
run-time-stddev: 0.000000 [s]
run-time-median: 0.000054 [s]
run-time-min: 0.000054 [s]
run-time-samples: "0.000054"
run-time-throughput: N/A
Verification: FAIL

 Performance counter stats for './matmul_wgp --size=1024 --local=1024 --num-runs=100':

           3163976      cache-references
           1109534      cache-misses              #   35.068 % of all cache refs

       0.162543877 seconds time elapsed

root@whale:/workspace/codes/sycl-bench/test-new-build-hipsycl-cuda#

